
===========================================================================
report_checks -unconstrained
===========================================================================
======================= nom_ss_100C_1v60 Corner ===================================

Startpoint: arst_n (input port clocked by wr_clk)
Endpoint: _1131_ (recovery check against rising-edge clock wr_clk)
Path Group: asynchronous
Path Type: max

Fanout         Cap        Slew       Delay        Time   Description
---------------------------------------------------------------------------------------------
                      0.150000    0.000000    0.000000   clock wr_clk (rise edge)
                                  0.000000    0.000000   clock network delay (ideal)
                                  2.000000    2.000000 ^ input external delay
    50    0.163166    1.172122    0.818662    2.818662 ^ arst_n (in)
                                                         arst_n (net)
                      1.172122    0.000000    2.818662 ^ _1131_/RESET_B (sky130_fd_sc_hd__dfrtp_2)
                                              2.818662   data arrival time

                      0.150000   10.000000   10.000000   clock wr_clk (rise edge)
                                  0.000000   10.000000   clock network delay (ideal)
                                 -0.250000    9.750000   clock uncertainty
                                  0.000000    9.750000   clock reconvergence pessimism
                                              9.750000 ^ _1131_/CLK (sky130_fd_sc_hd__dfrtp_2)
                                  0.002896    9.752896   library recovery time
                                              9.752896   data required time
---------------------------------------------------------------------------------------------
                                              9.752896   data required time
                                             -2.818662   data arrival time
---------------------------------------------------------------------------------------------
                                              6.934234   slack (MET)


Startpoint: wr_en (input port clocked by wr_clk)
Endpoint: _1170_ (rising edge-triggered flip-flop clocked by wr_clk)
Path Group: wr_clk
Path Type: max

Fanout         Cap        Slew       Delay        Time   Description
---------------------------------------------------------------------------------------------
                      0.150000    0.000000    0.000000   clock wr_clk (rise edge)
                                  0.000000    0.000000   clock network delay (ideal)
                                  2.000000    2.000000 ^ input external delay
     2    0.006026    0.056065    0.032627    2.032627 ^ wr_en (in)
                                                         wr_en (net)
                      0.056065    0.000000    2.032627 ^ _0592_/B_N (sky130_fd_sc_hd__nor2b_2)
     4    0.019321    0.377576    0.419010    2.451638 ^ _0592_/Y (sky130_fd_sc_hd__nor2b_2)
                                                         _0233_ (net)
                      0.377576    0.000000    2.451638 ^ _0597_/B (sky130_fd_sc_hd__nand2_2)
     6    0.015194    0.167290    0.273883    2.725521 v _0597_/Y (sky130_fd_sc_hd__nand2_2)
                                                         _0237_ (net)
                      0.167290    0.000000    2.725521 v _0659_/B (sky130_fd_sc_hd__or3_2)
     1    0.001996    0.155805    1.057579    3.783099 v _0659_/X (sky130_fd_sc_hd__or3_2)
                                                         _0289_ (net)
                      0.155805    0.000000    3.783099 v _0660_/A (sky130_fd_sc_hd__buf_1)
     9    0.033481    0.379419    0.449396    4.232495 v _0660_/X (sky130_fd_sc_hd__buf_1)
                                                         _0290_ (net)
                      0.379419    0.000000    4.232495 v _0975_/S (sky130_fd_sc_hd__mux2_1)
     1    0.001996    0.104940    0.799670    5.032165 v _0975_/X (sky130_fd_sc_hd__mux2_1)
                                                         _0476_ (net)
                      0.104940    0.000000    5.032165 v _0976_/A (sky130_fd_sc_hd__buf_1)
     1    0.001577    0.039732    0.164787    5.196952 v _0976_/X (sky130_fd_sc_hd__buf_1)
                                                         _0120_ (net)
                      0.039732    0.000000    5.196952 v _1170_/D (sky130_fd_sc_hd__dfxtp_2)
                                              5.196952   data arrival time

                      0.150000   10.000000   10.000000   clock wr_clk (rise edge)
                                  0.000000   10.000000   clock network delay (ideal)
                                 -0.250000    9.750000   clock uncertainty
                                  0.000000    9.750000   clock reconvergence pessimism
                                              9.750000 ^ _1170_/CLK (sky130_fd_sc_hd__dfxtp_2)
                                 -0.240153    9.509847   library setup time
                                              9.509847   data required time
---------------------------------------------------------------------------------------------
                                              9.509847   data required time
                                             -5.196952   data arrival time
---------------------------------------------------------------------------------------------
                                              4.312894   slack (MET)




===========================================================================
report_checks --slack_max -0.01
============================================================================
======================= nom_ss_100C_1v60 Corner ===================================

No paths found.


===========================================================================
 report_check_types -max_slew -max_cap -max_fanout -violators
============================================================================
======================= nom_ss_100C_1v60 Corner ===================================

max slew

Pin                                        Limit        Slew       Slack
------------------------------------------------------------------------
_0540_/C1                               0.750000    1.555026   -0.805026 (VIOLATED)
_0544_/B                                0.750000    1.555026   -0.805026 (VIOLATED)
_0558_/A                                0.750000    1.555026   -0.805026 (VIOLATED)
_0560_/B                                0.750000    1.555026   -0.805026 (VIOLATED)
_0566_/B                                0.750000    1.555026   -0.805026 (VIOLATED)
_0577_/A                                0.750000    1.555026   -0.805026 (VIOLATED)
_0578_/A                                0.750000    1.555026   -0.805026 (VIOLATED)
_0627_/A                                0.750000    1.555026   -0.805026 (VIOLATED)
_0629_/A                                0.750000    1.555026   -0.805026 (VIOLATED)
_0650_/A1                               0.750000    1.555026   -0.805026 (VIOLATED)
_0651_/A                                0.750000    1.555026   -0.805026 (VIOLATED)
_0664_/A1                               0.750000    1.555026   -0.805026 (VIOLATED)
_0675_/S0                               0.750000    1.555026   -0.805026 (VIOLATED)
_0676_/S0                               0.750000    1.555026   -0.805026 (VIOLATED)
_0677_/S0                               0.750000    1.555026   -0.805026 (VIOLATED)
_0678_/S0                               0.750000    1.555026   -0.805026 (VIOLATED)
_0682_/S0                               0.750000    1.555026   -0.805026 (VIOLATED)
_0683_/S0                               0.750000    1.555026   -0.805026 (VIOLATED)
_0684_/S0                               0.750000    1.555026   -0.805026 (VIOLATED)
_0685_/S0                               0.750000    1.555026   -0.805026 (VIOLATED)
_0689_/S0                               0.750000    1.555026   -0.805026 (VIOLATED)
_0690_/S0                               0.750000    1.555026   -0.805026 (VIOLATED)
_0691_/S0                               0.750000    1.555026   -0.805026 (VIOLATED)
_0692_/S0                               0.750000    1.555026   -0.805026 (VIOLATED)
_0696_/S0                               0.750000    1.555026   -0.805026 (VIOLATED)
_0697_/S0                               0.750000    1.555026   -0.805026 (VIOLATED)
_0698_/S0                               0.750000    1.555026   -0.805026 (VIOLATED)
_0699_/S0                               0.750000    1.555026   -0.805026 (VIOLATED)
_0703_/S0                               0.750000    1.555026   -0.805026 (VIOLATED)
_0704_/S0                               0.750000    1.555026   -0.805026 (VIOLATED)
_0705_/S0                               0.750000    1.555026   -0.805026 (VIOLATED)
_0706_/S0                               0.750000    1.555026   -0.805026 (VIOLATED)
_0710_/S0                               0.750000    1.555026   -0.805026 (VIOLATED)
_0711_/S0                               0.750000    1.555026   -0.805026 (VIOLATED)
_0712_/S0                               0.750000    1.555026   -0.805026 (VIOLATED)
_0713_/S0                               0.750000    1.555026   -0.805026 (VIOLATED)
_0717_/S0                               0.750000    1.555026   -0.805026 (VIOLATED)
_0718_/S0                               0.750000    1.555026   -0.805026 (VIOLATED)
_0719_/S0                               0.750000    1.555026   -0.805026 (VIOLATED)
_0720_/S0                               0.750000    1.555026   -0.805026 (VIOLATED)
_0724_/S0                               0.750000    1.555026   -0.805026 (VIOLATED)
_0725_/S0                               0.750000    1.555026   -0.805026 (VIOLATED)
_0726_/S0                               0.750000    1.555026   -0.805026 (VIOLATED)
_0727_/S0                               0.750000    1.555026   -0.805026 (VIOLATED)
_1122_/Q                                0.750000    1.555026   -0.805026 (VIOLATED)
arst_n                                  0.750000    1.172122   -0.422122 (VIOLATED)
_1008_/RESET_B                          0.750000    1.172122   -0.422122 (VIOLATED)
_1009_/RESET_B                          0.750000    1.172122   -0.422122 (VIOLATED)
_1010_/RESET_B                          0.750000    1.172122   -0.422122 (VIOLATED)
_1011_/RESET_B                          0.750000    1.172122   -0.422122 (VIOLATED)
_1012_/RESET_B                          0.750000    1.172122   -0.422122 (VIOLATED)
_1013_/RESET_B                          0.750000    1.172122   -0.422122 (VIOLATED)
_1014_/RESET_B                          0.750000    1.172122   -0.422122 (VIOLATED)
_1015_/RESET_B                          0.750000    1.172122   -0.422122 (VIOLATED)
_1112_/SET_B                            0.750000    1.172122   -0.422122 (VIOLATED)
_1121_/SET_B                            0.750000    1.172122   -0.422122 (VIOLATED)
_1122_/RESET_B                          0.750000    1.172122   -0.422122 (VIOLATED)
_1123_/RESET_B                          0.750000    1.172122   -0.422122 (VIOLATED)
_1124_/RESET_B                          0.750000    1.172122   -0.422122 (VIOLATED)
_1125_/RESET_B                          0.750000    1.172122   -0.422122 (VIOLATED)
_1126_/RESET_B                          0.750000    1.172122   -0.422122 (VIOLATED)
_1127_/RESET_B                          0.750000    1.172122   -0.422122 (VIOLATED)
_1128_/RESET_B                          0.750000    1.172122   -0.422122 (VIOLATED)
_1129_/RESET_B                          0.750000    1.172122   -0.422122 (VIOLATED)
_1130_/RESET_B                          0.750000    1.172122   -0.422122 (VIOLATED)
_1131_/RESET_B                          0.750000    1.172122   -0.422122 (VIOLATED)
_1132_/RESET_B                          0.750000    1.172122   -0.422122 (VIOLATED)
_1133_/RESET_B                          0.750000    1.172122   -0.422122 (VIOLATED)
_1134_/RESET_B                          0.750000    1.172122   -0.422122 (VIOLATED)
_1135_/RESET_B                          0.750000    1.172122   -0.422122 (VIOLATED)
_1136_/RESET_B                          0.750000    1.172122   -0.422122 (VIOLATED)
_1137_/RESET_B                          0.750000    1.172122   -0.422122 (VIOLATED)
_1146_/RESET_B                          0.750000    1.172122   -0.422122 (VIOLATED)
_1147_/RESET_B                          0.750000    1.172122   -0.422122 (VIOLATED)
_1148_/RESET_B                          0.750000    1.172122   -0.422122 (VIOLATED)
_1149_/RESET_B                          0.750000    1.172122   -0.422122 (VIOLATED)
_1150_/RESET_B                          0.750000    1.172122   -0.422122 (VIOLATED)
_1151_/RESET_B                          0.750000    1.172122   -0.422122 (VIOLATED)
_1152_/RESET_B                          0.750000    1.172122   -0.422122 (VIOLATED)
_1153_/RESET_B                          0.750000    1.172122   -0.422122 (VIOLATED)
_1154_/RESET_B                          0.750000    1.172122   -0.422122 (VIOLATED)
_1155_/RESET_B                          0.750000    1.172122   -0.422122 (VIOLATED)
_1156_/RESET_B                          0.750000    1.172122   -0.422122 (VIOLATED)
_1157_/RESET_B                          0.750000    1.172122   -0.422122 (VIOLATED)
_1158_/RESET_B                          0.750000    1.172122   -0.422122 (VIOLATED)
_1159_/RESET_B                          0.750000    1.172122   -0.422122 (VIOLATED)
_1160_/RESET_B                          0.750000    1.172122   -0.422122 (VIOLATED)
_1161_/RESET_B                          0.750000    1.172122   -0.422122 (VIOLATED)
_1162_/RESET_B                          0.750000    1.172122   -0.422122 (VIOLATED)
_1163_/RESET_B                          0.750000    1.172122   -0.422122 (VIOLATED)
_1164_/RESET_B                          0.750000    1.172122   -0.422122 (VIOLATED)
_1165_/RESET_B                          0.750000    1.172122   -0.422122 (VIOLATED)
_1166_/RESET_B                          0.750000    1.172122   -0.422122 (VIOLATED)
_1167_/RESET_B                          0.750000    1.172122   -0.422122 (VIOLATED)
_1168_/RESET_B                          0.750000    1.172122   -0.422122 (VIOLATED)
_1169_/RESET_B                          0.750000    1.172122   -0.422122 (VIOLATED)
_0540_/D1                               0.750000    1.130178   -0.380178 (VIOLATED)
_0545_/B2                               0.750000    1.130178   -0.380178 (VIOLATED)
_0561_/B1_N                             0.750000    1.130178   -0.380178 (VIOLATED)
_0562_/A                                0.750000    1.130178   -0.380178 (VIOLATED)
_0566_/C                                0.750000    1.130178   -0.380178 (VIOLATED)
_0571_/B                                0.750000    1.130178   -0.380178 (VIOLATED)
_0572_/B                                0.750000    1.130178   -0.380178 (VIOLATED)
_0574_/C                                0.750000    1.130178   -0.380178 (VIOLATED)
_0577_/B                                0.750000    1.130178   -0.380178 (VIOLATED)
_0578_/B_N                              0.750000    1.130178   -0.380178 (VIOLATED)
_0628_/A                                0.750000    1.130178   -0.380178 (VIOLATED)
_0629_/B                                0.750000    1.130178   -0.380178 (VIOLATED)
_0647_/B2                               0.750000    1.130178   -0.380178 (VIOLATED)
_0648_/A                                0.750000    1.130178   -0.380178 (VIOLATED)
_0650_/B1                               0.750000    1.130178   -0.380178 (VIOLATED)
_0651_/B                                0.750000    1.130178   -0.380178 (VIOLATED)
_0664_/B1                               0.750000    1.130178   -0.380178 (VIOLATED)
_0675_/S1                               0.750000    1.130178   -0.380178 (VIOLATED)
_0676_/S1                               0.750000    1.130178   -0.380178 (VIOLATED)
_0677_/S1                               0.750000    1.130178   -0.380178 (VIOLATED)
_0678_/S1                               0.750000    1.130178   -0.380178 (VIOLATED)
_0682_/S1                               0.750000    1.130178   -0.380178 (VIOLATED)
_0683_/S1                               0.750000    1.130178   -0.380178 (VIOLATED)
_0684_/S1                               0.750000    1.130178   -0.380178 (VIOLATED)
_0685_/S1                               0.750000    1.130178   -0.380178 (VIOLATED)
_0689_/S1                               0.750000    1.130178   -0.380178 (VIOLATED)
_0690_/S1                               0.750000    1.130178   -0.380178 (VIOLATED)
_0691_/S1                               0.750000    1.130178   -0.380178 (VIOLATED)
_0692_/S1                               0.750000    1.130178   -0.380178 (VIOLATED)
_0696_/S1                               0.750000    1.130178   -0.380178 (VIOLATED)
_0697_/S1                               0.750000    1.130178   -0.380178 (VIOLATED)
_0698_/S1                               0.750000    1.130178   -0.380178 (VIOLATED)
_0699_/S1                               0.750000    1.130178   -0.380178 (VIOLATED)
_0703_/S1                               0.750000    1.130178   -0.380178 (VIOLATED)
_0704_/S1                               0.750000    1.130178   -0.380178 (VIOLATED)
_0705_/S1                               0.750000    1.130178   -0.380178 (VIOLATED)
_0706_/S1                               0.750000    1.130178   -0.380178 (VIOLATED)
_0710_/S1                               0.750000    1.130178   -0.380178 (VIOLATED)
_0711_/S1                               0.750000    1.130178   -0.380178 (VIOLATED)
_0712_/S1                               0.750000    1.130178   -0.380178 (VIOLATED)
_0713_/S1                               0.750000    1.130178   -0.380178 (VIOLATED)
_0717_/S1                               0.750000    1.130178   -0.380178 (VIOLATED)
_0718_/S1                               0.750000    1.130178   -0.380178 (VIOLATED)
_0719_/S1                               0.750000    1.130178   -0.380178 (VIOLATED)
_0720_/S1                               0.750000    1.130178   -0.380178 (VIOLATED)
_0724_/S1                               0.750000    1.130178   -0.380178 (VIOLATED)
_0725_/S1                               0.750000    1.130178   -0.380178 (VIOLATED)
_0726_/S1                               0.750000    1.130178   -0.380178 (VIOLATED)
_0727_/S1                               0.750000    1.130178   -0.380178 (VIOLATED)
_1123_/Q                                0.750000    1.130178   -0.380178 (VIOLATED)

max fanout

Pin                                   Limit Fanout  Slack
---------------------------------------------------------
arst_n                                   10     50    -40 (VIOLATED)
_1123_/Q                                 10     49    -39 (VIOLATED)
_1122_/Q                                 10     44    -34 (VIOLATED)
rd_clk                                   10     29    -19 (VIOLATED)
_1124_/Q                                 10     19     -9 (VIOLATED)
_1135_/Q                                 10     19     -9 (VIOLATED)
wr_data[0]                               10     16     -6 (VIOLATED)
wr_data[1]                               10     16     -6 (VIOLATED)
wr_data[2]                               10     16     -6 (VIOLATED)
wr_data[3]                               10     16     -6 (VIOLATED)
wr_data[4]                               10     16     -6 (VIOLATED)
wr_data[5]                               10     16     -6 (VIOLATED)
wr_data[6]                               10     16     -6 (VIOLATED)
wr_data[7]                               10     16     -6 (VIOLATED)
_1136_/Q                                 10     15     -5 (VIOLATED)
_1125_/Q                                 10     14     -4 (VIOLATED)
_1133_/Q                                 10     11        (VIOLATED)

max capacitance

Pin                                        Limit         Cap       Slack
------------------------------------------------------------------------
_1122_/Q                                0.200000    0.211433   -0.011433 (VIOLATED)



===========================================================================
report_parasitic_annotation -report_unannotated
============================================================================
Found 716 unannotated drivers.
 aempty_threshold[0]
 aempty_threshold[1]
 aempty_threshold[2]
 aempty_threshold[3]
 aempty_threshold[4]
 afull_threshold[0]
 afull_threshold[1]
 afull_threshold[2]
 afull_threshold[3]
 afull_threshold[4]
 arst_n
 rd_clk
 rd_en
 wr_clk
 wr_data[0]
 wr_data[1]
 wr_data[2]
 wr_data[3]
 wr_data[4]
 wr_data[5]
 wr_data[6]
 wr_data[7]
 wr_en
 _0493_/X
 _0494_/Y
 _0495_/X
 _0496_/X
 _0497_/Y
 _0498_/X
 _0499_/X
 _0500_/Y
 _0501_/Y
 _0502_/Y
 _0503_/X
 _0504_/X
 _0505_/Y
 _0506_/X
 _0507_/Y
 _0508_/Y
 _0509_/Y
 _0510_/Y
 _0511_/X
 _0512_/Y
 _0513_/X
 _0514_/Y
 _0515_/X
 _0516_/X
 _0517_/Y
 _0518_/X
 _0519_/Y
 _0520_/X
 _0521_/X
 _0522_/X
 _0523_/X
 _0524_/X
 _0525_/X
 _0526_/X
 _0527_/Y
 _0528_/X
 _0529_/X
 _0530_/Y
 _0531_/Y
 _0532_/X
 _0533_/X
 _0534_/X
 _0535_/X
 _0536_/X
 _0537_/Y
 _0538_/Y
 _0539_/X
 _0540_/Y
 _0541_/X
 _0542_/Y
 _0543_/Y
 _0544_/X
 _0545_/X
 _0546_/Y
 _0547_/Y
 _0548_/X
 _0549_/Y
 _0550_/Y
 _0551_/Y
 _0552_/X
 _0553_/X
 _0554_/X
 _0555_/X
 _0556_/Y
 _0557_/X
 _0558_/Y
 _0559_/X
 _0560_/Y
 _0561_/Y
 _0562_/Y
 _0563_/X
 _0564_/Y
 _0565_/Y
 _0566_/X
 _0567_/Y
 _0568_/Y
 _0569_/Y
 _0570_/Y
 _0571_/Y
 _0572_/X
 _0573_/X
 _0574_/X
 _0575_/X
 _0576_/X
 _0577_/X
 _0578_/X
 _0579_/X
 _0580_/X
 _0581_/X
 _0582_/X
 _0583_/X
 _0584_/Y
 _0585_/Y
 _0586_/X
 _0587_/X
 _0588_/X
 _0589_/X
 _0590_/X
 _0591_/X
 _0592_/Y
 _0593_/Y
 _0594_/Y
 _0595_/Y
 _0596_/Y
 _0597_/Y
 _0598_/Y
 _0599_/Y
 _0600_/Y
 _0601_/X
 _0602_/Y
 _0603_/Y
 _0604_/X
 _0605_/X
 _0606_/Y
 _0607_/X
 _0608_/Y
 _0609_/Y
 _0610_/X
 _0611_/X
 _0612_/X
 _0613_/Y
 _0614_/X
 _0615_/X
 _0616_/X
 _0617_/X
 _0618_/X
 _0619_/Y
 _0620_/X
 _0621_/X
 _0622_/X
 _0623_/X
 _0624_/X
 _0625_/Y
 _0626_/Y
 _0627_/Y
 _0628_/Y
 _0629_/X
 _0630_/X
 _0631_/X
 _0632_/Y
 _0633_/X
 _0634_/Y
 _0635_/X
 _0636_/Y
 _0637_/Y
 _0638_/Y
 _0639_/X
 _0640_/X
 _0641_/X
 _0642_/Y
 _0643_/X
 _0644_/X
 _0645_/X
 _0646_/X
 _0647_/X
 _0648_/X
 _0649_/X
 _0650_/Y
 _0651_/X
 _0652_/Y
 _0653_/X
 _0654_/Y
 _0655_/X
 _0656_/Y
 _0657_/Y
 _0658_/Y
 _0659_/X
 _0660_/X
 _0661_/Y
 _0662_/X
 _0663_/X
 _0664_/Y
 _0665_/Y
 _0666_/Y
 _0667_/Y
 _0668_/Y
 _0669_/X
 _0670_/Y
 _0671_/Y
 _0672_/Y
 _0673_/Y
 _0674_/Y
 _0675_/X
 _0676_/X
 _0677_/X
 _0678_/X
 _0679_/X
 _0680_/X
 _0681_/X
 _0682_/X
 _0683_/X
 _0684_/X
 _0685_/X
 _0686_/X
 _0687_/X
 _0688_/X
 _0689_/X
 _0690_/X
 _0691_/X
 _0692_/X
 _0693_/X
 _0694_/X
 _0695_/X
 _0696_/X
 _0697_/X
 _0698_/X
 _0699_/X
 _0700_/X
 _0701_/X
 _0702_/X
 _0703_/X
 _0704_/X
 _0705_/X
 _0706_/X
 _0707_/X
 _0708_/X
 _0709_/X
 _0710_/X
 _0711_/X
 _0712_/X
 _0713_/X
 _0714_/X
 _0715_/X
 _0716_/X
 _0717_/X
 _0718_/X
 _0719_/X
 _0720_/X
 _0721_/X
 _0722_/X
 _0723_/X
 _0724_/X
 _0725_/X
 _0726_/X
 _0727_/X
 _0728_/X
 _0729_/X
 _0730_/X
 _0731_/X
 _0732_/Y
 _0733_/X
 _0734_/X
 _0735_/X
 _0736_/X
 _0737_/X
 _0738_/X
 _0739_/X
 _0740_/X
 _0741_/X
 _0742_/X
 _0743_/X
 _0744_/X
 _0745_/X
 _0746_/X
 _0747_/X
 _0748_/X
 _0749_/Y
 _0750_/X
 _0751_/X
 _0752_/X
 _0753_/X
 _0754_/X
 _0755_/X
 _0756_/X
 _0757_/X
 _0758_/X
 _0759_/X
 _0760_/X
 _0761_/X
 _0762_/X
 _0763_/X
 _0764_/X
 _0765_/X
 _0766_/X
 _0767_/Y
 _0768_/X
 _0769_/X
 _0770_/X
 _0771_/X
 _0772_/X
 _0773_/X
 _0774_/X
 _0775_/X
 _0776_/X
 _0777_/X
 _0778_/X
 _0779_/X
 _0780_/X
 _0781_/X
 _0782_/X
 _0783_/X
 _0784_/X
 _0785_/X
 _0786_/X
 _0787_/X
 _0788_/X
 _0789_/X
 _0790_/X
 _0791_/X
 _0792_/X
 _0793_/X
 _0794_/X
 _0795_/X
 _0796_/X
 _0797_/X
 _0798_/X
 _0799_/X
 _0800_/X
 _0801_/X
 _0802_/X
 _0803_/X
 _0804_/Y
 _0805_/X
 _0806_/X
 _0807_/X
 _0808_/X
 _0809_/X
 _0810_/X
 _0811_/X
 _0812_/X
 _0813_/X
 _0814_/X
 _0815_/X
 _0816_/X
 _0817_/X
 _0818_/X
 _0819_/X
 _0820_/X
 _0821_/Y
 _0822_/X
 _0823_/X
 _0824_/X
 _0825_/X
 _0826_/X
 _0827_/X
 _0828_/X
 _0829_/X
 _0830_/X
 _0831_/X
 _0832_/X
 _0833_/X
 _0834_/X
 _0835_/X
 _0836_/X
 _0837_/X
 _0838_/Y
 _0839_/X
 _0840_/X
 _0841_/X
 _0842_/X
 _0843_/X
 _0844_/X
 _0845_/X
 _0846_/X
 _0847_/X
 _0848_/X
 _0849_/X
 _0850_/X
 _0851_/X
 _0852_/X
 _0853_/X
 _0854_/X
 _0855_/Y
 _0856_/X
 _0857_/X
 _0858_/X
 _0859_/X
 _0860_/X
 _0861_/X
 _0862_/X
 _0863_/X
 _0864_/X
 _0865_/X
 _0866_/X
 _0867_/X
 _0868_/X
 _0869_/X
 _0870_/X
 _0871_/X
 _0872_/X
 _0873_/X
 _0874_/X
 _0875_/X
 _0876_/X
 _0877_/X
 _0878_/X
 _0879_/X
 _0880_/X
 _0881_/X
 _0882_/X
 _0883_/X
 _0884_/X
 _0885_/X
 _0886_/X
 _0887_/X
 _0888_/X
 _0889_/Y
 _0890_/X
 _0891_/X
 _0892_/X
 _0893_/X
 _0894_/X
 _0895_/X
 _0896_/X
 _0897_/X
 _0898_/X
 _0899_/X
 _0900_/X
 _0901_/X
 _0902_/X
 _0903_/X
 _0904_/X
 _0905_/X
 _0906_/Y
 _0907_/X
 _0908_/X
 _0909_/X
 _0910_/X
 _0911_/X
 _0912_/X
 _0913_/X
 _0914_/X
 _0915_/X
 _0916_/X
 _0917_/X
 _0918_/X
 _0919_/X
 _0920_/X
 _0921_/X
 _0922_/X
 _0923_/X
 _0924_/X
 _0925_/X
 _0926_/X
 _0927_/X
 _0928_/X
 _0929_/X
 _0930_/X
 _0931_/X
 _0932_/X
 _0933_/X
 _0934_/X
 _0935_/X
 _0936_/X
 _0937_/X
 _0938_/X
 _0939_/X
 _0940_/X
 _0941_/Y
 _0942_/X
 _0943_/X
 _0944_/X
 _0945_/X
 _0946_/X
 _0947_/X
 _0948_/X
 _0949_/X
 _0950_/X
 _0951_/X
 _0952_/X
 _0953_/X
 _0954_/X
 _0955_/X
 _0956_/X
 _0957_/X
 _0958_/Y
 _0959_/X
 _0960_/X
 _0961_/X
 _0962_/X
 _0963_/X
 _0964_/X
 _0965_/X
 _0966_/X
 _0967_/X
 _0968_/X
 _0969_/X
 _0970_/X
 _0971_/X
 _0972_/X
 _0973_/X
 _0974_/X
 _0975_/X
 _0976_/X
 _0977_/X
 _0978_/X
 _0979_/X
 _0980_/X
 _0981_/X
 _0982_/X
 _0983_/X
 _0984_/X
 _0985_/X
 _0986_/X
 _0987_/X
 _0988_/X
 _0989_/X
 _0990_/X
 _0991_/Y
 _0992_/X
 _0993_/X
 _0994_/X
 _0995_/X
 _0996_/X
 _0997_/X
 _0998_/X
 _0999_/X
 _1000_/X
 _1001_/X
 _1002_/X
 _1003_/X
 _1004_/X
 _1005_/X
 _1006_/X
 _1007_/X
 _1008_/Q
 _1009_/Q
 _1010_/Q
 _1011_/Q
 _1012_/Q
 _1013_/Q
 _1014_/Q
 _1015_/Q
 _1016_/Q
 _1017_/Q
 _1018_/Q
 _1019_/Q
 _1020_/Q
 _1021_/Q
 _1022_/Q
 _1023_/Q
 _1024_/Q
 _1025_/Q
 _1026_/Q
 _1027_/Q
 _1028_/Q
 _1029_/Q
 _1030_/Q
 _1031_/Q
 _1032_/Q
 _1033_/Q
 _1034_/Q
 _1035_/Q
 _1036_/Q
 _1037_/Q
 _1038_/Q
 _1039_/Q
 _1040_/Q
 _1041_/Q
 _1042_/Q
 _1043_/Q
 _1044_/Q
 _1045_/Q
 _1046_/Q
 _1047_/Q
 _1048_/Q
 _1049_/Q
 _1050_/Q
 _1051_/Q
 _1052_/Q
 _1053_/Q
 _1054_/Q
 _1055_/Q
 _1056_/Q
 _1057_/Q
 _1058_/Q
 _1059_/Q
 _1060_/Q
 _1061_/Q
 _1062_/Q
 _1063_/Q
 _1064_/Q
 _1065_/Q
 _1066_/Q
 _1067_/Q
 _1068_/Q
 _1069_/Q
 _1070_/Q
 _1071_/Q
 _1072_/Q
 _1073_/Q
 _1074_/Q
 _1075_/Q
 _1076_/Q
 _1077_/Q
 _1078_/Q
 _1079_/Q
 _1080_/Q
 _1081_/Q
 _1082_/Q
 _1083_/Q
 _1084_/Q
 _1085_/Q
 _1086_/Q
 _1087_/Q
 _1088_/Q
 _1089_/Q
 _1090_/Q
 _1091_/Q
 _1092_/Q
 _1093_/Q
 _1094_/Q
 _1095_/Q
 _1096_/Q
 _1097_/Q
 _1098_/Q
 _1099_/Q
 _1100_/Q
 _1101_/Q
 _1102_/Q
 _1103_/Q
 _1104_/Q
 _1105_/Q
 _1106_/Q
 _1107_/Q
 _1108_/Q
 _1109_/Q
 _1110_/Q
 _1111_/Q
 _1112_/Q
 _1113_/Q
 _1114_/Q
 _1115_/Q
 _1116_/Q
 _1117_/Q
 _1118_/Q
 _1119_/Q
 _1120_/Q
 _1121_/Q
 _1122_/Q
 _1123_/Q
 _1124_/Q
 _1125_/Q
 _1126_/Q
 _1127_/Q
 _1128_/Q
 _1129_/Q
 _1130_/Q
 _1131_/Q
 _1132_/Q
 _1133_/Q
 _1134_/Q
 _1135_/Q
 _1136_/Q
 _1137_/Q
 _1138_/Q
 _1139_/Q
 _1140_/Q
 _1141_/Q
 _1142_/Q
 _1143_/Q
 _1144_/Q
 _1145_/Q
 _1146_/Q
 _1147_/Q
 _1148_/Q
 _1149_/Q
 _1150_/Q
 _1151_/Q
 _1152_/Q
 _1153_/Q
 _1154_/Q
 _1155_/Q
 _1156_/Q
 _1157_/Q
 _1158_/Q
 _1159_/Q
 _1160_/Q
 _1161_/Q
 _1162_/Q
 _1163_/Q
 _1164_/Q
 _1165_/Q
 _1166_/Q
 _1167_/Q
 _1168_/Q
 _1169_/Q
 _1170_/Q
 _1171_/Q
 _1172_/Q
 _1173_/Q
 _1174_/Q
 _1175_/Q
 _1176_/Q
 _1177_/Q
 _1178_/Q
 _1179_/Q
 _1180_/Q
 _1181_/Q
 _1182_/Q
 _1183_/Q
 _1184_/Q
 _1185_/Q
Found 0 partially unannotated drivers.

===========================================================================
max slew violation count 146
max fanout violation count 17
max cap violation count 1
============================================================================

===========================================================================
check_setup -verbose -unconstrained_endpoints -multiple_clock -no_clock -no_input_delay -loops -generated_clocks
===========================================================================
Warning: There are 29 unclocked register/latch pins.
  _1008_/CLK
  _1009_/CLK
  _1010_/CLK
  _1011_/CLK
  _1012_/CLK
  _1013_/CLK
  _1014_/CLK
  _1015_/CLK
  _1112_/CLK
  _1121_/CLK
  _1122_/CLK
  _1123_/CLK
  _1124_/CLK
  _1125_/CLK
  _1126_/CLK
  _1127_/CLK
  _1128_/CLK
  _1129_/CLK
  _1130_/CLK
  _1150_/CLK
  _1151_/CLK
  _1152_/CLK
  _1153_/CLK
  _1154_/CLK
  _1155_/CLK
  _1156_/CLK
  _1157_/CLK
  _1158_/CLK
  _1159_/CLK
Warning: There are 44 unconstrained endpoints.
  aempty
  empty
  rd_data[0]
  rd_data[1]
  rd_data[2]
  rd_data[3]
  rd_data[4]
  rd_data[5]
  rd_data[6]
  rd_data[7]
  _1008_/D
  _1009_/D
  _1010_/D
  _1011_/D
  _1012_/D
  _1013_/D
  _1014_/D
  _1015_/D
  _1112_/D
  _1121_/D
  _1122_/D
  _1123_/D
  _1124_/D
  _1125_/D
  _1126_/D
  _1127_/D
  _1128_/D
  _1129_/D
  _1130_/D
  _1150_/D
  _1151_/D
  _1152_/D
  _1153_/D
  _1154_/D
  _1155_/D
  _1156_/D
  _1157_/D
  _1158_/D
  _1159_/D
  _1160_/D
  _1161_/D
  _1162_/D
  _1163_/D
  _1164_/D
