
===========================================================================
 report_power
============================================================================
======================= nom_ss_100C_1v60 Corner ===================================

Group                    Internal    Switching      Leakage        Total
                            Power        Power        Power        Power (Watts)
------------------------------------------------------------------------
Sequential           8.010776e-04 2.588128e-04 2.953757e-06 1.062844e-03  48.0%
Combinational        8.688462e-04 2.809525e-04 3.046818e-06 1.152846e-03  52.0%
Clock                0.000000e+00 0.000000e+00 0.000000e+00 0.000000e+00   0.0%
Macro                0.000000e+00 0.000000e+00 0.000000e+00 0.000000e+00   0.0%
Pad                  0.000000e+00 0.000000e+00 0.000000e+00 0.000000e+00   0.0%
------------------------------------------------------------------------
Total                1.669925e-03 5.397648e-04 6.000571e-06 2.215691e-03 100.0%
                            75.4%        24.4%         0.3%

