Reading OpenROAD database at '/home/angesh/async_fifo/runs/fifo_pd/69-openroad-globalplacementskipio/async_fifo.odb'…
Reading library file at '/home/angesh/.volare/volare/sky130/versions/0fe599b2afb6708d281543108caf8310912f54af/sky130A/libs.ref/sky130_fd_sc_hd/lib/sky130_fd_sc_hd__tt_025C_1v80.lib'…
Reading design constraints file at '/nix/store/h0ldzjka94yryiq8yxbxmwargpnmwhx6-python3-3.11.9-env/lib/python3.11/site-packages/openlane/scripts/base.sdc'…
[INFO] Using clock wr_clk…
[INFO] Setting output delay to: 2.0
[INFO] Setting input delay to: 2.0
[INFO] Setting load to: 0.033442
[INFO] Setting clock uncertainty to: 0.25
[INFO] Setting clock transition to: 0.1499999999999999944488848768742172978818416595458984375
[INFO] Setting timing derate to: 5%
[INFO] place_pins args: -min_distance 3
Found 0 macro blocks.
[INFO PPL-0010] Tentative 0 to set up sections.
[INFO PPL-0001] Number of slots           190
[INFO PPL-0002] Number of I/O             35
[INFO PPL-0003] Number of I/O w/sink      35
[INFO PPL-0004] Number of I/O w/o sink    0
[INFO PPL-0005] Slots per section         200
[INFO PPL-0006] Slots increase factor     0.01
[INFO PPL-0008] Successfully assigned pins to sections.
[INFO PPL-0012] I/O nets HPWL: 2155.93 um.
Setting global connections for newly added cells…
[INFO] Setting global connections...
Updating metrics…
Cell type report:                       Count       Area
  Fill cell                               102     382.87
  Tap cell                                265     331.57
  Inverter                                  9      33.78
  Sequential cell                         178    4036.37
  Multi-Input combinational cell          318    3809.90
  Total                                   872    8594.49
Writing OpenROAD database to '/home/angesh/async_fifo/runs/fifo_pd/70-openroad-ioplacement/async_fifo.odb'…
Writing netlist to '/home/angesh/async_fifo/runs/fifo_pd/70-openroad-ioplacement/async_fifo.nl.v'…
Writing powered netlist to '/home/angesh/async_fifo/runs/fifo_pd/70-openroad-ioplacement/async_fifo.pnl.v'…
Writing layout to '/home/angesh/async_fifo/runs/fifo_pd/70-openroad-ioplacement/async_fifo.def'…
Writing timing constraints to '/home/angesh/async_fifo/runs/fifo_pd/70-openroad-ioplacement/async_fifo.sdc'…
