Clock: wr_clk
Sources: wr_clk 
Generated: no
Virtual: no
Propagated: no
Period: 10.000000

===========================================================================
report_clock_properties
============================================================================
Clock                   Period          Waveform
----------------------------------------------------
wr_clk               10.000000    0.000000  5.000000

===========================================================================
report_clock_latency
============================================================================
Clock wr_clk
rise -> rise
    min     max
0.000000 0.000000 source latency
0.859247         network latency _766_/CLK
        2.171457 network latency _758_/CLK
---------------
0.859247 2.171457 latency
        1.312210 skew

rise -> fall
    min     max
0.000000 0.000000 source latency
2.079894         network latency _758_/CLK
        2.079894 network latency _758_/CLK
---------------
2.079894 2.079894 latency
        0.000000 skew

fall -> fall
    min     max
0.000000 0.000000 source latency
0.410414         network latency _766_/CLK
        0.410414 network latency _766_/CLK
---------------
0.410414 0.410414 latency
        0.000000 skew



===========================================================================
report_clock_min_period
============================================================================
wr_clk period_min = 2.40 fmax = 416.02
