
===========================================================================
 report_power
============================================================================
======================= nom_tt_025C_1v80 Corner ===================================

Group                    Internal    Switching      Leakage        Total
                            Power        Power        Power        Power (Watts)
------------------------------------------------------------------------
Sequential           1.018893e-03 2.833744e-04 1.621661e-09 1.302269e-03  54.6%
Combinational        7.471236e-04 3.339197e-04 1.599016e-09 1.081045e-03  45.4%
Clock                0.000000e+00 0.000000e+00 0.000000e+00 0.000000e+00   0.0%
Macro                0.000000e+00 0.000000e+00 0.000000e+00 0.000000e+00   0.0%
Pad                  0.000000e+00 0.000000e+00 0.000000e+00 0.000000e+00   0.0%
------------------------------------------------------------------------
Total                1.766017e-03 6.172932e-04 3.220680e-09 2.383313e-03 100.0%
                            74.1%        25.9%         0.0%

