
===========================================================================
report_checks -unconstrained
===========================================================================
======================= nom_tt_025C_1v80 Corner ===================================

Startpoint: arst_n (input port clocked by wr_clk)
Endpoint: _761_ (recovery check against rising-edge clock wr_clk)
Path Group: asynchronous
Path Type: max

Fanout         Cap        Slew       Delay        Time   Description
---------------------------------------------------------------------------------------------
                                  0.000000    0.000000   clock wr_clk (rise edge)
                                  0.000000    0.000000   clock network delay (propagated)
                                  2.000000    2.000000 ^ input external delay
     1    0.002809    0.019770    0.010350    2.010350 ^ arst_n (in)
                                                         arst_n (net)
                      0.019770    0.000000    2.010350 ^ input11/A (sky130_fd_sc_hd__clkbuf_1)
     1    0.002303    0.038687    0.067713    2.078063 ^ input11/X (sky130_fd_sc_hd__clkbuf_1)
                                                         net11 (net)
                      0.038687    0.000065    2.078128 ^ fanout76/A (sky130_fd_sc_hd__buf_2)
     5    0.039450    0.194336    0.211658    2.289786 ^ fanout76/X (sky130_fd_sc_hd__buf_2)
                                                         net76 (net)
                      0.194341    0.000822    2.290608 ^ fanout75/A (sky130_fd_sc_hd__buf_2)
     6    0.046123    0.225544    0.282831    2.573439 ^ fanout75/X (sky130_fd_sc_hd__buf_2)
                                                         net75 (net)
                      0.225547    0.000699    2.574138 ^ fanout74/A (sky130_fd_sc_hd__buf_2)
     7    0.039138    0.193354    0.269869    2.844007 ^ fanout74/X (sky130_fd_sc_hd__buf_2)
                                                         net74 (net)
                      0.193354    0.000602    2.844609 ^ fanout73/A (sky130_fd_sc_hd__clkbuf_4)
    10    0.048522    0.152909    0.266296    3.110905 ^ fanout73/X (sky130_fd_sc_hd__clkbuf_4)
                                                         net73 (net)
                      0.152909    0.000506    3.111411 ^ fanout72/A (sky130_fd_sc_hd__clkbuf_4)
    10    0.046464    0.146818    0.249049    3.360461 ^ fanout72/X (sky130_fd_sc_hd__clkbuf_4)
                                                         net72 (net)
                      0.146827    0.001269    3.361729 ^ _761_/RESET_B (sky130_fd_sc_hd__dfrtp_4)
                                              3.361729   data arrival time

                                 10.000000   10.000000   clock wr_clk (rise edge)
                                  0.000000   10.000000   clock source latency
     1    0.025507    0.119971    0.083844   10.083844 ^ wr_clk (in)
                                                         wr_clk (net)
                      0.120037    0.000000   10.083844 ^ clkbuf_0_wr_clk/A (sky130_fd_sc_hd__clkbuf_16)
    16    0.106960    0.121097    0.217558   10.301403 ^ clkbuf_0_wr_clk/X (sky130_fd_sc_hd__clkbuf_16)
                                                         clknet_0_wr_clk (net)
                      0.121256    0.002699   10.304102 ^ clkbuf_4_14_0_wr_clk/A (sky130_fd_sc_hd__clkbuf_8)
     6    0.035953    0.075553    0.179324   10.483426 ^ clkbuf_4_14_0_wr_clk/X (sky130_fd_sc_hd__clkbuf_8)
                                                         clknet_4_14_0_wr_clk (net)
                      0.075581    0.001381   10.484807 ^ _761_/CLK (sky130_fd_sc_hd__dfrtp_4)
                                 -0.250000   10.234807   clock uncertainty
                                  0.000000   10.234807   clock reconvergence pessimism
                                  0.193832   10.428639   library recovery time
                                             10.428639   data required time
---------------------------------------------------------------------------------------------
                                             10.428639   data required time
                                             -3.361729   data arrival time
---------------------------------------------------------------------------------------------
                                              7.066911   slack (MET)


Startpoint: wr_en (input port clocked by wr_clk)
Endpoint: _755_ (rising edge-triggered flip-flop clocked by wr_clk)
Path Group: wr_clk
Path Type: max

Fanout         Cap        Slew       Delay        Time   Description
---------------------------------------------------------------------------------------------
                                  0.000000    0.000000   clock wr_clk (rise edge)
                                  0.000000    0.000000   clock network delay (propagated)
                                  2.000000    2.000000 v input external delay
     1    0.003272    0.009730    0.005240    2.005240 v wr_en (in)
                                                         wr_en (net)
                      0.009730    0.000000    2.005240 v input22/A (sky130_fd_sc_hd__clkbuf_1)
     1    0.002019    0.022503    0.068300    2.073540 v input22/X (sky130_fd_sc_hd__clkbuf_1)
                                                         net22 (net)
                      0.022503    0.000056    2.073596 v _379_/B (sky130_fd_sc_hd__and2b_1)
     5    0.012642    0.074489    0.183902    2.257498 v _379_/X (sky130_fd_sc_hd__and2b_1)
                                                         _208_ (net)
                      0.074490    0.000370    2.257868 v _383_/C (sky130_fd_sc_hd__and3_2)
     5    0.020091    0.076008    0.266179    2.524047 v _383_/X (sky130_fd_sc_hd__and3_2)
                                                         _211_ (net)
                      0.076015    0.000774    2.524821 v _387_/B (sky130_fd_sc_hd__and2_1)
     4    0.019996    0.106972    0.233397    2.758218 v _387_/X (sky130_fd_sc_hd__and2_1)
                                                         _214_ (net)
                      0.106973    0.000426    2.758644 v _400_/B (sky130_fd_sc_hd__nand2_1)
     2    0.021299    0.201639    0.202623    2.961267 ^ _400_/Y (sky130_fd_sc_hd__nand2_1)
                                                         _222_ (net)
                      0.201639    0.000314    2.961581 ^ fanout35/A (sky130_fd_sc_hd__buf_4)
    10    0.079299    0.219928    0.288668    3.250249 ^ fanout35/X (sky130_fd_sc_hd__buf_4)
                                                         net35 (net)
                      0.220026    0.001892    3.252140 ^ _401_/B (sky130_fd_sc_hd__xnor2_1)
     1    0.002923    0.118052    0.145383    3.397523 ^ _401_/Y (sky130_fd_sc_hd__xnor2_1)
                                                         _223_ (net)
                      0.118052    0.000084    3.397607 ^ _402_/B (sky130_fd_sc_hd__nand2_1)
     1    0.002655    0.042449    0.065041    3.462647 v _402_/Y (sky130_fd_sc_hd__nand2_1)
                                                         _224_ (net)
                      0.042449    0.000081    3.462728 v _403_/C (sky130_fd_sc_hd__or4b_1)
     1    0.003022    0.084349    0.461172    3.923900 v _403_/X (sky130_fd_sc_hd__or4b_1)
                                                         _225_ (net)
                      0.084349    0.000090    3.923990 v _404_/B (sky130_fd_sc_hd__nor2_1)
     1    0.005003    0.112349    0.123412    4.047402 ^ _404_/Y (sky130_fd_sc_hd__nor2_1)
                                                         full_next (net)
                      0.112349    0.000201    4.047603 ^ _755_/D (sky130_fd_sc_hd__dfrtp_1)
                                              4.047603   data arrival time

                                 10.000000   10.000000   clock wr_clk (rise edge)
                                  0.000000   10.000000   clock source latency
     1    0.025507    0.119971    0.083844   10.083844 ^ wr_clk (in)
                                                         wr_clk (net)
                      0.120037    0.000000   10.083844 ^ clkbuf_0_wr_clk/A (sky130_fd_sc_hd__clkbuf_16)
    16    0.106960    0.121097    0.217558   10.301403 ^ clkbuf_0_wr_clk/X (sky130_fd_sc_hd__clkbuf_16)
                                                         clknet_0_wr_clk (net)
                      0.121239    0.002446   10.303848 ^ clkbuf_4_13_0_wr_clk/A (sky130_fd_sc_hd__clkbuf_8)
     8    0.042611    0.086001    0.187669   10.491518 ^ clkbuf_4_13_0_wr_clk/X (sky130_fd_sc_hd__clkbuf_8)
                                                         clknet_4_13_0_wr_clk (net)
                      0.086027    0.001433   10.492950 ^ _755_/CLK (sky130_fd_sc_hd__dfrtp_1)
                                 -0.250000   10.242950   clock uncertainty
                                  0.000000   10.242950   clock reconvergence pessimism
                                 -0.069067   10.173884   library setup time
                                             10.173884   data required time
---------------------------------------------------------------------------------------------
                                             10.173884   data required time
                                             -4.047603   data arrival time
---------------------------------------------------------------------------------------------
                                              6.126281   slack (MET)




===========================================================================
report_checks --slack_max -0.01
============================================================================
======================= nom_tt_025C_1v80 Corner ===================================

No paths found.


===========================================================================
 report_check_types -max_slew -max_cap -max_fanout -violators
============================================================================
======================= nom_tt_025C_1v80 Corner ===================================

max fanout

Pin                                   Limit Fanout  Slack
---------------------------------------------------------
clkbuf_0_wr_clk/X                        10     16     -6 (VIOLATED)
clkbuf_4_0_0_wr_clk/X                    10     14     -4 (VIOLATED)
clkbuf_4_1_0_wr_clk/X                    10     14     -4 (VIOLATED)
clkbuf_4_5_0_wr_clk/X                    10     14     -4 (VIOLATED)
clkbuf_4_10_0_wr_clk/X                   10     13     -3 (VIOLATED)
clkbuf_4_2_0_wr_clk/X                    10     13     -3 (VIOLATED)
clkbuf_4_4_0_wr_clk/X                    10     13     -3 (VIOLATED)
clkbuf_4_7_0_wr_clk/X                    10     11        (VIOLATED)



===========================================================================
report_parasitic_annotation -report_unannotated
============================================================================
Found 15 unannotated drivers.
 clkload0/X
 clkload1/X
 clkload10/Y
 clkload11/Y
 clkload12/Y
 clkload13/Y
 clkload14/Y
 clkload2/X
 clkload3/Y
 clkload4/X
 clkload5/Y
 clkload6/Y
 clkload7/Y
 clkload8/Y
 clkload9/X
Found 0 partially unannotated drivers.

===========================================================================
max slew violation count 0
max fanout violation count 8
max cap violation count 0
============================================================================

===========================================================================
check_setup -verbose -unconstrained_endpoints -multiple_clock -no_clock -no_input_delay -loops -generated_clocks
===========================================================================
Warning: There are 29 unclocked register/latch pins.
  _632_/CLK
  _633_/CLK
  _634_/CLK
  _635_/CLK
  _636_/CLK
  _637_/CLK
  _638_/CLK
  _639_/CLK
  _736_/CLK
  _745_/CLK
  _746_/CLK
  _747_/CLK
  _748_/CLK
  _749_/CLK
  _750_/CLK
  _751_/CLK
  _752_/CLK
  _753_/CLK
  _754_/CLK
  _774_/CLK
  _775_/CLK
  _776_/CLK
  _777_/CLK
  _778_/CLK
  _779_/CLK
  _780_/CLK
  _781_/CLK
  _782_/CLK
  _783_/CLK
Warning: There are 44 unconstrained endpoints.
  aempty
  empty
  rd_data[0]
  rd_data[1]
  rd_data[2]
  rd_data[3]
  rd_data[4]
  rd_data[5]
  rd_data[6]
  rd_data[7]
  _632_/D
  _633_/D
  _634_/D
  _635_/D
  _636_/D
  _637_/D
  _638_/D
  _639_/D
  _736_/D
  _745_/D
  _746_/D
  _747_/D
  _748_/D
  _749_/D
  _750_/D
  _751_/D
  _752_/D
  _753_/D
  _754_/D
  _774_/D
  _775_/D
  _776_/D
  _777_/D
  _778_/D
  _779_/D
  _780_/D
  _781_/D
  _782_/D
  _783_/D
  _784_/D
  _785_/D
  _786_/D
  _787_/D
  _788_/D
