Clock: wr_clk
Sources: wr_clk 
Generated: no
Virtual: yes
Propagated: no
Period: 10.000000

===========================================================================
report_clock_properties
============================================================================
Clock                   Period          Waveform
----------------------------------------------------
wr_clk               10.000000    0.000000  5.000000

===========================================================================
report_clock_latency
============================================================================
Clock wr_clk
rise -> rise
    min     max
0.000000 0.000000 source latency
0.482135         network latency _705_/CLK
        2.710294 network latency _748_/CLK
---------------
0.482135 2.710294 latency
        2.228159 skew

rise -> fall
    min     max
0.000000 0.000000 source latency
2.129292         network latency _782_/CLK
        2.550156 network latency _748_/CLK
---------------
2.129292 2.550156 latency
        0.420863 skew

fall -> fall
    min     max
0.000000 0.000000 source latency
0.412529         network latency _705_/CLK
        0.422273 network latency _666_/CLK
---------------
0.412529 0.422273 latency
        0.009744 skew



===========================================================================
report_clock_min_period
============================================================================
wr_clk period_min = 3.06 fmax = 327.06
