
===========================================================================
 report_power
============================================================================
======================= nom_tt_025C_1v80 Corner ===================================

Group                    Internal    Switching      Leakage        Total
                            Power        Power        Power        Power (Watts)
------------------------------------------------------------------------
Sequential           9.786026e-04 1.878332e-04 1.658515e-09 1.166437e-03  36.0%
Combinational        1.057909e-03 5.374599e-04 2.305931e-09 1.595371e-03  49.3%
Clock                2.393115e-04 2.351004e-04 1.929828e-09 4.744138e-04  14.7%
Macro                0.000000e+00 0.000000e+00 0.000000e+00 0.000000e+00   0.0%
Pad                  0.000000e+00 0.000000e+00 0.000000e+00 0.000000e+00   0.0%
------------------------------------------------------------------------
Total                2.275823e-03 9.603931e-04 5.894265e-09 3.236222e-03 100.0%
                            70.3%        29.7%         0.0%

