
===========================================================================
 report_power
============================================================================
======================= nom_tt_025C_1v80 Corner ===================================

Group                    Internal    Switching      Leakage        Total
                            Power        Power        Power        Power (Watts)
------------------------------------------------------------------------
Sequential           1.020234e-03 2.778633e-04 1.620374e-09 1.298099e-03  53.1%
Combinational        8.117495e-04 3.355360e-04 1.379721e-09 1.147287e-03  46.9%
Clock                0.000000e+00 0.000000e+00 0.000000e+00 0.000000e+00   0.0%
Macro                0.000000e+00 0.000000e+00 0.000000e+00 0.000000e+00   0.0%
Pad                  0.000000e+00 0.000000e+00 0.000000e+00 0.000000e+00   0.0%
------------------------------------------------------------------------
Total                1.831983e-03 6.133990e-04 3.000094e-09 2.445385e-03 100.0%
                            74.9%        25.1%         0.0%

