Clock: wr_clk
Sources: wr_clk 
Generated: no
Virtual: no
Propagated: no
Period: 10.000000

===========================================================================
report_clock_properties
============================================================================
Clock                   Period          Waveform
----------------------------------------------------
wr_clk               10.000000    0.000000  5.000000

===========================================================================
report_clock_latency
============================================================================
Clock wr_clk
rise -> rise
    min     max
0.000000 0.000000 source latency
0.678487         network latency _758_/CLK
        2.133490 network latency _750_/CLK
---------------
0.678487 2.133490 latency
        1.455003 skew

rise -> fall
    min     max
0.000000 0.000000 source latency
2.056941         network latency _750_/CLK
        2.056941 network latency _750_/CLK
---------------
2.056941 2.056941 latency
        0.000000 skew

fall -> fall
    min     max
0.000000 0.000000 source latency
0.290692         network latency _758_/CLK
        0.290692 network latency _758_/CLK
---------------
0.290692 0.290692 latency
        0.000000 skew



===========================================================================
report_clock_min_period
============================================================================
wr_clk period_min = 1.59 fmax = 628.47
