
===========================================================================
 report_power
============================================================================
======================= nom_ff_n40C_1v95 Corner ===================================

Group                    Internal    Switching      Leakage        Total
                            Power        Power        Power        Power (Watts)
------------------------------------------------------------------------
Sequential           1.170761e-03 3.494688e-04 3.198548e-09 1.520233e-03  53.4%
Combinational        9.090517e-04 4.155408e-04 3.228271e-09 1.324596e-03  46.6%
Clock                0.000000e+00 0.000000e+00 0.000000e+00 0.000000e+00   0.0%
Macro                0.000000e+00 0.000000e+00 0.000000e+00 0.000000e+00   0.0%
Pad                  0.000000e+00 0.000000e+00 0.000000e+00 0.000000e+00   0.0%
------------------------------------------------------------------------
Total                2.079813e-03 7.650084e-04 6.426818e-09 2.844828e-03 100.0%
                            73.1%        26.9%         0.0%

