
===========================================================================
 report_power
============================================================================
======================= nom_tt_025C_1v80 Corner ===================================

Group                    Internal    Switching      Leakage        Total
                            Power        Power        Power        Power (Watts)
------------------------------------------------------------------------
Sequential           1.016689e-03 2.806820e-04 1.620207e-09 1.297373e-03  52.5%
Combinational        8.386073e-04 3.368726e-04 1.418611e-09 1.175481e-03  47.5%
Clock                0.000000e+00 0.000000e+00 0.000000e+00 0.000000e+00   0.0%
Macro                0.000000e+00 0.000000e+00 0.000000e+00 0.000000e+00   0.0%
Pad                  0.000000e+00 0.000000e+00 0.000000e+00 0.000000e+00   0.0%
------------------------------------------------------------------------
Total                1.855296e-03 6.175543e-04 3.038821e-09 2.472853e-03 100.0%
                            75.0%        25.0%         0.0%

