
===========================================================================
report_checks -unconstrained
===========================================================================
======================= max_tt_025C_1v80 Corner ===================================

Startpoint: arst_n (input port clocked by wr_clk)
Endpoint: _761_ (recovery check against rising-edge clock wr_clk)
Path Group: asynchronous
Path Type: max

Fanout         Cap        Slew       Delay        Time   Description
---------------------------------------------------------------------------------------------
                                  0.000000    0.000000   clock wr_clk (rise edge)
                                  0.000000    0.000000   clock network delay (propagated)
                                  2.000000    2.000000 ^ input external delay
     1    0.002852    0.019955    0.010546    2.010546 ^ arst_n (in)
                                                         arst_n (net)
                      0.019956    0.000000    2.010546 ^ input11/A (sky130_fd_sc_hd__clkbuf_1)
     1    0.002361    0.039292    0.068221    2.078767 ^ input11/X (sky130_fd_sc_hd__clkbuf_1)
                                                         net11 (net)
                      0.039292    0.000158    2.078926 ^ fanout76/A (sky130_fd_sc_hd__buf_2)
     5    0.041710    0.205184    0.218210    2.297135 ^ fanout76/X (sky130_fd_sc_hd__buf_2)
                                                         net76 (net)
                      0.205210    0.001926    2.299062 ^ fanout75/A (sky130_fd_sc_hd__buf_2)
     6    0.048551    0.238327    0.291476    2.590538 ^ fanout75/X (sky130_fd_sc_hd__buf_2)
                                                         net75 (net)
                      0.238349    0.001966    2.592504 ^ fanout74/A (sky130_fd_sc_hd__buf_2)
     7    0.040607    0.199657    0.277002    2.869507 ^ fanout74/X (sky130_fd_sc_hd__buf_2)
                                                         net74 (net)
                      0.199743    0.001670    2.871177 ^ fanout73/A (sky130_fd_sc_hd__clkbuf_4)
    10    0.049642    0.155577    0.269347    3.140524 ^ fanout73/X (sky130_fd_sc_hd__clkbuf_4)
                                                         net73 (net)
                      0.155583    0.001280    3.141804 ^ fanout72/A (sky130_fd_sc_hd__clkbuf_4)
    10    0.047117    0.148838    0.250617    3.392421 ^ fanout72/X (sky130_fd_sc_hd__clkbuf_4)
                                                         net72 (net)
                      0.148880    0.002378    3.394798 ^ _761_/RESET_B (sky130_fd_sc_hd__dfrtp_4)
                                              3.394798   data arrival time

                                 10.000000   10.000000   clock wr_clk (rise edge)
                                  0.000000   10.000000   clock source latency
     1    0.026327    0.123591    0.086803   10.086802 ^ wr_clk (in)
                                                         wr_clk (net)
                      0.123711    0.000000   10.086802 ^ clkbuf_0_wr_clk/A (sky130_fd_sc_hd__clkbuf_16)
    16    0.110813    0.124738    0.219477   10.306280 ^ clkbuf_0_wr_clk/X (sky130_fd_sc_hd__clkbuf_16)
                                                         clknet_0_wr_clk (net)
                      0.125089    0.005322   10.311602 ^ clkbuf_4_14_0_wr_clk/A (sky130_fd_sc_hd__clkbuf_8)
     6    0.036585    0.076869    0.180266   10.491867 ^ clkbuf_4_14_0_wr_clk/X (sky130_fd_sc_hd__clkbuf_8)
                                                         clknet_4_14_0_wr_clk (net)
                      0.077127    0.003140   10.495007 ^ _761_/CLK (sky130_fd_sc_hd__dfrtp_4)
                                 -0.250000   10.245007   clock uncertainty
                                  0.000000   10.245007   clock reconvergence pessimism
                                  0.193657   10.438663   library recovery time
                                             10.438663   data required time
---------------------------------------------------------------------------------------------
                                             10.438663   data required time
                                             -3.394798   data arrival time
---------------------------------------------------------------------------------------------
                                              7.043865   slack (MET)


Startpoint: wr_en (input port clocked by wr_clk)
Endpoint: _755_ (rising edge-triggered flip-flop clocked by wr_clk)
Path Group: wr_clk
Path Type: max

Fanout         Cap        Slew       Delay        Time   Description
---------------------------------------------------------------------------------------------
                                  0.000000    0.000000   clock wr_clk (rise edge)
                                  0.000000    0.000000   clock network delay (propagated)
                                  2.000000    2.000000 v input external delay
     1    0.003348    0.009894    0.005404    2.005404 v wr_en (in)
                                                         wr_en (net)
                      0.009896    0.000000    2.005404 v input22/A (sky130_fd_sc_hd__clkbuf_1)
     1    0.002057    0.022694    0.068542    2.073946 v input22/X (sky130_fd_sc_hd__clkbuf_1)
                                                         net22 (net)
                      0.022694    0.000137    2.074082 v _379_/B (sky130_fd_sc_hd__and2b_1)
     5    0.013061    0.076402    0.185206    2.259288 v _379_/X (sky130_fd_sc_hd__and2b_1)
                                                         _208_ (net)
                      0.076413    0.000932    2.260219 v _383_/C (sky130_fd_sc_hd__and3_2)
     5    0.020588    0.077215    0.267610    2.527829 v _383_/X (sky130_fd_sc_hd__and3_2)
                                                         _211_ (net)
                      0.077265    0.001799    2.529628 v _387_/B (sky130_fd_sc_hd__and2_1)
     4    0.020459    0.109230    0.235192    2.764820 v _387_/X (sky130_fd_sc_hd__and2_1)
                                                         _214_ (net)
                      0.109239    0.001045    2.765865 v _400_/B (sky130_fd_sc_hd__nand2_1)
     2    0.022140    0.208952    0.208549    2.974414 ^ _400_/Y (sky130_fd_sc_hd__nand2_1)
                                                         _222_ (net)
                      0.208956    0.000739    2.975153 ^ fanout35/A (sky130_fd_sc_hd__buf_4)
    10    0.083568    0.232513    0.295912    3.271066 ^ fanout35/X (sky130_fd_sc_hd__buf_4)
                                                         net35 (net)
                      0.232666    0.004961    3.276027 ^ _401_/B (sky130_fd_sc_hd__xnor2_1)
     1    0.002987    0.119253    0.148068    3.424094 ^ _401_/Y (sky130_fd_sc_hd__xnor2_1)
                                                         _223_ (net)
                      0.119254    0.000208    3.424302 ^ _402_/B (sky130_fd_sc_hd__nand2_1)
     1    0.002803    0.043430    0.066358    3.490660 v _402_/Y (sky130_fd_sc_hd__nand2_1)
                                                         _224_ (net)
                      0.043430    0.000189    3.490849 v _403_/C (sky130_fd_sc_hd__or4b_1)
     1    0.003142    0.085476    0.462888    3.953737 v _403_/X (sky130_fd_sc_hd__or4b_1)
                                                         _225_ (net)
                      0.085476    0.000208    3.953945 v _404_/B (sky130_fd_sc_hd__nor2_1)
     1    0.005336    0.117676    0.127828    4.081773 ^ _404_/Y (sky130_fd_sc_hd__nor2_1)
                                                         full_next (net)
                      0.117678    0.000419    4.082192 ^ _755_/D (sky130_fd_sc_hd__dfrtp_1)
                                              4.082192   data arrival time

                                 10.000000   10.000000   clock wr_clk (rise edge)
                                  0.000000   10.000000   clock source latency
     1    0.026327    0.123591    0.086803   10.086802 ^ wr_clk (in)
                                                         wr_clk (net)
                      0.123711    0.000000   10.086802 ^ clkbuf_0_wr_clk/A (sky130_fd_sc_hd__clkbuf_16)
    16    0.110813    0.124738    0.219477   10.306280 ^ clkbuf_0_wr_clk/X (sky130_fd_sc_hd__clkbuf_16)
                                                         clknet_0_wr_clk (net)
                      0.125060    0.005103   10.311383 ^ clkbuf_4_13_0_wr_clk/A (sky130_fd_sc_hd__clkbuf_8)
     8    0.044146    0.088810    0.189867   10.501250 ^ clkbuf_4_13_0_wr_clk/X (sky130_fd_sc_hd__clkbuf_8)
                                                         clknet_4_13_0_wr_clk (net)
                      0.089040    0.003211   10.504460 ^ _755_/CLK (sky130_fd_sc_hd__dfrtp_1)
                                 -0.250000   10.254460   clock uncertainty
                                  0.000000   10.254460   clock reconvergence pessimism
                                 -0.069821   10.184640   library setup time
                                             10.184640   data required time
---------------------------------------------------------------------------------------------
                                             10.184640   data required time
                                             -4.082192   data arrival time
---------------------------------------------------------------------------------------------
                                              6.102448   slack (MET)




===========================================================================
report_checks --slack_max -0.01
============================================================================
======================= max_tt_025C_1v80 Corner ===================================

No paths found.


===========================================================================
 report_check_types -max_slew -max_cap -max_fanout -violators
============================================================================
======================= max_tt_025C_1v80 Corner ===================================

max fanout

Pin                                   Limit Fanout  Slack
---------------------------------------------------------
clkbuf_0_wr_clk/X                        10     16     -6 (VIOLATED)
clkbuf_4_0_0_wr_clk/X                    10     14     -4 (VIOLATED)
clkbuf_4_1_0_wr_clk/X                    10     14     -4 (VIOLATED)
clkbuf_4_5_0_wr_clk/X                    10     14     -4 (VIOLATED)
clkbuf_4_10_0_wr_clk/X                   10     13     -3 (VIOLATED)
clkbuf_4_2_0_wr_clk/X                    10     13     -3 (VIOLATED)
clkbuf_4_4_0_wr_clk/X                    10     13     -3 (VIOLATED)
clkbuf_4_7_0_wr_clk/X                    10     11        (VIOLATED)



===========================================================================
report_parasitic_annotation -report_unannotated
============================================================================
Found 15 unannotated drivers.
 clkload0/X
 clkload1/X
 clkload10/Y
 clkload11/Y
 clkload12/Y
 clkload13/Y
 clkload14/Y
 clkload2/X
 clkload3/Y
 clkload4/X
 clkload5/Y
 clkload6/Y
 clkload7/Y
 clkload8/Y
 clkload9/X
Found 0 partially unannotated drivers.

===========================================================================
max slew violation count 0
max fanout violation count 8
max cap violation count 0
============================================================================

===========================================================================
check_setup -verbose -unconstrained_endpoints -multiple_clock -no_clock -no_input_delay -loops -generated_clocks
===========================================================================
Warning: There are 29 unclocked register/latch pins.
  _632_/CLK
  _633_/CLK
  _634_/CLK
  _635_/CLK
  _636_/CLK
  _637_/CLK
  _638_/CLK
  _639_/CLK
  _736_/CLK
  _745_/CLK
  _746_/CLK
  _747_/CLK
  _748_/CLK
  _749_/CLK
  _750_/CLK
  _751_/CLK
  _752_/CLK
  _753_/CLK
  _754_/CLK
  _774_/CLK
  _775_/CLK
  _776_/CLK
  _777_/CLK
  _778_/CLK
  _779_/CLK
  _780_/CLK
  _781_/CLK
  _782_/CLK
  _783_/CLK
Warning: There are 44 unconstrained endpoints.
  aempty
  empty
  rd_data[0]
  rd_data[1]
  rd_data[2]
  rd_data[3]
  rd_data[4]
  rd_data[5]
  rd_data[6]
  rd_data[7]
  _632_/D
  _633_/D
  _634_/D
  _635_/D
  _636_/D
  _637_/D
  _638_/D
  _639_/D
  _736_/D
  _745_/D
  _746_/D
  _747_/D
  _748_/D
  _749_/D
  _750_/D
  _751_/D
  _752_/D
  _753_/D
  _754_/D
  _774_/D
  _775_/D
  _776_/D
  _777_/D
  _778_/D
  _779_/D
  _780_/D
  _781_/D
  _782_/D
  _783_/D
  _784_/D
  _785_/D
  _786_/D
  _787_/D
  _788_/D
