
===========================================================================
 report_power
============================================================================
======================= max_tt_025C_1v80 Corner ===================================

Group                    Internal    Switching      Leakage        Total
                            Power        Power        Power        Power (Watts)
------------------------------------------------------------------------
Sequential           9.783251e-04 1.947406e-04 1.658515e-09 1.173067e-03  35.9%
Combinational        1.058582e-03 5.547351e-04 2.305931e-09 1.613319e-03  49.4%
Clock                2.393264e-04 2.425985e-04 1.929828e-09 4.819268e-04  14.7%
Macro                0.000000e+00 0.000000e+00 0.000000e+00 0.000000e+00   0.0%
Pad                  0.000000e+00 0.000000e+00 0.000000e+00 0.000000e+00   0.0%
------------------------------------------------------------------------
Total                2.276231e-03 9.920740e-04 5.894265e-09 3.268311e-03 100.0%
                            69.6%        30.4%         0.0%

