
===========================================================================
report_checks -unconstrained
===========================================================================
======================= nom_tt_025C_1v80 Corner ===================================

Startpoint: arst_n (input port clocked by wr_clk)
Endpoint: _758_ (recovery check against rising-edge clock wr_clk)
Path Group: asynchronous
Path Type: max

Fanout         Cap        Slew       Delay        Time   Description
---------------------------------------------------------------------------------------------
                                  0.000000    0.000000   clock wr_clk (rise edge)
                                  0.000000    0.000000   clock network delay (propagated)
                                  2.000000    2.000000 ^ input external delay
    50    0.223517    0.999221    0.691198    2.691198 ^ arst_n (in)
                                                         arst_n (net)
                      0.999268    0.000000    2.691198 ^ _758_/RESET_B (sky130_fd_sc_hd__dfrtp_2)
                                              2.691198   data arrival time

                                 10.000000   10.000000   clock wr_clk (rise edge)
                                  0.000000   10.000000   clock source latency
   149    0.367332    1.636608    1.124239   11.124240 ^ wr_clk (in)
                                                         wr_clk (net)
                      1.636616    0.000000   11.124240 ^ _758_/CLK (sky130_fd_sc_hd__dfrtp_2)
                                 -0.250000   10.874240   clock uncertainty
                                  0.000000   10.874240   clock reconvergence pessimism
                                  0.244308   11.118547   library recovery time
                                             11.118547   data required time
---------------------------------------------------------------------------------------------
                                             11.118547   data required time
                                             -2.691198   data arrival time
---------------------------------------------------------------------------------------------
                                              8.427349   slack (MET)


Startpoint: _755_ (rising edge-triggered flip-flop clocked by wr_clk)
Endpoint: full (output port clocked by wr_clk)
Path Group: wr_clk
Path Type: max

Fanout         Cap        Slew       Delay        Time   Description
---------------------------------------------------------------------------------------------
                                  0.000000    0.000000   clock wr_clk (rise edge)
                                  0.000000    0.000000   clock source latency
   149    0.367332    1.636608    1.124261    1.124261 ^ wr_clk (in)
                                                         wr_clk (net)
                      1.636616    0.000000    1.124261 ^ _755_/CLK (sky130_fd_sc_hd__dfrtp_2)
     2    0.036678    0.116149    0.716668    1.840929 v _755_/Q (sky130_fd_sc_hd__dfrtp_2)
                                                         full (net)
                      0.116149    0.000317    1.841247 v full (out)
                                              1.841247   data arrival time

                                 10.000000   10.000000   clock wr_clk (rise edge)
                                  0.000000   10.000000   clock network delay (propagated)
                                 -0.250000    9.750000   clock uncertainty
                                  0.000000    9.750000   clock reconvergence pessimism
                                 -2.000000    7.750000   output external delay
                                              7.750000   data required time
---------------------------------------------------------------------------------------------
                                              7.750000   data required time
                                             -1.841247   data arrival time
---------------------------------------------------------------------------------------------
                                              5.908753   slack (MET)




===========================================================================
report_checks --slack_max -0.01
============================================================================
======================= nom_tt_025C_1v80 Corner ===================================

No paths found.


===========================================================================
 report_check_types -max_slew -max_cap -max_fanout -violators
============================================================================
======================= nom_tt_025C_1v80 Corner ===================================

max slew

Pin                                        Limit        Slew       Slack
------------------------------------------------------------------------
_668_/CLK                               0.750000    1.636708   -0.886708 (VIOLATED)
_684_/CLK                               0.750000    1.636708   -0.886708 (VIOLATED)
_700_/CLK                               0.750000    1.636708   -0.886708 (VIOLATED)
_806_/CLK                               0.750000    1.636708   -0.886708 (VIOLATED)
_676_/CLK                               0.750000    1.636707   -0.886707 (VIOLATED)
_692_/CLK                               0.750000    1.636707   -0.886707 (VIOLATED)
_724_/CLK                               0.750000    1.636706   -0.886706 (VIOLATED)
_732_/CLK                               0.750000    1.636706   -0.886707 (VIOLATED)
_766_/CLK                               0.750000    1.636705   -0.886705 (VIOLATED)
_716_/CLK                               0.750000    1.636704   -0.886704 (VIOLATED)
_644_/CLK                               0.750000    1.636702   -0.886702 (VIOLATED)
_652_/CLK                               0.750000    1.636703   -0.886703 (VIOLATED)
_660_/CLK                               0.750000    1.636703   -0.886703 (VIOLATED)
_798_/CLK                               0.750000    1.636703   -0.886703 (VIOLATED)
_708_/CLK                               0.750000    1.636701   -0.886701 (VIOLATED)
_741_/CLK                               0.750000    1.636702   -0.886702 (VIOLATED)
_673_/CLK                               0.750000    1.636696   -0.886696 (VIOLATED)
_689_/CLK                               0.750000    1.636696   -0.886696 (VIOLATED)
_784_/CLK                               0.750000    1.636697   -0.886697 (VIOLATED)
_789_/CLK                               0.750000    1.636697   -0.886697 (VIOLATED)
_721_/CLK                               0.750000    1.636696   -0.886696 (VIOLATED)
_729_/CLK                               0.750000    1.636696   -0.886696 (VIOLATED)
_763_/CLK                               0.750000    1.636695   -0.886695 (VIOLATED)
_738_/CLK                               0.750000    1.636693   -0.886694 (VIOLATED)
_705_/CLK                               0.750000    1.636692   -0.886692 (VIOLATED)
_713_/CLK                               0.750000    1.636692   -0.886692 (VIOLATED)
_641_/CLK                               0.750000    1.636684   -0.886684 (VIOLATED)
_649_/CLK                               0.750000    1.636685   -0.886685 (VIOLATED)
_657_/CLK                               0.750000    1.636685   -0.886685 (VIOLATED)
_770_/CLK                               0.750000    1.636685   -0.886685 (VIOLATED)
_785_/CLK                               0.750000    1.636685   -0.886685 (VIOLATED)
_795_/CLK                               0.750000    1.636684   -0.886684 (VIOLATED)
_665_/CLK                               0.750000    1.636681   -0.886681 (VIOLATED)
_667_/CLK                               0.750000    1.636682   -0.886682 (VIOLATED)
_675_/CLK                               0.750000    1.636682   -0.886682 (VIOLATED)
_683_/CLK                               0.750000    1.636682   -0.886682 (VIOLATED)
_697_/CLK                               0.750000    1.636683   -0.886683 (VIOLATED)
_699_/CLK                               0.750000    1.636682   -0.886682 (VIOLATED)
_756_/CLK                               0.750000    1.636683   -0.886683 (VIOLATED)
_787_/CLK                               0.750000    1.636682   -0.886682 (VIOLATED)
_792_/CLK                               0.750000    1.636682   -0.886682 (VIOLATED)
_793_/CLK                               0.750000    1.636682   -0.886682 (VIOLATED)
_803_/CLK                               0.750000    1.636683   -0.886683 (VIOLATED)
_681_/CLK                               0.750000    1.636681   -0.886681 (VIOLATED)
_691_/CLK                               0.750000    1.636682   -0.886682 (VIOLATED)
_805_/CLK                               0.750000    1.636682   -0.886682 (VIOLATED)
_723_/CLK                               0.750000    1.636681   -0.886681 (VIOLATED)
_731_/CLK                               0.750000    1.636681   -0.886681 (VIOLATED)
_773_/CLK                               0.750000    1.636681   -0.886681 (VIOLATED)
_760_/CLK                               0.750000    1.636680   -0.886680 (VIOLATED)
_761_/CLK                               0.750000    1.636680   -0.886680 (VIOLATED)
_786_/CLK                               0.750000    1.636680   -0.886680 (VIOLATED)
_788_/CLK                               0.750000    1.636681   -0.886681 (VIOLATED)
_791_/CLK                               0.750000    1.636680   -0.886680 (VIOLATED)
_707_/CLK                               0.750000    1.636678   -0.886678 (VIOLATED)
_715_/CLK                               0.750000    1.636679   -0.886679 (VIOLATED)
_740_/CLK                               0.750000    1.636678   -0.886678 (VIOLATED)
_765_/CLK                               0.750000    1.636678   -0.886678 (VIOLATED)
_772_/CLK                               0.750000    1.636678   -0.886678 (VIOLATED)
_790_/CLK                               0.750000    1.636678   -0.886678 (VIOLATED)
_759_/CLK                               0.750000    1.636676   -0.886676 (VIOLATED)
_771_/CLK                               0.750000    1.636677   -0.886677 (VIOLATED)
_643_/CLK                               0.750000    1.636675   -0.886675 (VIOLATED)
_651_/CLK                               0.750000    1.636675   -0.886675 (VIOLATED)
_659_/CLK                               0.750000    1.636675   -0.886675 (VIOLATED)
_797_/CLK                               0.750000    1.636675   -0.886675 (VIOLATED)
_677_/CLK                               0.750000    1.636674   -0.886674 (VIOLATED)
_693_/CLK                               0.750000    1.636674   -0.886674 (VIOLATED)
_725_/CLK                               0.750000    1.636674   -0.886674 (VIOLATED)
_733_/CLK                               0.750000    1.636674   -0.886674 (VIOLATED)
_645_/CLK                               0.750000    1.636673   -0.886673 (VIOLATED)
_653_/CLK                               0.750000    1.636673   -0.886673 (VIOLATED)
_661_/CLK                               0.750000    1.636673   -0.886673 (VIOLATED)
_672_/CLK                               0.750000    1.636672   -0.886672 (VIOLATED)
_688_/CLK                               0.750000    1.636673   -0.886673 (VIOLATED)
_679_/CLK                               0.750000    1.636672   -0.886672 (VIOLATED)
_695_/CLK                               0.750000    1.636672   -0.886672 (VIOLATED)
_799_/CLK                               0.750000    1.636673   -0.886673 (VIOLATED)
_720_/CLK                               0.750000    1.636671   -0.886671 (VIOLATED)
_728_/CLK                               0.750000    1.636671   -0.886671 (VIOLATED)
_727_/CLK                               0.750000    1.636670   -0.886670 (VIOLATED)
_735_/CLK                               0.750000    1.636670   -0.886670 (VIOLATED)
_762_/CLK                               0.750000    1.636664   -0.886664 (VIOLATED)
_674_/CLK                               0.750000    1.636663   -0.886663 (VIOLATED)
_690_/CLK                               0.750000    1.636663   -0.886663 (VIOLATED)
_647_/CLK                               0.750000    1.636662   -0.886662 (VIOLATED)
_655_/CLK                               0.750000    1.636662   -0.886662 (VIOLATED)
_663_/CLK                               0.750000    1.636662   -0.886662 (VIOLATED)
_722_/CLK                               0.750000    1.636662   -0.886663 (VIOLATED)
_730_/CLK                               0.750000    1.636662   -0.886663 (VIOLATED)
_801_/CLK                               0.750000    1.636662   -0.886662 (VIOLATED)
_669_/CLK                               0.750000    1.636659   -0.886659 (VIOLATED)
_685_/CLK                               0.750000    1.636659   -0.886659 (VIOLATED)
_701_/CLK                               0.750000    1.636659   -0.886659 (VIOLATED)
_807_/CLK                               0.750000    1.636659   -0.886659 (VIOLATED)
_737_/CLK                               0.750000    1.636658   -0.886658 (VIOLATED)
_709_/CLK                               0.750000    1.636657   -0.886657 (VIOLATED)
_717_/CLK                               0.750000    1.636657   -0.886657 (VIOLATED)
_742_/CLK                               0.750000    1.636657   -0.886657 (VIOLATED)
_767_/CLK                               0.750000    1.636657   -0.886658 (VIOLATED)
_671_/CLK                               0.750000    1.636655   -0.886655 (VIOLATED)
_703_/CLK                               0.750000    1.636655   -0.886655 (VIOLATED)
_704_/CLK                               0.750000    1.636655   -0.886655 (VIOLATED)
_687_/CLK                               0.750000    1.636654   -0.886654 (VIOLATED)
_712_/CLK                               0.750000    1.636655   -0.886655 (VIOLATED)
_809_/CLK                               0.750000    1.636655   -0.886655 (VIOLATED)
_698_/CLK                               0.750000    1.636653   -0.886653 (VIOLATED)
_711_/CLK                               0.750000    1.636652   -0.886652 (VIOLATED)
_719_/CLK                               0.750000    1.636651   -0.886651 (VIOLATED)
_744_/CLK                               0.750000    1.636652   -0.886652 (VIOLATED)
_769_/CLK                               0.750000    1.636652   -0.886652 (VIOLATED)
_804_/CLK                               0.750000    1.636652   -0.886652 (VIOLATED)
_666_/CLK                               0.750000    1.636648   -0.886648 (VIOLATED)
_682_/CLK                               0.750000    1.636648   -0.886648 (VIOLATED)
_694_/CLK                               0.750000    1.636646   -0.886646 (VIOLATED)
_678_/CLK                               0.750000    1.636645   -0.886645 (VIOLATED)
_734_/CLK                               0.750000    1.636642   -0.886642 (VIOLATED)
_642_/CLK                               0.750000    1.636640   -0.886640 (VIOLATED)
_650_/CLK                               0.750000    1.636640   -0.886640 (VIOLATED)
_658_/CLK                               0.750000    1.636640   -0.886640 (VIOLATED)
_726_/CLK                               0.750000    1.636640   -0.886640 (VIOLATED)
_796_/CLK                               0.750000    1.636640   -0.886640 (VIOLATED)
_706_/CLK                               0.750000    1.636638   -0.886638 (VIOLATED)
_714_/CLK                               0.750000    1.636638   -0.886638 (VIOLATED)
_739_/CLK                               0.750000    1.636639   -0.886639 (VIOLATED)
_764_/CLK                               0.750000    1.636639   -0.886639 (VIOLATED)
_768_/CLK                               0.750000    1.636633   -0.886633 (VIOLATED)
_743_/CLK                               0.750000    1.636632   -0.886632 (VIOLATED)
_718_/CLK                               0.750000    1.636628   -0.886628 (VIOLATED)
_710_/CLK                               0.750000    1.636627   -0.886627 (VIOLATED)
_640_/CLK                               0.750000    1.636615   -0.886615 (VIOLATED)
_648_/CLK                               0.750000    1.636615   -0.886615 (VIOLATED)
_656_/CLK                               0.750000    1.636615   -0.886615 (VIOLATED)
_664_/CLK                               0.750000    1.636616   -0.886616 (VIOLATED)
_680_/CLK                               0.750000    1.636616   -0.886616 (VIOLATED)
_696_/CLK                               0.750000    1.636616   -0.886616 (VIOLATED)
_755_/CLK                               0.750000    1.636616   -0.886616 (VIOLATED)
_757_/CLK                               0.750000    1.636616   -0.886616 (VIOLATED)
_758_/CLK                               0.750000    1.636616   -0.886616 (VIOLATED)
_802_/CLK                               0.750000    1.636616   -0.886616 (VIOLATED)
_646_/CLK                               0.750000    1.636614   -0.886614 (VIOLATED)
_654_/CLK                               0.750000    1.636614   -0.886614 (VIOLATED)
_662_/CLK                               0.750000    1.636614   -0.886614 (VIOLATED)
_794_/CLK                               0.750000    1.636615   -0.886615 (VIOLATED)
_800_/CLK                               0.750000    1.636614   -0.886614 (VIOLATED)
_670_/CLK                               0.750000    1.636613   -0.886613 (VIOLATED)
_686_/CLK                               0.750000    1.636613   -0.886613 (VIOLATED)
_702_/CLK                               0.750000    1.636613   -0.886613 (VIOLATED)
_808_/CLK                               0.750000    1.636613   -0.886613 (VIOLATED)
wr_clk                                  0.750000    1.636608   -0.886608 (VIOLATED)
_474_/S0                                0.750000    1.213911   -0.463911 (VIOLATED)
_471_/S0                                0.750000    1.213910   -0.463910 (VIOLATED)
_473_/S0                                0.750000    1.213910   -0.463910 (VIOLATED)
_472_/S0                                0.750000    1.213909   -0.463909 (VIOLATED)
_447_/S0                                0.750000    1.213907   -0.463907 (VIOLATED)
_433_/S0                                0.750000    1.213906   -0.463906 (VIOLATED)
_450_/S0                                0.750000    1.213906   -0.463906 (VIOLATED)
_435_/S0                                0.750000    1.213906   -0.463906 (VIOLATED)
_436_/S0                                0.750000    1.213905   -0.463905 (VIOLATED)
_477_/S0                                0.750000    1.213905   -0.463905 (VIOLATED)
_480_/S0                                0.750000    1.213904   -0.463904 (VIOLATED)
_434_/S0                                0.750000    1.213903   -0.463903 (VIOLATED)
_465_/S0                                0.750000    1.213901   -0.463901 (VIOLATED)
_466_/S0                                0.750000    1.213900   -0.463900 (VIOLATED)
_468_/S0                                0.750000    1.213900   -0.463900 (VIOLATED)
_479_/S0                                0.750000    1.213899   -0.463899 (VIOLATED)
_478_/S0                                0.750000    1.213899   -0.463899 (VIOLATED)
_467_/S0                                0.750000    1.213898   -0.463898 (VIOLATED)
_443_/S0                                0.750000    1.213897   -0.463897 (VIOLATED)
_449_/S0                                0.750000    1.213897   -0.463897 (VIOLATED)
_448_/S0                                0.750000    1.213897   -0.463897 (VIOLATED)
_453_/S0                                0.750000    1.213893   -0.463893 (VIOLATED)
_455_/S0                                0.750000    1.213893   -0.463893 (VIOLATED)
_454_/S0                                0.750000    1.213892   -0.463892 (VIOLATED)
_456_/S0                                0.750000    1.213893   -0.463893 (VIOLATED)
_439_/S0                                0.750000    1.213892   -0.463892 (VIOLATED)
_442_/S0                                0.750000    1.213889   -0.463889 (VIOLATED)
_440_/S0                                0.750000    1.213888   -0.463888 (VIOLATED)
_459_/S0                                0.750000    1.213887   -0.463887 (VIOLATED)
_460_/S0                                0.750000    1.213886   -0.463886 (VIOLATED)
_462_/S0                                0.750000    1.213886   -0.463886 (VIOLATED)
_409_/A1                                0.750000    1.213885   -0.463885 (VIOLATED)
_410_/A                                 0.750000    1.213885   -0.463885 (VIOLATED)
_461_/S0                                0.750000    1.213883   -0.463883 (VIOLATED)
_355_/A1                                0.750000    1.213576   -0.463576 (VIOLATED)
_371_/A                                 0.750000    1.213576   -0.463576 (VIOLATED)
_374_/A                                 0.750000    1.213576   -0.463576 (VIOLATED)
_406_/A                                 0.750000    1.213576   -0.463576 (VIOLATED)
_407_/A                                 0.750000    1.213576   -0.463576 (VIOLATED)
_746_/Q                                 0.750000    1.213576   -0.463576 (VIOLATED)
_632_/RESET_B                           0.750000    0.999269   -0.249270 (VIOLATED)
_638_/RESET_B                           0.750000    0.999270   -0.249270 (VIOLATED)
_758_/RESET_B                           0.750000    0.999268   -0.249268 (VIOLATED)
_755_/RESET_B                           0.750000    0.999268   -0.249268 (VIOLATED)
_757_/RESET_B                           0.750000    0.999268   -0.249268 (VIOLATED)
_759_/RESET_B                           0.750000    0.999262   -0.249263 (VIOLATED)
_772_/RESET_B                           0.750000    0.999261   -0.249261 (VIOLATED)
_790_/RESET_B                           0.750000    0.999261   -0.249261 (VIOLATED)
_771_/RESET_B                           0.750000    0.999260   -0.249260 (VIOLATED)
_634_/RESET_B                           0.750000    0.999258   -0.249258 (VIOLATED)
_770_/RESET_B                           0.750000    0.999256   -0.249257 (VIOLATED)
_775_/RESET_B                           0.750000    0.999255   -0.249255 (VIOLATED)
_760_/RESET_B                           0.750000    0.999253   -0.249253 (VIOLATED)
_774_/RESET_B                           0.750000    0.999253   -0.249253 (VIOLATED)
_791_/RESET_B                           0.750000    0.999253   -0.249253 (VIOLATED)
_761_/RESET_B                           0.750000    0.999252   -0.249252 (VIOLATED)
_776_/RESET_B                           0.750000    0.999252   -0.249252 (VIOLATED)
_786_/RESET_B                           0.750000    0.999252   -0.249252 (VIOLATED)
_781_/RESET_B                           0.750000    0.999251   -0.249251 (VIOLATED)
_753_/RESET_B                           0.750000    0.999250   -0.249250 (VIOLATED)
_779_/RESET_B                           0.750000    0.999250   -0.249250 (VIOLATED)
_780_/RESET_B                           0.750000    0.999250   -0.249250 (VIOLATED)
_639_/RESET_B                           0.750000    0.999246   -0.249246 (VIOLATED)
_637_/RESET_B                           0.750000    0.999245   -0.249245 (VIOLATED)
_635_/RESET_B                           0.750000    0.999244   -0.249244 (VIOLATED)
_636_/RESET_B                           0.750000    0.999242   -0.249242 (VIOLATED)
_748_/RESET_B                           0.750000    0.999241   -0.249242 (VIOLATED)
_746_/RESET_B                           0.750000    0.999241   -0.249241 (VIOLATED)
_756_/RESET_B                           0.750000    0.999241   -0.249241 (VIOLATED)
_752_/RESET_B                           0.750000    0.999240   -0.249240 (VIOLATED)
_785_/RESET_B                           0.750000    0.999240   -0.249240 (VIOLATED)
_787_/RESET_B                           0.750000    0.999240   -0.249240 (VIOLATED)
_792_/RESET_B                           0.750000    0.999240   -0.249240 (VIOLATED)
_793_/RESET_B                           0.750000    0.999240   -0.249240 (VIOLATED)
_754_/RESET_B                           0.750000    0.999240   -0.249240 (VIOLATED)
_751_/RESET_B                           0.750000    0.999239   -0.249239 (VIOLATED)
_773_/RESET_B                           0.750000    0.999239   -0.249239 (VIOLATED)
_777_/RESET_B                           0.750000    0.999239   -0.249239 (VIOLATED)
_778_/RESET_B                           0.750000    0.999239   -0.249239 (VIOLATED)
_784_/RESET_B                           0.750000    0.999239   -0.249239 (VIOLATED)
_789_/RESET_B                           0.750000    0.999239   -0.249239 (VIOLATED)
_782_/RESET_B                           0.750000    0.999238   -0.249238 (VIOLATED)
_783_/RESET_B                           0.750000    0.999238   -0.249238 (VIOLATED)
_747_/RESET_B                           0.750000    0.999237   -0.249237 (VIOLATED)
_788_/RESET_B                           0.750000    0.999237   -0.249237 (VIOLATED)
_736_/SET_B                             0.750000    0.999234   -0.249234 (VIOLATED)
_633_/RESET_B                           0.750000    0.999234   -0.249234 (VIOLATED)
_749_/RESET_B                           0.750000    0.999232   -0.249232 (VIOLATED)
_750_/RESET_B                           0.750000    0.999227   -0.249227 (VIOLATED)
arst_n                                  0.750000    0.999221   -0.249221 (VIOLATED)
_745_/SET_B                             0.750000    0.999221   -0.249221 (VIOLATED)
_447_/S1                                0.750000    0.841550   -0.091550 (VIOLATED)
_450_/S1                                0.750000    0.841549   -0.091549 (VIOLATED)
_468_/S1                                0.750000    0.841549   -0.091549 (VIOLATED)
_474_/S1                                0.750000    0.841549   -0.091549 (VIOLATED)
_465_/S1                                0.750000    0.841549   -0.091549 (VIOLATED)
_466_/S1                                0.750000    0.841549   -0.091549 (VIOLATED)
_471_/S1                                0.750000    0.841549   -0.091549 (VIOLATED)
_477_/S1                                0.750000    0.841549   -0.091549 (VIOLATED)
_473_/S1                                0.750000    0.841549   -0.091549 (VIOLATED)
_480_/S1                                0.750000    0.841549   -0.091549 (VIOLATED)
_467_/S1                                0.750000    0.841548   -0.091548 (VIOLATED)
_472_/S1                                0.750000    0.841548   -0.091548 (VIOLATED)
_479_/S1                                0.750000    0.841548   -0.091548 (VIOLATED)
_433_/S1                                0.750000    0.841547   -0.091547 (VIOLATED)
_478_/S1                                0.750000    0.841548   -0.091548 (VIOLATED)
_435_/S1                                0.750000    0.841547   -0.091547 (VIOLATED)
_436_/S1                                0.750000    0.841547   -0.091547 (VIOLATED)
_454_/S1                                0.750000    0.841546   -0.091546 (VIOLATED)
_456_/S1                                0.750000    0.841546   -0.091546 (VIOLATED)
_434_/S1                                0.750000    0.841546   -0.091546 (VIOLATED)
_453_/S1                                0.750000    0.841546   -0.091546 (VIOLATED)
_455_/S1                                0.750000    0.841545   -0.091545 (VIOLATED)
_352_/A_N                               0.750000    0.841545   -0.091545 (VIOLATED)
_354_/A                                 0.750000    0.841545   -0.091545 (VIOLATED)
_409_/B1                                0.750000    0.841545   -0.091545 (VIOLATED)
_410_/B                                 0.750000    0.841545   -0.091545 (VIOLATED)
_419_/A                                 0.750000    0.841545   -0.091545 (VIOLATED)
_439_/S1                                0.750000    0.841545   -0.091545 (VIOLATED)
_440_/S1                                0.750000    0.841545   -0.091545 (VIOLATED)
_442_/S1                                0.750000    0.841545   -0.091545 (VIOLATED)
_443_/S1                                0.750000    0.841545   -0.091545 (VIOLATED)
_448_/S1                                0.750000    0.841545   -0.091545 (VIOLATED)
_449_/S1                                0.750000    0.841545   -0.091545 (VIOLATED)
_459_/S1                                0.750000    0.841545   -0.091545 (VIOLATED)
_460_/S1                                0.750000    0.841545   -0.091545 (VIOLATED)
_461_/S1                                0.750000    0.841545   -0.091545 (VIOLATED)
_462_/S1                                0.750000    0.841545   -0.091545 (VIOLATED)
_747_/Q                                 0.750000    0.841545   -0.091545 (VIOLATED)

max fanout

Pin                                   Limit Fanout  Slack
---------------------------------------------------------
wr_clk                                   10    149   -139 (VIOLATED)
arst_n                                   10     50    -40 (VIOLATED)
_746_/Q                                  10     39    -29 (VIOLATED)
_747_/Q                                  10     37    -27 (VIOLATED)
rd_clk                                   10     29    -19 (VIOLATED)
wr_data[0]                               10     16     -6 (VIOLATED)
wr_data[1]                               10     16     -6 (VIOLATED)
wr_data[2]                               10     16     -6 (VIOLATED)
wr_data[3]                               10     16     -6 (VIOLATED)
wr_data[4]                               10     16     -6 (VIOLATED)
wr_data[5]                               10     16     -6 (VIOLATED)
wr_data[6]                               10     16     -6 (VIOLATED)
wr_data[7]                               10     16     -6 (VIOLATED)
_748_/Q                                  10     16     -6 (VIOLATED)
_749_/Q                                  10     13     -3 (VIOLATED)
_760_/Q                                  10     13     -3 (VIOLATED)
_405_/X                                  10     12     -2 (VIOLATED)
_400_/Y                                  10     11        (VIOLATED)
_759_/Q                                  10     11        (VIOLATED)

max capacitance

Pin                                        Limit         Cap       Slack
------------------------------------------------------------------------
wr_clk                                  0.200000    0.367332   -0.167332 (VIOLATED)
_746_/Q                                 0.200000    0.262047   -0.062047 (VIOLATED)
arst_n                                  0.200000    0.223517   -0.023517 (VIOLATED)



===========================================================================
report_parasitic_annotation -report_unannotated
============================================================================
Found 0 unannotated drivers.
Found 0 partially unannotated drivers.

===========================================================================
max slew violation count 279
Writing metric design__max_slew_violation__count__corner:nom_tt_025C_1v80: 279
max fanout violation count 19
Writing metric design__max_fanout_violation__count__corner:nom_tt_025C_1v80: 19
max cap violation count 3
Writing metric design__max_cap_violation__count__corner:nom_tt_025C_1v80: 3
============================================================================

===========================================================================
check_setup -verbose -unconstrained_endpoints -multiple_clock -no_clock -no_input_delay -loops -generated_clocks
===========================================================================
Warning: There are 29 unclocked register/latch pins.
  _632_/CLK
  _633_/CLK
  _634_/CLK
  _635_/CLK
  _636_/CLK
  _637_/CLK
  _638_/CLK
  _639_/CLK
  _736_/CLK
  _745_/CLK
  _746_/CLK
  _747_/CLK
  _748_/CLK
  _749_/CLK
  _750_/CLK
  _751_/CLK
  _752_/CLK
  _753_/CLK
  _754_/CLK
  _774_/CLK
  _775_/CLK
  _776_/CLK
  _777_/CLK
  _778_/CLK
  _779_/CLK
  _780_/CLK
  _781_/CLK
  _782_/CLK
  _783_/CLK
Warning: There are 44 unconstrained endpoints.
  aempty
  empty
  rd_data[0]
  rd_data[1]
  rd_data[2]
  rd_data[3]
  rd_data[4]
  rd_data[5]
  rd_data[6]
  rd_data[7]
  _632_/D
  _633_/D
  _634_/D
  _635_/D
  _636_/D
  _637_/D
  _638_/D
  _639_/D
  _736_/D
  _745_/D
  _746_/D
  _747_/D
  _748_/D
  _749_/D
  _750_/D
  _751_/D
  _752_/D
  _753_/D
  _754_/D
  _774_/D
  _775_/D
  _776_/D
  _777_/D
  _778_/D
  _779_/D
  _780_/D
  _781_/D
  _782_/D
  _783_/D
  _784_/D
  _785_/D
  _786_/D
  _787_/D
  _788_/D
