Clock: wr_clk
Sources: wr_clk 
Generated: no
Virtual: yes
Propagated: no
Period: 10.000000

===========================================================================
report_clock_properties
============================================================================
Clock                   Period          Waveform
----------------------------------------------------
wr_clk               10.000000    0.000000  5.000000

===========================================================================
report_clock_latency
============================================================================
Clock wr_clk
rise -> rise
    min     max
0.000000 0.000000 source latency
1.123549         network latency _808_/CLK
        2.276849 network latency _632_/CLK
---------------
1.123549 2.276849 latency
        1.153300 skew

rise -> fall
    min     max
0.000000 0.000000 source latency
2.134140         network latency _745_/CLK
        2.135859 network latency _632_/CLK
---------------
2.134140 2.135859 latency
        0.001719 skew

fall -> fall
    min     max
0.000000 0.000000 source latency
0.548929         network latency _808_/CLK
        0.556620 network latency _684_/CLK
---------------
0.548929 0.556620 latency
        0.007691 skew



===========================================================================
report_clock_min_period
============================================================================
wr_clk period_min = 3.25 fmax = 308.07
