
===========================================================================
 report_power
============================================================================
======================= nom_tt_025C_1v80 Corner ===================================

Group                    Internal    Switching      Leakage        Total
                            Power        Power        Power        Power (Watts)
------------------------------------------------------------------------
Sequential           1.036345e-03 3.292256e-04 1.620437e-09 1.365573e-03  52.3%
Combinational        8.453012e-04 4.016003e-04 1.414903e-09 1.246903e-03  47.7%
Clock                0.000000e+00 0.000000e+00 3.304840e-10 3.304840e-10   0.0%
Macro                0.000000e+00 0.000000e+00 0.000000e+00 0.000000e+00   0.0%
Pad                  0.000000e+00 0.000000e+00 0.000000e+00 0.000000e+00   0.0%
------------------------------------------------------------------------
Total                1.881646e-03 7.308257e-04 3.365828e-09 2.612475e-03 100.0%
                            72.0%        28.0%         0.0%
Writing metric power__internal__total: 0.0018816462252289057
Writing metric power__switching__total: 0.0007308257045224309
Writing metric power__leakage__total: 3.365828282753114e-9
Writing metric power__total: 0.0026124753057956696

