
===========================================================================
report_checks -unconstrained
===========================================================================
======================= nom_ss_100C_1v60 Corner ===================================

Startpoint: arst_n (input port clocked by wr_clk)
Endpoint: _761_ (recovery check against rising-edge clock wr_clk)
Path Group: asynchronous
Path Type: max

Fanout         Cap        Slew       Delay        Time   Description
---------------------------------------------------------------------------------------------
                                  0.000000    0.000000   clock wr_clk (rise edge)
                                  0.000000    0.000000   clock network delay (propagated)
                                  2.000000    2.000000 ^ input external delay
     1    0.002743    0.031876    0.015490    2.015490 ^ arst_n (in)
                                                         arst_n (net)
                      0.031876    0.000000    2.015490 ^ input11/A (sky130_fd_sc_hd__clkbuf_1)
     1    0.002249    0.063180    0.125736    2.141226 ^ input11/X (sky130_fd_sc_hd__clkbuf_1)
                                                         net11 (net)
                      0.063180    0.000063    2.141289 ^ fanout76/A (sky130_fd_sc_hd__buf_2)
     5    0.038241    0.301967    0.360524    2.501813 ^ fanout76/X (sky130_fd_sc_hd__buf_2)
                                                         net76 (net)
                      0.301970    0.000803    2.502616 ^ fanout75/A (sky130_fd_sc_hd__buf_2)
     6    0.044234    0.347283    0.496621    2.999237 ^ fanout75/X (sky130_fd_sc_hd__buf_2)
                                                         net75 (net)
                      0.347283    0.000671    2.999908 ^ fanout74/A (sky130_fd_sc_hd__buf_2)
     7    0.036929    0.292891    0.476958    3.476865 ^ fanout74/X (sky130_fd_sc_hd__buf_2)
                                                         net74 (net)
                      0.292891    0.000570    3.477436 ^ fanout73/A (sky130_fd_sc_hd__clkbuf_4)
    10    0.045230    0.228000    0.464724    3.942160 ^ fanout73/X (sky130_fd_sc_hd__clkbuf_4)
                                                         net73 (net)
                      0.228000    0.000476    3.942635 ^ fanout72/A (sky130_fd_sc_hd__clkbuf_4)
    10    0.042825    0.216886    0.429022    4.371657 ^ fanout72/X (sky130_fd_sc_hd__clkbuf_4)
                                                         net72 (net)
                      0.216888    0.001169    4.372826 ^ _761_/RESET_B (sky130_fd_sc_hd__dfrtp_4)
                                              4.372826   data arrival time

                                 10.000000   10.000000   clock wr_clk (rise edge)
                                  0.000000   10.000000   clock source latency
     1    0.025507    0.188610    0.130211   10.130212 ^ wr_clk (in)
                                                         wr_clk (net)
                      0.188651    0.000000   10.130212 ^ clkbuf_0_wr_clk/A (sky130_fd_sc_hd__clkbuf_16)
    16    0.106864    0.185596    0.376112   10.506323 ^ clkbuf_0_wr_clk/X (sky130_fd_sc_hd__clkbuf_16)
                                                         clknet_0_wr_clk (net)
                      0.185635    0.002698   10.509022 ^ clkbuf_4_14_0_wr_clk/A (sky130_fd_sc_hd__clkbuf_8)
     6    0.035231    0.118263    0.321520   10.830542 ^ clkbuf_4_14_0_wr_clk/X (sky130_fd_sc_hd__clkbuf_8)
                                                         clknet_4_14_0_wr_clk (net)
                      0.118277    0.001354   10.831896 ^ _761_/CLK (sky130_fd_sc_hd__dfrtp_4)
                                 -0.250000   10.581896   clock uncertainty
                                  0.000000   10.581896   clock reconvergence pessimism
                                  0.391361   10.973256   library recovery time
                                             10.973256   data required time
---------------------------------------------------------------------------------------------
                                             10.973256   data required time
                                             -4.372826   data arrival time
---------------------------------------------------------------------------------------------
                                              6.600430   slack (MET)


Startpoint: _793_ (rising edge-triggered flip-flop clocked by wr_clk)
Endpoint: _756_ (rising edge-triggered flip-flop clocked by wr_clk)
Path Group: wr_clk
Path Type: max

Fanout         Cap        Slew       Delay        Time   Description
---------------------------------------------------------------------------------------------
                                  0.000000    0.000000   clock wr_clk (rise edge)
                                  0.000000    0.000000   clock source latency
     1    0.025507    0.188610    0.130212    0.130212 ^ wr_clk (in)
                                                         wr_clk (net)
                      0.188651    0.000000    0.130212 ^ clkbuf_0_wr_clk/A (sky130_fd_sc_hd__clkbuf_16)
    16    0.106864    0.185596    0.376111    0.506323 ^ clkbuf_0_wr_clk/X (sky130_fd_sc_hd__clkbuf_16)
                                                         clknet_0_wr_clk (net)
                      0.185637    0.002748    0.509071 ^ clkbuf_4_15_0_wr_clk/A (sky130_fd_sc_hd__clkbuf_8)
     7    0.033502    0.114214    0.318770    0.827841 ^ clkbuf_4_15_0_wr_clk/X (sky130_fd_sc_hd__clkbuf_8)
                                                         clknet_4_15_0_wr_clk (net)
                      0.114216    0.000690    0.828531 ^ _793_/CLK (sky130_fd_sc_hd__dfrtp_2)
     2    0.017757    0.146275    0.913027    1.741557 v _793_/Q (sky130_fd_sc_hd__dfrtp_2)
                                                         rd_bin_sync[4] (net)
                      0.146275    0.000434    1.741992 v _314_/A (sky130_fd_sc_hd__xnor2_2)
     4    0.017511    0.407855    0.449612    2.191603 ^ _314_/Y (sky130_fd_sc_hd__xnor2_2)
                                                         _145_ (net)
                      0.407855    0.000392    2.191995 ^ _317_/B (sky130_fd_sc_hd__xor2_2)
     3    0.013827    0.319982    0.448527    2.640522 ^ _317_/X (sky130_fd_sc_hd__xor2_2)
                                                         _148_ (net)
                      0.319982    0.000423    2.640945 ^ _319_/B (sky130_fd_sc_hd__xnor2_2)
     3    0.012678    0.322382    0.330235    2.971179 ^ _319_/Y (sky130_fd_sc_hd__xnor2_2)
                                                         _150_ (net)
                      0.322382    0.000449    2.971628 ^ _321_/B (sky130_fd_sc_hd__xor2_1)
     4    0.010640    0.408446    0.502091    3.473720 ^ _321_/X (sky130_fd_sc_hd__xor2_1)
                                                         _152_ (net)
                      0.408446    0.000225    3.473944 ^ _339_/A2_N (sky130_fd_sc_hd__a2bb2o_1)
     1    0.002676    0.097453    0.687093    4.161037 v _339_/X (sky130_fd_sc_hd__a2bb2o_1)
                                                         _170_ (net)
                      0.097453    0.000077    4.161114 v _340_/B1 (sky130_fd_sc_hd__a211o_1)
     1    0.002625    0.083327    0.502205    4.663319 v _340_/X (sky130_fd_sc_hd__a211o_1)
                                                         _171_ (net)
                      0.083327    0.000076    4.663395 v _341_/B2 (sky130_fd_sc_hd__a32o_1)
     1    0.002898    0.071848    0.384059    5.047454 v _341_/X (sky130_fd_sc_hd__a32o_1)
                                                         _172_ (net)
                      0.071848    0.000087    5.047541 v _342_/B2 (sky130_fd_sc_hd__a32o_1)
     1    0.002409    0.067677    0.374006    5.421547 v _342_/X (sky130_fd_sc_hd__a32o_1)
                                                         _173_ (net)
                      0.067677    0.000069    5.421616 v _343_/B2 (sky130_fd_sc_hd__a32o_1)
     1    0.002097    0.065373    0.368816    5.790432 v _343_/X (sky130_fd_sc_hd__a32o_1)
                                                         _174_ (net)
                      0.065373    0.000044    5.790476 v _344_/B (sky130_fd_sc_hd__and2_1)
     1    0.002546    0.066026    0.307589    6.098065 v _344_/X (sky130_fd_sc_hd__and2_1)
                                                         afull_next (net)
                      0.066026    0.000072    6.098137 v _756_/D (sky130_fd_sc_hd__dfrtp_1)
                                              6.098137   data arrival time

                                 10.000000   10.000000   clock wr_clk (rise edge)
                                  0.000000   10.000000   clock source latency
     1    0.025507    0.188610    0.130211   10.130212 ^ wr_clk (in)
                                                         wr_clk (net)
                      0.188651    0.000000   10.130212 ^ clkbuf_0_wr_clk/A (sky130_fd_sc_hd__clkbuf_16)
    16    0.106864    0.185596    0.376112   10.506323 ^ clkbuf_0_wr_clk/X (sky130_fd_sc_hd__clkbuf_16)
                                                         clknet_0_wr_clk (net)
                      0.185637    0.002748   10.509071 ^ clkbuf_4_15_0_wr_clk/A (sky130_fd_sc_hd__clkbuf_8)
     7    0.033502    0.114214    0.318770   10.827841 ^ clkbuf_4_15_0_wr_clk/X (sky130_fd_sc_hd__clkbuf_8)
                                                         clknet_4_15_0_wr_clk (net)
                      0.114216    0.000627   10.828468 ^ _756_/CLK (sky130_fd_sc_hd__dfrtp_1)
                                 -0.250000   10.578468   clock uncertainty
                                  0.000000   10.578468   clock reconvergence pessimism
                                 -0.263125   10.315344   library setup time
                                             10.315344   data required time
---------------------------------------------------------------------------------------------
                                             10.315344   data required time
                                             -6.098137   data arrival time
---------------------------------------------------------------------------------------------
                                              4.217206   slack (MET)




===========================================================================
report_checks --slack_max -0.01
============================================================================
======================= nom_ss_100C_1v60 Corner ===================================

No paths found.


===========================================================================
 report_check_types -max_slew -max_cap -max_fanout -violators
============================================================================
======================= nom_ss_100C_1v60 Corner ===================================

max fanout

Pin                                   Limit Fanout  Slack
---------------------------------------------------------
clkbuf_0_wr_clk/X                        10     16     -6 (VIOLATED)
clkbuf_4_0_0_wr_clk/X                    10     14     -4 (VIOLATED)
clkbuf_4_1_0_wr_clk/X                    10     14     -4 (VIOLATED)
clkbuf_4_5_0_wr_clk/X                    10     14     -4 (VIOLATED)
clkbuf_4_10_0_wr_clk/X                   10     13     -3 (VIOLATED)
clkbuf_4_2_0_wr_clk/X                    10     13     -3 (VIOLATED)
clkbuf_4_4_0_wr_clk/X                    10     13     -3 (VIOLATED)
clkbuf_4_7_0_wr_clk/X                    10     11        (VIOLATED)



===========================================================================
report_parasitic_annotation -report_unannotated
============================================================================
Found 15 unannotated drivers.
 clkload0/X
 clkload1/X
 clkload10/Y
 clkload11/Y
 clkload12/Y
 clkload13/Y
 clkload14/Y
 clkload2/X
 clkload3/Y
 clkload4/X
 clkload5/Y
 clkload6/Y
 clkload7/Y
 clkload8/Y
 clkload9/X
Found 0 partially unannotated drivers.

===========================================================================
max slew violation count 0
max fanout violation count 8
max cap violation count 0
============================================================================

===========================================================================
check_setup -verbose -unconstrained_endpoints -multiple_clock -no_clock -no_input_delay -loops -generated_clocks
===========================================================================
Warning: There are 29 unclocked register/latch pins.
  _632_/CLK
  _633_/CLK
  _634_/CLK
  _635_/CLK
  _636_/CLK
  _637_/CLK
  _638_/CLK
  _639_/CLK
  _736_/CLK
  _745_/CLK
  _746_/CLK
  _747_/CLK
  _748_/CLK
  _749_/CLK
  _750_/CLK
  _751_/CLK
  _752_/CLK
  _753_/CLK
  _754_/CLK
  _774_/CLK
  _775_/CLK
  _776_/CLK
  _777_/CLK
  _778_/CLK
  _779_/CLK
  _780_/CLK
  _781_/CLK
  _782_/CLK
  _783_/CLK
Warning: There are 44 unconstrained endpoints.
  aempty
  empty
  rd_data[0]
  rd_data[1]
  rd_data[2]
  rd_data[3]
  rd_data[4]
  rd_data[5]
  rd_data[6]
  rd_data[7]
  _632_/D
  _633_/D
  _634_/D
  _635_/D
  _636_/D
  _637_/D
  _638_/D
  _639_/D
  _736_/D
  _745_/D
  _746_/D
  _747_/D
  _748_/D
  _749_/D
  _750_/D
  _751_/D
  _752_/D
  _753_/D
  _754_/D
  _774_/D
  _775_/D
  _776_/D
  _777_/D
  _778_/D
  _779_/D
  _780_/D
  _781_/D
  _782_/D
  _783_/D
  _784_/D
  _785_/D
  _786_/D
  _787_/D
  _788_/D
