Clock: wr_clk
Sources: wr_clk 
Generated: no
Virtual: yes
Propagated: no
Period: 10.000000

===========================================================================
report_clock_properties
============================================================================
Clock                   Period          Waveform
----------------------------------------------------
wr_clk               10.000000    0.000000  5.000000

===========================================================================
report_clock_latency
============================================================================
Clock wr_clk
rise -> rise
    min     max
0.000000 0.000000 source latency
0.827490         network latency _705_/CLK
        3.248779 network latency _748_/CLK
---------------
0.827490 3.248779 latency
        2.421289 skew

rise -> fall
    min     max
0.000000 0.000000 source latency
2.243439         network latency _782_/CLK
        3.037674 network latency _748_/CLK
---------------
2.243439 3.037674 latency
        0.794235 skew

fall -> fall
    min     max
0.000000 0.000000 source latency
0.733800         network latency _705_/CLK
        0.746692 network latency _666_/CLK
---------------
0.733800 0.746692 latency
        0.012891 skew



===========================================================================
report_clock_min_period
============================================================================
wr_clk period_min = 5.78 fmax = 172.93
