
===========================================================================
 report_power
============================================================================
======================= nom_ss_100C_1v60 Corner ===================================

Group                    Internal    Switching      Leakage        Total
                            Power        Power        Power        Power (Watts)
------------------------------------------------------------------------
Sequential           7.716832e-04 1.448331e-04 2.826430e-06 9.193427e-04  36.0%
Combinational        8.390471e-04 4.175266e-04 3.337919e-06 1.259912e-03  49.3%
Clock                1.965633e-04 1.796745e-04 3.208320e-07 3.765586e-04  14.7%
Macro                0.000000e+00 0.000000e+00 0.000000e+00 0.000000e+00   0.0%
Pad                  0.000000e+00 0.000000e+00 0.000000e+00 0.000000e+00   0.0%
------------------------------------------------------------------------
Total                1.807294e-03 7.420341e-04 6.485192e-06 2.555814e-03 100.0%
                            70.7%        29.0%         0.3%

