138. Printing statistics.

=== async_fifo ===

   Number of wires:                855
   Number of wire bits:            877
   Number of public wires:         201
   Number of public wire bits:     223
   Number of ports:                 13
   Number of port bits:             35
   Number of memories:               0
   Number of memory bits:            0
   Number of processes:              0
   Number of cells:                854
     sky130_fd_sc_hd__a211o_2        1
     sky130_fd_sc_hd__a21o_2         2
     sky130_fd_sc_hd__a221o_2       27
     sky130_fd_sc_hd__a221oi_4       1
     sky130_fd_sc_hd__and2_2         4
     sky130_fd_sc_hd__and2b_2        2
     sky130_fd_sc_hd__and3_2         9
     sky130_fd_sc_hd__and4_2         1
     sky130_fd_sc_hd__and4_4         1
     sky130_fd_sc_hd__buf_1        144
     sky130_fd_sc_hd__buf_2          2
     sky130_fd_sc_hd__buf_6          1
     sky130_fd_sc_hd__dfrtp_2       48
     sky130_fd_sc_hd__dfstp_2        2
     sky130_fd_sc_hd__dfxtp_2      128
     sky130_fd_sc_hd__inv_2         40
     sky130_fd_sc_hd__inv_4          1
     sky130_fd_sc_hd__mux2_2       165
     sky130_fd_sc_hd__nand2_2      106
     sky130_fd_sc_hd__nand2_4        4
     sky130_fd_sc_hd__nand3_2       43
     sky130_fd_sc_hd__nand3b_2       1
     sky130_fd_sc_hd__nor2_2         5
     sky130_fd_sc_hd__nor2_4         1
     sky130_fd_sc_hd__nor2_8         2
     sky130_fd_sc_hd__nor2b_4        1
     sky130_fd_sc_hd__o211a_2        2
     sky130_fd_sc_hd__o211ai_2       3
     sky130_fd_sc_hd__o21a_2        32
     sky130_fd_sc_hd__o21ai_2        1
     sky130_fd_sc_hd__o22a_2         8
     sky130_fd_sc_hd__or2_2         44
     sky130_fd_sc_hd__or2_4          3
     sky130_fd_sc_hd__or3_2          1
     sky130_fd_sc_hd__or3b_2         3
     sky130_fd_sc_hd__xnor2_2        4
     sky130_fd_sc_hd__xor2_2         6
     sky130_fd_sc_hd__xor2_4         5

   Chip area for module '\async_fifo': 9415.280000
     of which used for sequential elements: 4036.371200 (42.87%)

