
===========================================================================
 report_power
============================================================================
======================= nom_ff_n40C_1v95 Corner ===================================

Group                    Internal    Switching      Leakage        Total
                            Power        Power        Power        Power (Watts)
------------------------------------------------------------------------
Sequential           1.177457e-03 3.429726e-04 3.203161e-09 1.520433e-03  53.4%
Combinational        8.966356e-04 4.324392e-04 3.342537e-09 1.329078e-03  46.6%
Clock                0.000000e+00 0.000000e+00 0.000000e+00 0.000000e+00   0.0%
Macro                0.000000e+00 0.000000e+00 0.000000e+00 0.000000e+00   0.0%
Pad                  0.000000e+00 0.000000e+00 0.000000e+00 0.000000e+00   0.0%
------------------------------------------------------------------------
Total                2.074093e-03 7.754103e-04 6.545694e-09 2.849510e-03 100.0%
                            72.8%        27.2%         0.0%

