Clock: wr_clk
Sources: wr_clk 
Generated: no
Virtual: yes
Propagated: no
Period: 10.000000

===========================================================================
report_clock_properties
============================================================================
Clock                   Period          Waveform
----------------------------------------------------
wr_clk               10.000000    0.000000  5.000000

===========================================================================
report_clock_latency
============================================================================
Clock wr_clk
rise -> rise
    min     max
0.000000 0.000000 source latency
0.432441         network latency _738_/CLK
        2.630981 network latency _633_/CLK
---------------
0.432441 2.630981 latency
        2.198540 skew

rise -> fall
    min     max
0.000000 0.000000 source latency
2.118828         network latency _782_/CLK
        2.501602 network latency _633_/CLK
---------------
2.118828 2.501602 latency
        0.382774 skew

fall -> fall
    min     max
0.000000 0.000000 source latency
0.381507         network latency _738_/CLK
        0.388886 network latency _702_/CLK
---------------
0.381507 0.388886 latency
        0.007379 skew



===========================================================================
report_clock_min_period
============================================================================
wr_clk period_min = 3.10 fmax = 322.64
