
===========================================================================
 report_power
============================================================================
======================= nom_tt_025C_1v80 Corner ===================================

Group                    Internal    Switching      Leakage        Total
                            Power        Power        Power        Power (Watts)
------------------------------------------------------------------------
Sequential           9.794007e-04 1.805854e-04 1.658515e-09 1.159988e-03  36.3%
Combinational        1.058784e-03 5.221220e-04 2.305929e-09 1.580908e-03  49.4%
Clock                2.392940e-04 2.189814e-04 5.398391e-10 4.582759e-04  14.3%
Macro                0.000000e+00 0.000000e+00 0.000000e+00 0.000000e+00   0.0%
Pad                  0.000000e+00 0.000000e+00 0.000000e+00 0.000000e+00   0.0%
------------------------------------------------------------------------
Total                2.277479e-03 9.216888e-04 4.504282e-09 3.199172e-03 100.0%
                            71.2%        28.8%         0.0%
Writing metric power__internal__total: 0.002277478575706482
Writing metric power__switching__total: 0.0009216887992806733
Writing metric power__leakage__total: 4.504282280493044e-9
Writing metric power__total: 0.0031991717405617237

