
===========================================================================
report_checks -unconstrained
===========================================================================
======================= nom_ss_100C_1v60 Corner ===================================

Startpoint: arst_n (input port clocked by wr_clk)
Endpoint: _755_ (recovery check against rising-edge clock wr_clk)
Path Group: asynchronous
Path Type: max

Fanout         Cap        Slew       Delay        Time   Description
---------------------------------------------------------------------------------------------
                      0.150000    0.000000    0.000000   clock wr_clk (rise edge)
                                  0.000000    0.000000   clock network delay (ideal)
                                  2.000000    2.000000 ^ input external delay
    50    0.163166    1.172122    0.818662    2.818662 ^ arst_n (in)
                                                         arst_n (net)
                      1.172122    0.000000    2.818662 ^ _755_/RESET_B (sky130_fd_sc_hd__dfrtp_2)
                                              2.818662   data arrival time

                      0.150000   10.000000   10.000000   clock wr_clk (rise edge)
                                  0.000000   10.000000   clock network delay (ideal)
                                 -0.250000    9.750000   clock uncertainty
                                  0.000000    9.750000   clock reconvergence pessimism
                                              9.750000 ^ _755_/CLK (sky130_fd_sc_hd__dfrtp_2)
                                  0.002896    9.752896   library recovery time
                                              9.752896   data required time
---------------------------------------------------------------------------------------------
                                              9.752896   data required time
                                             -2.818662   data arrival time
---------------------------------------------------------------------------------------------
                                              6.934234   slack (MET)


Startpoint: wr_en (input port clocked by wr_clk)
Endpoint: _755_ (rising edge-triggered flip-flop clocked by wr_clk)
Path Group: wr_clk
Path Type: max

Fanout         Cap        Slew       Delay        Time   Description
---------------------------------------------------------------------------------------------
                      0.150000    0.000000    0.000000   clock wr_clk (rise edge)
                                  0.000000    0.000000   clock network delay (ideal)
                                  2.000000    2.000000 v input external delay
     1    0.001490    0.013752    0.005043    2.005043 v wr_en (in)
                                                         wr_en (net)
                      0.013752    0.000000    2.005043 v _379_/B (sky130_fd_sc_hd__and2b_2)
     5    0.009710    0.102656    0.416397    2.421440 v _379_/X (sky130_fd_sc_hd__and2b_2)
                                                         _208_ (net)
                      0.102656    0.000000    2.421440 v _383_/C (sky130_fd_sc_hd__and3_2)
     5    0.015569    0.131638    0.524487    2.945927 v _383_/X (sky130_fd_sc_hd__and3_2)
                                                         _211_ (net)
                      0.131638    0.000000    2.945927 v _387_/B (sky130_fd_sc_hd__and2_2)
     4    0.016850    0.132276    0.501855    3.447782 v _387_/X (sky130_fd_sc_hd__and2_2)
                                                         _214_ (net)
                      0.132276    0.000000    3.447782 v _400_/B (sky130_fd_sc_hd__nand2_2)
    11    0.045436    0.387167    0.359179    3.806960 ^ _400_/Y (sky130_fd_sc_hd__nand2_2)
                                                         _222_ (net)
                      0.387167    0.000000    3.806960 ^ _401_/B (sky130_fd_sc_hd__xnor2_2)
     1    0.004617    0.211811    0.302467    4.109427 ^ _401_/Y (sky130_fd_sc_hd__xnor2_2)
                                                         _223_ (net)
                      0.211811    0.000000    4.109427 ^ _402_/B (sky130_fd_sc_hd__nand2_2)
     1    0.001350    0.055664    0.127133    4.236561 v _402_/Y (sky130_fd_sc_hd__nand2_2)
                                                         _224_ (net)
                      0.055664    0.000000    4.236561 v _403_/C (sky130_fd_sc_hd__or4b_2)
     1    0.004181    0.230689    1.460665    5.697227 v _403_/X (sky130_fd_sc_hd__or4b_2)
                                                         _225_ (net)
                      0.230689    0.000000    5.697227 v _404_/B (sky130_fd_sc_hd__nor2_2)
     1    0.001853    0.106392    0.170546    5.867773 ^ _404_/Y (sky130_fd_sc_hd__nor2_2)
                                                         full_next (net)
                      0.106392    0.000000    5.867773 ^ _755_/D (sky130_fd_sc_hd__dfrtp_2)
                                              5.867773   data arrival time

                      0.150000   10.000000   10.000000   clock wr_clk (rise edge)
                                  0.000000   10.000000   clock network delay (ideal)
                                 -0.250000    9.750000   clock uncertainty
                                  0.000000    9.750000   clock reconvergence pessimism
                                              9.750000 ^ _755_/CLK (sky130_fd_sc_hd__dfrtp_2)
                                 -0.133446    9.616554   library setup time
                                              9.616554   data required time
---------------------------------------------------------------------------------------------
                                              9.616554   data required time
                                             -5.867773   data arrival time
---------------------------------------------------------------------------------------------
                                              3.748781   slack (MET)




===========================================================================
report_checks --slack_max -0.01
============================================================================
======================= nom_ss_100C_1v60 Corner ===================================

No paths found.


===========================================================================
 report_check_types -max_slew -max_cap -max_fanout -violators
============================================================================
======================= nom_ss_100C_1v60 Corner ===================================

max slew

Pin                                        Limit        Slew       Slack
------------------------------------------------------------------------
_355_/A1                                0.750000    1.498772   -0.748772 (VIOLATED)
_371_/A                                 0.750000    1.498772   -0.748772 (VIOLATED)
_374_/A                                 0.750000    1.498772   -0.748772 (VIOLATED)
_406_/A                                 0.750000    1.498772   -0.748772 (VIOLATED)
_407_/A                                 0.750000    1.498772   -0.748772 (VIOLATED)
_409_/A1                                0.750000    1.498772   -0.748772 (VIOLATED)
_410_/A                                 0.750000    1.498772   -0.748772 (VIOLATED)
_433_/S0                                0.750000    1.498772   -0.748772 (VIOLATED)
_434_/S0                                0.750000    1.498772   -0.748772 (VIOLATED)
_435_/S0                                0.750000    1.498772   -0.748772 (VIOLATED)
_436_/S0                                0.750000    1.498772   -0.748772 (VIOLATED)
_439_/S0                                0.750000    1.498772   -0.748772 (VIOLATED)
_440_/S0                                0.750000    1.498772   -0.748772 (VIOLATED)
_442_/S0                                0.750000    1.498772   -0.748772 (VIOLATED)
_443_/S0                                0.750000    1.498772   -0.748772 (VIOLATED)
_447_/S0                                0.750000    1.498772   -0.748772 (VIOLATED)
_448_/S0                                0.750000    1.498772   -0.748772 (VIOLATED)
_449_/S0                                0.750000    1.498772   -0.748772 (VIOLATED)
_450_/S0                                0.750000    1.498772   -0.748772 (VIOLATED)
_453_/S0                                0.750000    1.498772   -0.748772 (VIOLATED)
_454_/S0                                0.750000    1.498772   -0.748772 (VIOLATED)
_455_/S0                                0.750000    1.498772   -0.748772 (VIOLATED)
_456_/S0                                0.750000    1.498772   -0.748772 (VIOLATED)
_459_/S0                                0.750000    1.498772   -0.748772 (VIOLATED)
_460_/S0                                0.750000    1.498772   -0.748772 (VIOLATED)
_461_/S0                                0.750000    1.498772   -0.748772 (VIOLATED)
_462_/S0                                0.750000    1.498772   -0.748772 (VIOLATED)
_465_/S0                                0.750000    1.498772   -0.748772 (VIOLATED)
_466_/S0                                0.750000    1.498772   -0.748772 (VIOLATED)
_467_/S0                                0.750000    1.498772   -0.748772 (VIOLATED)
_468_/S0                                0.750000    1.498772   -0.748772 (VIOLATED)
_471_/S0                                0.750000    1.498772   -0.748772 (VIOLATED)
_472_/S0                                0.750000    1.498772   -0.748772 (VIOLATED)
_473_/S0                                0.750000    1.498772   -0.748772 (VIOLATED)
_474_/S0                                0.750000    1.498772   -0.748772 (VIOLATED)
_477_/S0                                0.750000    1.498772   -0.748772 (VIOLATED)
_478_/S0                                0.750000    1.498772   -0.748772 (VIOLATED)
_479_/S0                                0.750000    1.498772   -0.748772 (VIOLATED)
_480_/S0                                0.750000    1.498772   -0.748772 (VIOLATED)
_746_/Q                                 0.750000    1.498772   -0.748772 (VIOLATED)
arst_n                                  0.750000    1.172122   -0.422122 (VIOLATED)
_632_/RESET_B                           0.750000    1.172122   -0.422122 (VIOLATED)
_633_/RESET_B                           0.750000    1.172122   -0.422122 (VIOLATED)
_634_/RESET_B                           0.750000    1.172122   -0.422122 (VIOLATED)
_635_/RESET_B                           0.750000    1.172122   -0.422122 (VIOLATED)
_636_/RESET_B                           0.750000    1.172122   -0.422122 (VIOLATED)
_637_/RESET_B                           0.750000    1.172122   -0.422122 (VIOLATED)
_638_/RESET_B                           0.750000    1.172122   -0.422122 (VIOLATED)
_639_/RESET_B                           0.750000    1.172122   -0.422122 (VIOLATED)
_736_/SET_B                             0.750000    1.172122   -0.422122 (VIOLATED)
_745_/SET_B                             0.750000    1.172122   -0.422122 (VIOLATED)
_746_/RESET_B                           0.750000    1.172122   -0.422122 (VIOLATED)
_747_/RESET_B                           0.750000    1.172122   -0.422122 (VIOLATED)
_748_/RESET_B                           0.750000    1.172122   -0.422122 (VIOLATED)
_749_/RESET_B                           0.750000    1.172122   -0.422122 (VIOLATED)
_750_/RESET_B                           0.750000    1.172122   -0.422122 (VIOLATED)
_751_/RESET_B                           0.750000    1.172122   -0.422122 (VIOLATED)
_752_/RESET_B                           0.750000    1.172122   -0.422122 (VIOLATED)
_753_/RESET_B                           0.750000    1.172122   -0.422122 (VIOLATED)
_754_/RESET_B                           0.750000    1.172122   -0.422122 (VIOLATED)
_755_/RESET_B                           0.750000    1.172122   -0.422122 (VIOLATED)
_756_/RESET_B                           0.750000    1.172122   -0.422122 (VIOLATED)
_757_/RESET_B                           0.750000    1.172122   -0.422122 (VIOLATED)
_758_/RESET_B                           0.750000    1.172122   -0.422122 (VIOLATED)
_759_/RESET_B                           0.750000    1.172122   -0.422122 (VIOLATED)
_760_/RESET_B                           0.750000    1.172122   -0.422122 (VIOLATED)
_761_/RESET_B                           0.750000    1.172122   -0.422122 (VIOLATED)
_770_/RESET_B                           0.750000    1.172122   -0.422122 (VIOLATED)
_771_/RESET_B                           0.750000    1.172122   -0.422122 (VIOLATED)
_772_/RESET_B                           0.750000    1.172122   -0.422122 (VIOLATED)
_773_/RESET_B                           0.750000    1.172122   -0.422122 (VIOLATED)
_774_/RESET_B                           0.750000    1.172122   -0.422122 (VIOLATED)
_775_/RESET_B                           0.750000    1.172122   -0.422122 (VIOLATED)
_776_/RESET_B                           0.750000    1.172122   -0.422122 (VIOLATED)
_777_/RESET_B                           0.750000    1.172122   -0.422122 (VIOLATED)
_778_/RESET_B                           0.750000    1.172122   -0.422122 (VIOLATED)
_779_/RESET_B                           0.750000    1.172122   -0.422122 (VIOLATED)
_780_/RESET_B                           0.750000    1.172122   -0.422122 (VIOLATED)
_781_/RESET_B                           0.750000    1.172122   -0.422122 (VIOLATED)
_782_/RESET_B                           0.750000    1.172122   -0.422122 (VIOLATED)
_783_/RESET_B                           0.750000    1.172122   -0.422122 (VIOLATED)
_784_/RESET_B                           0.750000    1.172122   -0.422122 (VIOLATED)
_785_/RESET_B                           0.750000    1.172122   -0.422122 (VIOLATED)
_786_/RESET_B                           0.750000    1.172122   -0.422122 (VIOLATED)
_787_/RESET_B                           0.750000    1.172122   -0.422122 (VIOLATED)
_788_/RESET_B                           0.750000    1.172122   -0.422122 (VIOLATED)
_789_/RESET_B                           0.750000    1.172122   -0.422122 (VIOLATED)
_790_/RESET_B                           0.750000    1.172122   -0.422122 (VIOLATED)
_791_/RESET_B                           0.750000    1.172122   -0.422122 (VIOLATED)
_792_/RESET_B                           0.750000    1.172122   -0.422122 (VIOLATED)
_793_/RESET_B                           0.750000    1.172122   -0.422122 (VIOLATED)
_352_/A_N                               0.750000    0.953654   -0.203654 (VIOLATED)
_354_/A                                 0.750000    0.953654   -0.203654 (VIOLATED)
_409_/B1                                0.750000    0.953654   -0.203654 (VIOLATED)
_410_/B                                 0.750000    0.953654   -0.203654 (VIOLATED)
_419_/A                                 0.750000    0.953654   -0.203654 (VIOLATED)
_433_/S1                                0.750000    0.953654   -0.203654 (VIOLATED)
_434_/S1                                0.750000    0.953654   -0.203654 (VIOLATED)
_435_/S1                                0.750000    0.953654   -0.203654 (VIOLATED)
_436_/S1                                0.750000    0.953654   -0.203654 (VIOLATED)
_439_/S1                                0.750000    0.953654   -0.203654 (VIOLATED)
_440_/S1                                0.750000    0.953654   -0.203654 (VIOLATED)
_442_/S1                                0.750000    0.953654   -0.203654 (VIOLATED)
_443_/S1                                0.750000    0.953654   -0.203654 (VIOLATED)
_447_/S1                                0.750000    0.953654   -0.203654 (VIOLATED)
_448_/S1                                0.750000    0.953654   -0.203654 (VIOLATED)
_449_/S1                                0.750000    0.953654   -0.203654 (VIOLATED)
_450_/S1                                0.750000    0.953654   -0.203654 (VIOLATED)
_453_/S1                                0.750000    0.953654   -0.203654 (VIOLATED)
_454_/S1                                0.750000    0.953654   -0.203654 (VIOLATED)
_455_/S1                                0.750000    0.953654   -0.203654 (VIOLATED)
_456_/S1                                0.750000    0.953654   -0.203654 (VIOLATED)
_459_/S1                                0.750000    0.953654   -0.203654 (VIOLATED)
_460_/S1                                0.750000    0.953654   -0.203654 (VIOLATED)
_461_/S1                                0.750000    0.953654   -0.203654 (VIOLATED)
_462_/S1                                0.750000    0.953654   -0.203654 (VIOLATED)
_465_/S1                                0.750000    0.953654   -0.203654 (VIOLATED)
_466_/S1                                0.750000    0.953654   -0.203654 (VIOLATED)
_467_/S1                                0.750000    0.953654   -0.203654 (VIOLATED)
_468_/S1                                0.750000    0.953654   -0.203654 (VIOLATED)
_471_/S1                                0.750000    0.953654   -0.203654 (VIOLATED)
_472_/S1                                0.750000    0.953654   -0.203654 (VIOLATED)
_473_/S1                                0.750000    0.953654   -0.203654 (VIOLATED)
_474_/S1                                0.750000    0.953654   -0.203654 (VIOLATED)
_477_/S1                                0.750000    0.953654   -0.203654 (VIOLATED)
_478_/S1                                0.750000    0.953654   -0.203654 (VIOLATED)
_479_/S1                                0.750000    0.953654   -0.203654 (VIOLATED)
_480_/S1                                0.750000    0.953654   -0.203654 (VIOLATED)
_747_/Q                                 0.750000    0.953654   -0.203654 (VIOLATED)

max fanout

Pin                                   Limit Fanout  Slack
---------------------------------------------------------
arst_n                                   10     50    -40 (VIOLATED)
_746_/Q                                  10     39    -29 (VIOLATED)
_747_/Q                                  10     37    -27 (VIOLATED)
rd_clk                                   10     29    -19 (VIOLATED)
wr_data[0]                               10     16     -6 (VIOLATED)
wr_data[1]                               10     16     -6 (VIOLATED)
wr_data[2]                               10     16     -6 (VIOLATED)
wr_data[3]                               10     16     -6 (VIOLATED)
wr_data[4]                               10     16     -6 (VIOLATED)
wr_data[5]                               10     16     -6 (VIOLATED)
wr_data[6]                               10     16     -6 (VIOLATED)
wr_data[7]                               10     16     -6 (VIOLATED)
_748_/Q                                  10     16     -6 (VIOLATED)
_749_/Q                                  10     13     -3 (VIOLATED)
_760_/Q                                  10     13     -3 (VIOLATED)
_405_/X                                  10     12     -2 (VIOLATED)
_400_/Y                                  10     11        (VIOLATED)
_759_/Q                                  10     11        (VIOLATED)

max capacitance

Pin                                        Limit         Cap       Slack
------------------------------------------------------------------------
_746_/Q                                 0.200000    0.203643   -0.003643 (VIOLATED)



===========================================================================
report_parasitic_annotation -report_unannotated
============================================================================
Found 528 unannotated drivers.
 aempty_threshold[0]
 aempty_threshold[1]
 aempty_threshold[2]
 aempty_threshold[3]
 aempty_threshold[4]
 afull_threshold[0]
 afull_threshold[1]
 afull_threshold[2]
 afull_threshold[3]
 afull_threshold[4]
 arst_n
 rd_clk
 rd_en
 wr_clk
 wr_data[0]
 wr_data[1]
 wr_data[2]
 wr_data[3]
 wr_data[4]
 wr_data[5]
 wr_data[6]
 wr_data[7]
 wr_en
 _305_/Y
 _306_/Y
 _307_/Y
 _308_/Y
 _309_/Y
 _310_/Y
 _311_/Y
 _312_/Y
 _313_/Y
 _314_/Y
 _315_/X
 _316_/Y
 _317_/X
 _318_/Y
 _319_/Y
 _320_/X
 _321_/X
 _322_/Y
 _323_/X
 _324_/X
 _325_/Y
 _326_/X
 _327_/Y
 _328_/X
 _329_/X
 _330_/Y
 _331_/X
 _332_/X
 _333_/Y
 _334_/X
 _335_/Y
 _336_/X
 _337_/Y
 _338_/X
 _339_/X
 _340_/X
 _341_/X
 _342_/X
 _343_/X
 _344_/X
 _345_/Y
 _346_/X
 _347_/Y
 _348_/X
 _349_/X
 _350_/Y
 _351_/Y
 _352_/X
 _353_/Y
 _354_/X
 _355_/Y
 _356_/X
 _357_/X
 _358_/X
 _359_/Y
 _360_/X
 _361_/Y
 _362_/Y
 _363_/X
 _364_/X
 _365_/X
 _366_/X
 _367_/X
 _368_/Y
 _369_/X
 _370_/X
 _371_/X
 _372_/X
 _373_/X
 _374_/X
 _375_/X
 _376_/Y
 _377_/X
 _378_/Y
 _379_/X
 _380_/Y
 _381_/X
 _382_/Y
 _383_/X
 _384_/Y
 _385_/Y
 _386_/Y
 _387_/X
 _388_/Y
 _389_/Y
 _390_/Y
 _391_/Y
 _392_/Y
 _393_/X
 _394_/Y
 _395_/Y
 _396_/Y
 _397_/Y
 _398_/Y
 _399_/Y
 _400_/Y
 _401_/Y
 _402_/Y
 _403_/X
 _404_/Y
 _405_/X
 _406_/Y
 _407_/X
 _408_/Y
 _409_/Y
 _410_/X
 _411_/Y
 _412_/Y
 _413_/X
 _414_/Y
 _415_/Y
 _416_/X
 _417_/Y
 _418_/X
 _419_/Y
 _420_/X
 _421_/Y
 _422_/X
 _423_/Y
 _424_/Y
 _425_/Y
 _426_/Y
 _427_/Y
 _428_/X
 _429_/X
 _430_/Y
 _431_/Y
 _432_/X
 _433_/X
 _434_/X
 _435_/X
 _436_/X
 _437_/X
 _438_/X
 _439_/X
 _440_/X
 _441_/X
 _442_/X
 _443_/X
 _444_/X
 _445_/X
 _446_/X
 _447_/X
 _448_/X
 _449_/X
 _450_/X
 _451_/X
 _452_/X
 _453_/X
 _454_/X
 _455_/X
 _456_/X
 _457_/X
 _458_/X
 _459_/X
 _460_/X
 _461_/X
 _462_/X
 _463_/X
 _464_/X
 _465_/X
 _466_/X
 _467_/X
 _468_/X
 _469_/X
 _470_/X
 _471_/X
 _472_/X
 _473_/X
 _474_/X
 _475_/X
 _476_/X
 _477_/X
 _478_/X
 _479_/X
 _480_/X
 _481_/X
 _482_/X
 _483_/X
 _484_/Y
 _485_/X
 _486_/X
 _487_/X
 _488_/X
 _489_/X
 _490_/X
 _491_/X
 _492_/X
 _493_/Y
 _494_/Y
 _495_/X
 _496_/X
 _497_/X
 _498_/X
 _499_/X
 _500_/X
 _501_/X
 _502_/X
 _503_/X
 _504_/Y
 _505_/X
 _506_/X
 _507_/X
 _508_/X
 _509_/X
 _510_/X
 _511_/X
 _512_/X
 _513_/Y
 _514_/Y
 _515_/X
 _516_/X
 _517_/X
 _518_/X
 _519_/X
 _520_/X
 _521_/X
 _522_/X
 _523_/X
 _524_/Y
 _525_/X
 _526_/X
 _527_/X
 _528_/X
 _529_/X
 _530_/X
 _531_/X
 _532_/X
 _533_/Y
 _534_/X
 _535_/X
 _536_/X
 _537_/X
 _538_/X
 _539_/X
 _540_/X
 _541_/X
 _542_/Y
 _543_/X
 _544_/X
 _545_/X
 _546_/X
 _547_/X
 _548_/X
 _549_/X
 _550_/X
 _551_/Y
 _552_/X
 _553_/X
 _554_/X
 _555_/X
 _556_/X
 _557_/X
 _558_/X
 _559_/X
 _560_/Y
 _561_/Y
 _562_/X
 _563_/X
 _564_/X
 _565_/X
 _566_/X
 _567_/X
 _568_/X
 _569_/X
 _570_/Y
 _571_/X
 _572_/X
 _573_/X
 _574_/X
 _575_/X
 _576_/X
 _577_/X
 _578_/X
 _579_/Y
 _580_/X
 _581_/X
 _582_/X
 _583_/X
 _584_/X
 _585_/X
 _586_/X
 _587_/X
 _588_/X
 _589_/X
 _590_/X
 _591_/X
 _592_/X
 _593_/X
 _594_/X
 _595_/X
 _596_/X
 _597_/Y
 _598_/X
 _599_/X
 _600_/X
 _601_/X
 _602_/X
 _603_/X
 _604_/X
 _605_/X
 _606_/Y
 _607_/X
 _608_/X
 _609_/X
 _610_/X
 _611_/X
 _612_/X
 _613_/X
 _614_/X
 _615_/X
 _616_/X
 _617_/X
 _618_/X
 _619_/X
 _620_/X
 _621_/X
 _622_/X
 _623_/Y
 _624_/X
 _625_/X
 _626_/X
 _627_/X
 _628_/X
 _629_/X
 _630_/X
 _631_/X
 _632_/Q
 _633_/Q
 _634_/Q
 _635_/Q
 _636_/Q
 _637_/Q
 _638_/Q
 _639_/Q
 _640_/Q
 _641_/Q
 _642_/Q
 _643_/Q
 _644_/Q
 _645_/Q
 _646_/Q
 _647_/Q
 _648_/Q
 _649_/Q
 _650_/Q
 _651_/Q
 _652_/Q
 _653_/Q
 _654_/Q
 _655_/Q
 _656_/Q
 _657_/Q
 _658_/Q
 _659_/Q
 _660_/Q
 _661_/Q
 _662_/Q
 _663_/Q
 _664_/Q
 _665_/Q
 _666_/Q
 _667_/Q
 _668_/Q
 _669_/Q
 _670_/Q
 _671_/Q
 _672_/Q
 _673_/Q
 _674_/Q
 _675_/Q
 _676_/Q
 _677_/Q
 _678_/Q
 _679_/Q
 _680_/Q
 _681_/Q
 _682_/Q
 _683_/Q
 _684_/Q
 _685_/Q
 _686_/Q
 _687_/Q
 _688_/Q
 _689_/Q
 _690_/Q
 _691_/Q
 _692_/Q
 _693_/Q
 _694_/Q
 _695_/Q
 _696_/Q
 _697_/Q
 _698_/Q
 _699_/Q
 _700_/Q
 _701_/Q
 _702_/Q
 _703_/Q
 _704_/Q
 _705_/Q
 _706_/Q
 _707_/Q
 _708_/Q
 _709_/Q
 _710_/Q
 _711_/Q
 _712_/Q
 _713_/Q
 _714_/Q
 _715_/Q
 _716_/Q
 _717_/Q
 _718_/Q
 _719_/Q
 _720_/Q
 _721_/Q
 _722_/Q
 _723_/Q
 _724_/Q
 _725_/Q
 _726_/Q
 _727_/Q
 _728_/Q
 _729_/Q
 _730_/Q
 _731_/Q
 _732_/Q
 _733_/Q
 _734_/Q
 _735_/Q
 _736_/Q
 _737_/Q
 _738_/Q
 _739_/Q
 _740_/Q
 _741_/Q
 _742_/Q
 _743_/Q
 _744_/Q
 _745_/Q
 _746_/Q
 _747_/Q
 _748_/Q
 _749_/Q
 _750_/Q
 _751_/Q
 _752_/Q
 _753_/Q
 _754_/Q
 _755_/Q
 _756_/Q
 _757_/Q
 _758_/Q
 _759_/Q
 _760_/Q
 _761_/Q
 _762_/Q
 _763_/Q
 _764_/Q
 _765_/Q
 _766_/Q
 _767_/Q
 _768_/Q
 _769_/Q
 _770_/Q
 _771_/Q
 _772_/Q
 _773_/Q
 _774_/Q
 _775_/Q
 _776_/Q
 _777_/Q
 _778_/Q
 _779_/Q
 _780_/Q
 _781_/Q
 _782_/Q
 _783_/Q
 _784_/Q
 _785_/Q
 _786_/Q
 _787_/Q
 _788_/Q
 _789_/Q
 _790_/Q
 _791_/Q
 _792_/Q
 _793_/Q
 _794_/Q
 _795_/Q
 _796_/Q
 _797_/Q
 _798_/Q
 _799_/Q
 _800_/Q
 _801_/Q
 _802_/Q
 _803_/Q
 _804_/Q
 _805_/Q
 _806_/Q
 _807_/Q
 _808_/Q
 _809_/Q
Found 0 partially unannotated drivers.

===========================================================================
max slew violation count 129
max fanout violation count 18
max cap violation count 1
============================================================================

===========================================================================
check_setup -verbose -unconstrained_endpoints -multiple_clock -no_clock -no_input_delay -loops -generated_clocks
===========================================================================
Warning: There are 29 unclocked register/latch pins.
  _632_/CLK
  _633_/CLK
  _634_/CLK
  _635_/CLK
  _636_/CLK
  _637_/CLK
  _638_/CLK
  _639_/CLK
  _736_/CLK
  _745_/CLK
  _746_/CLK
  _747_/CLK
  _748_/CLK
  _749_/CLK
  _750_/CLK
  _751_/CLK
  _752_/CLK
  _753_/CLK
  _754_/CLK
  _774_/CLK
  _775_/CLK
  _776_/CLK
  _777_/CLK
  _778_/CLK
  _779_/CLK
  _780_/CLK
  _781_/CLK
  _782_/CLK
  _783_/CLK
Warning: There are 44 unconstrained endpoints.
  aempty
  empty
  rd_data[0]
  rd_data[1]
  rd_data[2]
  rd_data[3]
  rd_data[4]
  rd_data[5]
  rd_data[6]
  rd_data[7]
  _632_/D
  _633_/D
  _634_/D
  _635_/D
  _636_/D
  _637_/D
  _638_/D
  _639_/D
  _736_/D
  _745_/D
  _746_/D
  _747_/D
  _748_/D
  _749_/D
  _750_/D
  _751_/D
  _752_/D
  _753_/D
  _754_/D
  _774_/D
  _775_/D
  _776_/D
  _777_/D
  _778_/D
  _779_/D
  _780_/D
  _781_/D
  _782_/D
  _783_/D
  _784_/D
  _785_/D
  _786_/D
  _787_/D
  _788_/D
