Reading OpenROAD database at '/home/angesh/async_fifo/runs/fifo_pd/38-odb-setpowerconnections/async_fifo.odb'…
Reading library file at '/home/angesh/.volare/volare/sky130/versions/0fe599b2afb6708d281543108caf8310912f54af/sky130A/libs.ref/sky130_fd_sc_hd/lib/sky130_fd_sc_hd__tt_025C_1v80.lib'…
Reading design constraints file at '/nix/store/h0ldzjka94yryiq8yxbxmwargpnmwhx6-python3-3.11.9-env/lib/python3.11/site-packages/openlane/scripts/base.sdc'…
[INFO] Using clock wr_clk…
[INFO] Setting output delay to: 2.0
[INFO] Setting input delay to: 2.0
[INFO] Setting load to: 0.033442
[INFO] Setting clock uncertainty to: 0.25
[INFO] Setting clock transition to: 0.1499999999999999944488848768742172978818416595458984375
[INFO] Setting timing derate to: 5%
Setting global connections for newly added cells…
[INFO] Setting global connections...
Updating metrics…
Cell type report:                       Count       Area
  Inverter                                  9      33.78
  Sequential cell                         178    4036.37
  Multi-Input combinational cell          318    3809.90
  Total                                   505    7880.06
Writing OpenROAD database to '/home/angesh/async_fifo/runs/fifo_pd/40-openroad-cutrows/async_fifo.odb'…
Writing layout to '/home/angesh/async_fifo/runs/fifo_pd/40-openroad-cutrows/async_fifo.def'…
