Reading timing models for corner nom_tt_025C_1v80…
Reading timing library for the 'nom_tt_025C_1v80' corner at '/home/angesh/.volare/volare/sky130/versions/0fe599b2afb6708d281543108caf8310912f54af/sky130A/libs.ref/sky130_fd_sc_hd/lib/sky130_fd_sc_hd__tt_025C_1v80.lib'…
Reading timing models for corner nom_ff_n40C_1v95…
Reading timing library for the 'nom_ff_n40C_1v95' corner at '/home/angesh/.volare/volare/sky130/versions/0fe599b2afb6708d281543108caf8310912f54af/sky130A/libs.ref/sky130_fd_sc_hd/lib/sky130_fd_sc_hd__ff_n40C_1v95.lib'…
Reading timing models for corner nom_ss_100C_1v60…
Reading timing library for the 'nom_ss_100C_1v60' corner at '/home/angesh/.volare/volare/sky130/versions/0fe599b2afb6708d281543108caf8310912f54af/sky130A/libs.ref/sky130_fd_sc_hd/lib/sky130_fd_sc_hd__ss_100C_1v60.lib'…
Reading OpenROAD database at '/home/angesh/async_fifo/runs/fifo_pd/80-openroad-cts/async_fifo.odb'…
Reading design constraints file at '/nix/store/h0ldzjka94yryiq8yxbxmwargpnmwhx6-python3-3.11.9-env/lib/python3.11/site-packages/openlane/scripts/base.sdc'…
[INFO] Using clock wr_clk…
[INFO] Setting output delay to: 2.0
[INFO] Setting input delay to: 2.0
[INFO] Setting load to: 0.033442
[INFO] Setting clock uncertainty to: 0.25
[INFO] Setting clock transition to: 0.1499999999999999944488848768742172978818416595458984375
[INFO] Setting timing derate to: 5%
[INFO] Setting RC values…
[INFO RSZ-0098] No setup violations found
[INFO RSZ-0046] Found 133 endpoints with hold violations.
Iteration | Resized | Buffers | Cloned Gates |   WNS   |   TNS   | Endpoint
---------------------------------------------------------------------------
        0 |       0 |       0 |            0 |  -0.030 |  -0.112 | _789_/D
    final |       0 |     133 |            0 |   0.102 |   0.000 | _761_/D
---------------------------------------------------------------------------
[INFO RSZ-0032] Inserted 133 hold buffers.
Placement Analysis
---------------------------------
total displacement        647.8 u
average displacement        0.6 u
max displacement           11.4 u
original HPWL           14039.6 u
legalized HPWL          15338.1 u
delta HPWL                    9 %

[INFO DPL-0020] Mirrored 305 instances
[INFO DPL-0021] HPWL before           15338.1 u
[INFO DPL-0022] HPWL after            14521.0 u
[INFO DPL-0023] HPWL delta               -5.3 %
[INFO] Setting RC values…
Setting global connections for newly added cells…
[INFO] Setting global connections...
Updating metrics…
Cell type report:                       Count       Area
  Fill cell                               102     382.87
  Tap cell                                265     331.57
  Clock buffer                             22     301.54
  Timing Repair Buffer                    209    1711.64
  Inverter                                  9      33.78
  Clock inverter                           10     110.11
  Sequential cell                         178    3827.42
  Multi-Input combinational cell          318    3698.55
  Total                                  1113   10397.47
Writing OpenROAD database to '/home/angesh/async_fifo/runs/fifo_pd/82-openroad-resizertimingpostcts/async_fifo.odb'…
Writing netlist to '/home/angesh/async_fifo/runs/fifo_pd/82-openroad-resizertimingpostcts/async_fifo.nl.v'…
Writing powered netlist to '/home/angesh/async_fifo/runs/fifo_pd/82-openroad-resizertimingpostcts/async_fifo.pnl.v'…
Writing layout to '/home/angesh/async_fifo/runs/fifo_pd/82-openroad-resizertimingpostcts/async_fifo.def'…
Writing timing constraints to '/home/angesh/async_fifo/runs/fifo_pd/82-openroad-resizertimingpostcts/async_fifo.sdc'…
