Clock: wr_clk
Sources: wr_clk 
Generated: no
Virtual: no
Propagated: no
Period: 10.000000

===========================================================================
report_clock_properties
============================================================================
Clock                   Period          Waveform
----------------------------------------------------
wr_clk               10.000000    0.000000  5.000000

===========================================================================
report_clock_latency
============================================================================
Clock wr_clk
rise -> rise
    min     max
0.000000 0.000000 source latency
1.288088         network latency _640_/CLK
        2.257591 network latency _632_/CLK
---------------
1.288088 2.257591 latency
        0.969503 skew

rise -> fall
    min     max
0.000000 0.000000 source latency
2.144000         network latency _632_/CLK
        2.144000 network latency _632_/CLK
---------------
2.144000 2.144000 latency
        0.000000 skew

fall -> fall
    min     max
0.000000 0.000000 source latency
0.723571         network latency _640_/CLK
        0.723571 network latency _640_/CLK
---------------
0.723571 0.723571 latency
        0.000000 skew



===========================================================================
report_clock_min_period
============================================================================
wr_clk period_min = 5.90 fmax = 169.46
