
===========================================================================
 report_power
============================================================================
======================= nom_ss_100C_1v60 Corner ===================================

Group                    Internal    Switching      Leakage        Total
                            Power        Power        Power        Power (Watts)
------------------------------------------------------------------------
Sequential           8.063128e-04 2.179498e-04 2.952955e-06 1.027216e-03  52.2%
Combinational        6.770453e-04 2.599466e-04 2.079592e-06 9.390715e-04  47.8%
Clock                0.000000e+00 0.000000e+00 0.000000e+00 0.000000e+00   0.0%
Macro                0.000000e+00 0.000000e+00 0.000000e+00 0.000000e+00   0.0%
Pad                  0.000000e+00 0.000000e+00 0.000000e+00 0.000000e+00   0.0%
------------------------------------------------------------------------
Total                1.483359e-03 4.778960e-04 5.032547e-06 1.966287e-03 100.0%
                            75.4%        24.3%         0.3%

