
===========================================================================
report_checks -unconstrained
===========================================================================
======================= nom_tt_025C_1v80 Corner ===================================

Startpoint: arst_n (input port clocked by wr_clk)
Endpoint: _761_ (recovery check against rising-edge clock wr_clk)
Path Group: asynchronous
Path Type: max

Fanout         Cap        Slew       Delay        Time   Description
---------------------------------------------------------------------------------------------
                                  0.000000    0.000000   clock wr_clk (rise edge)
                                  0.000000    0.000000   clock network delay (propagated)
                                  2.000000    2.000000 ^ input external delay
     1    0.002833    0.019876    0.010410    2.010410 ^ arst_n (in)
                                                         arst_n (net)
                      0.019876    0.000000    2.010410 ^ input11/A (sky130_fd_sc_hd__clkbuf_1)
     1    0.002120    0.038035    0.066269    2.076679 ^ input11/X (sky130_fd_sc_hd__clkbuf_1)
                                                         net11 (net)
                      0.038035    0.000004    2.076683 ^ fanout76/A (sky130_fd_sc_hd__buf_2)
     5    0.029832    0.149549    0.180724    2.257407 ^ fanout76/X (sky130_fd_sc_hd__buf_2)
                                                         net76 (net)
                      0.149549    0.000090    2.257497 ^ fanout75/A (sky130_fd_sc_hd__buf_2)
     6    0.033662    0.167855    0.231755    2.489252 ^ fanout75/X (sky130_fd_sc_hd__buf_2)
                                                         net75 (net)
                      0.167855    0.000003    2.489255 ^ fanout74/A (sky130_fd_sc_hd__buf_2)
     7    0.032558    0.162630    0.233526    2.722782 ^ fanout74/X (sky130_fd_sc_hd__buf_2)
                                                         net74 (net)
                      0.162630    0.000003    2.722785 ^ fanout73/A (sky130_fd_sc_hd__clkbuf_4)
    10    0.042995    0.137069    0.245560    2.968345 ^ fanout73/X (sky130_fd_sc_hd__clkbuf_4)
                                                         net73 (net)
                      0.137069    0.000004    2.968350 ^ fanout72/A (sky130_fd_sc_hd__clkbuf_4)
    10    0.041671    0.133190    0.234331    3.202681 ^ fanout72/X (sky130_fd_sc_hd__clkbuf_4)
                                                         net72 (net)
                      0.133190    0.000243    3.202925 ^ _761_/RESET_B (sky130_fd_sc_hd__dfrtp_4)
                                              3.202925   data arrival time

                                 10.000000   10.000000   clock wr_clk (rise edge)
                                  0.000000   10.000000   clock source latency
     1    0.018367    0.088440    0.060759   10.060759 ^ wr_clk (in)
                                                         wr_clk (net)
                      0.088448    0.000000   10.060759 ^ clkbuf_0_wr_clk/A (sky130_fd_sc_hd__clkbuf_16)
    16    0.088680    0.105011    0.194022   10.254781 ^ clkbuf_0_wr_clk/X (sky130_fd_sc_hd__clkbuf_16)
                                                         clknet_0_wr_clk (net)
                      0.105016    0.000857   10.255637 ^ clkbuf_4_14_0_wr_clk/A (sky130_fd_sc_hd__clkbuf_8)
     6    0.032907    0.070861    0.170389   10.426026 ^ clkbuf_4_14_0_wr_clk/X (sky130_fd_sc_hd__clkbuf_8)
                                                         clknet_4_14_0_wr_clk (net)
                      0.070861    0.000140   10.426167 ^ _761_/CLK (sky130_fd_sc_hd__dfrtp_4)
                                 -0.250000   10.176167   clock uncertainty
                                  0.000000   10.176167   clock reconvergence pessimism
                                  0.196746   10.372912   library recovery time
                                             10.372912   data required time
---------------------------------------------------------------------------------------------
                                             10.372912   data required time
                                             -3.202925   data arrival time
---------------------------------------------------------------------------------------------
                                              7.169988   slack (MET)


Startpoint: wr_en (input port clocked by wr_clk)
Endpoint: _755_ (rising edge-triggered flip-flop clocked by wr_clk)
Path Group: wr_clk
Path Type: max

Fanout         Cap        Slew       Delay        Time   Description
---------------------------------------------------------------------------------------------
                                  0.000000    0.000000   clock wr_clk (rise edge)
                                  0.000000    0.000000   clock network delay (propagated)
                                  2.000000    2.000000 v input external delay
     1    0.003053    0.009218    0.004843    2.004843 v wr_en (in)
                                                         wr_en (net)
                      0.009218    0.000000    2.004843 v input22/A (sky130_fd_sc_hd__clkbuf_1)
     1    0.001900    0.022681    0.067471    2.072314 v input22/X (sky130_fd_sc_hd__clkbuf_1)
                                                         net22 (net)
                      0.022681    0.000004    2.072317 v _379_/B (sky130_fd_sc_hd__and2b_1)
     5    0.010236    0.064345    0.175260    2.247577 v _379_/X (sky130_fd_sc_hd__and2b_1)
                                                         _208_ (net)
                      0.064345    0.000054    2.247631 v _383_/C (sky130_fd_sc_hd__and3_2)
     5    0.017642    0.070566    0.256346    2.503978 v _383_/X (sky130_fd_sc_hd__and3_2)
                                                         _211_ (net)
                      0.070566    0.000131    2.504108 v _387_/B (sky130_fd_sc_hd__and2_1)
     4    0.016866    0.093292    0.219635    2.723743 v _387_/X (sky130_fd_sc_hd__and2_1)
                                                         _214_ (net)
                      0.093292    0.000035    2.723779 v _400_/B (sky130_fd_sc_hd__nand2_1)
     2    0.013536    0.134797    0.149207    2.872986 ^ _400_/Y (sky130_fd_sc_hd__nand2_1)
                                                         _222_ (net)
                      0.134797    0.000014    2.873000 ^ fanout35/A (sky130_fd_sc_hd__buf_4)
    10    0.059048    0.166620    0.234499    3.107499 ^ fanout35/X (sky130_fd_sc_hd__buf_4)
                                                         net35 (net)
                      0.166620    0.000131    3.107630 ^ _401_/B (sky130_fd_sc_hd__xnor2_1)
     1    0.002738    0.117049    0.134583    3.242213 ^ _401_/Y (sky130_fd_sc_hd__xnor2_1)
                                                         _223_ (net)
                      0.117049    0.000005    3.242218 ^ _402_/B (sky130_fd_sc_hd__nand2_1)
     1    0.002178    0.041090    0.061420    3.303638 v _402_/Y (sky130_fd_sc_hd__nand2_1)
                                                         _224_ (net)
                      0.041090    0.000008    3.303645 v _403_/C (sky130_fd_sc_hd__or4b_1)
     1    0.002662    0.083236    0.456231    3.759876 v _403_/X (sky130_fd_sc_hd__or4b_1)
                                                         _225_ (net)
                      0.083236    0.000007    3.759883 v _404_/B (sky130_fd_sc_hd__nor2_1)
     1    0.003901    0.095129    0.109496    3.869379 ^ _404_/Y (sky130_fd_sc_hd__nor2_1)
                                                         full_next (net)
                      0.095129    0.000033    3.869412 ^ _755_/D (sky130_fd_sc_hd__dfrtp_1)
                                              3.869412   data arrival time

                                 10.000000   10.000000   clock wr_clk (rise edge)
                                  0.000000   10.000000   clock source latency
     1    0.018367    0.088440    0.060759   10.060759 ^ wr_clk (in)
                                                         wr_clk (net)
                      0.088448    0.000000   10.060759 ^ clkbuf_0_wr_clk/A (sky130_fd_sc_hd__clkbuf_16)
    16    0.088680    0.105011    0.194022   10.254781 ^ clkbuf_0_wr_clk/X (sky130_fd_sc_hd__clkbuf_16)
                                                         clknet_0_wr_clk (net)
                      0.105014    0.000752   10.255532 ^ clkbuf_4_13_0_wr_clk/A (sky130_fd_sc_hd__clkbuf_8)
     8    0.034182    0.072839    0.171961   10.427494 ^ clkbuf_4_13_0_wr_clk/X (sky130_fd_sc_hd__clkbuf_8)
                                                         clknet_4_13_0_wr_clk (net)
                      0.072839    0.000188   10.427682 ^ _755_/CLK (sky130_fd_sc_hd__dfrtp_1)
                                 -0.250000   10.177682   clock uncertainty
                                  0.000000   10.177682   clock reconvergence pessimism
                                 -0.067147   10.110536   library setup time
                                             10.110536   data required time
---------------------------------------------------------------------------------------------
                                             10.110536   data required time
                                             -3.869412   data arrival time
---------------------------------------------------------------------------------------------
                                              6.241124   slack (MET)




===========================================================================
report_checks --slack_max -0.01
============================================================================
======================= nom_tt_025C_1v80 Corner ===================================

No paths found.


===========================================================================
 report_check_types -max_slew -max_cap -max_fanout -violators
============================================================================
======================= nom_tt_025C_1v80 Corner ===================================

max fanout

Pin                                   Limit Fanout  Slack
---------------------------------------------------------
clkbuf_0_wr_clk/X                        10     16     -6 (VIOLATED)
clkbuf_4_0_0_wr_clk/X                    10     14     -4 (VIOLATED)
clkbuf_4_1_0_wr_clk/X                    10     14     -4 (VIOLATED)
clkbuf_4_5_0_wr_clk/X                    10     14     -4 (VIOLATED)
clkbuf_4_10_0_wr_clk/X                   10     13     -3 (VIOLATED)
clkbuf_4_2_0_wr_clk/X                    10     13     -3 (VIOLATED)
clkbuf_4_4_0_wr_clk/X                    10     13     -3 (VIOLATED)
clkbuf_4_7_0_wr_clk/X                    10     11        (VIOLATED)



===========================================================================
report_parasitic_annotation -report_unannotated
============================================================================
Found 15 unannotated drivers.
 clkload0/X
 clkload1/X
 clkload10/Y
 clkload11/Y
 clkload12/Y
 clkload13/Y
 clkload14/Y
 clkload2/X
 clkload3/Y
 clkload4/X
 clkload5/Y
 clkload6/Y
 clkload7/Y
 clkload8/Y
 clkload9/X
Found 0 partially unannotated drivers.

===========================================================================
max slew violation count 0
Writing metric design__max_slew_violation__count__corner:nom_tt_025C_1v80: 0
max fanout violation count 8
Writing metric design__max_fanout_violation__count__corner:nom_tt_025C_1v80: 8
max cap violation count 0
Writing metric design__max_cap_violation__count__corner:nom_tt_025C_1v80: 0
============================================================================

===========================================================================
check_setup -verbose -unconstrained_endpoints -multiple_clock -no_clock -no_input_delay -loops -generated_clocks
===========================================================================
Warning: There are 29 unclocked register/latch pins.
  _632_/CLK
  _633_/CLK
  _634_/CLK
  _635_/CLK
  _636_/CLK
  _637_/CLK
  _638_/CLK
  _639_/CLK
  _736_/CLK
  _745_/CLK
  _746_/CLK
  _747_/CLK
  _748_/CLK
  _749_/CLK
  _750_/CLK
  _751_/CLK
  _752_/CLK
  _753_/CLK
  _754_/CLK
  _774_/CLK
  _775_/CLK
  _776_/CLK
  _777_/CLK
  _778_/CLK
  _779_/CLK
  _780_/CLK
  _781_/CLK
  _782_/CLK
  _783_/CLK
Warning: There are 44 unconstrained endpoints.
  aempty
  empty
  rd_data[0]
  rd_data[1]
  rd_data[2]
  rd_data[3]
  rd_data[4]
  rd_data[5]
  rd_data[6]
  rd_data[7]
  _632_/D
  _633_/D
  _634_/D
  _635_/D
  _636_/D
  _637_/D
  _638_/D
  _639_/D
  _736_/D
  _745_/D
  _746_/D
  _747_/D
  _748_/D
  _749_/D
  _750_/D
  _751_/D
  _752_/D
  _753_/D
  _754_/D
  _774_/D
  _775_/D
  _776_/D
  _777_/D
  _778_/D
  _779_/D
  _780_/D
  _781_/D
  _782_/D
  _783_/D
  _784_/D
  _785_/D
  _786_/D
  _787_/D
  _788_/D
