138. Printing statistics.

=== async_fifo ===

   Number of wires:                565
   Number of wire bits:            587
   Number of public wires:         201
   Number of public wire bits:     223
   Number of ports:                 13
   Number of port bits:             35
   Number of memories:               0
   Number of memory bits:            0
   Number of processes:              0
   Number of cells:                564
     sky130_fd_sc_hd__a2111o_2       1
     sky130_fd_sc_hd__a21bo_2        8
     sky130_fd_sc_hd__a21boi_2       4
     sky130_fd_sc_hd__a21o_2         9
     sky130_fd_sc_hd__a21oi_2       10
     sky130_fd_sc_hd__a221oi_2       1
     sky130_fd_sc_hd__a2bb2o_2       1
     sky130_fd_sc_hd__a2bb2oi_2      1
     sky130_fd_sc_hd__a31o_2         3
     sky130_fd_sc_hd__a31oi_2        1
     sky130_fd_sc_hd__and2_2         5
     sky130_fd_sc_hd__and2b_2       11
     sky130_fd_sc_hd__and3_2        11
     sky130_fd_sc_hd__and3b_2        4
     sky130_fd_sc_hd__and4_2         2
     sky130_fd_sc_hd__and4b_2        4
     sky130_fd_sc_hd__and4bb_2       3
     sky130_fd_sc_hd__dfrtp_2       48
     sky130_fd_sc_hd__dfstp_2        2
     sky130_fd_sc_hd__dfxtp_2      128
     sky130_fd_sc_hd__inv_2          8
     sky130_fd_sc_hd__mux2_1       145
     sky130_fd_sc_hd__mux4_2        33
     sky130_fd_sc_hd__nand2_2       16
     sky130_fd_sc_hd__nand2b_2       4
     sky130_fd_sc_hd__nand3_2       15
     sky130_fd_sc_hd__nand3b_2      12
     sky130_fd_sc_hd__nand4_2        3
     sky130_fd_sc_hd__nor2_2        14
     sky130_fd_sc_hd__nor3_2         1
     sky130_fd_sc_hd__nor3b_2        3
     sky130_fd_sc_hd__nor4b_2        2
     sky130_fd_sc_hd__o211a_2        3
     sky130_fd_sc_hd__o211ai_2       3
     sky130_fd_sc_hd__o21a_2         3
     sky130_fd_sc_hd__o21ai_2        6
     sky130_fd_sc_hd__o21bai_2       3
     sky130_fd_sc_hd__o221a_2        1
     sky130_fd_sc_hd__o22a_2         6
     sky130_fd_sc_hd__o2bb2a_2       1
     sky130_fd_sc_hd__o2bb2ai_2      2
     sky130_fd_sc_hd__o32a_2         1
     sky130_fd_sc_hd__o32ai_2        2
     sky130_fd_sc_hd__or2_2          4
     sky130_fd_sc_hd__or3_2          2
     sky130_fd_sc_hd__xnor2_2        5
     sky130_fd_sc_hd__xor2_2         9

   Chip area for module '\async_fifo': 8413.068800
     of which used for sequential elements: 4036.371200 (47.98%)

