138. Printing statistics.

=== async_fifo ===

   Number of wires:                504
   Number of wire bits:            526
   Number of public wires:         201
   Number of public wire bits:     223
   Number of ports:                 13
   Number of port bits:             35
   Number of memories:               0
   Number of memory bits:            0
   Number of processes:              0
   Number of cells:                503
     sky130_fd_sc_hd__a211o_2        1
     sky130_fd_sc_hd__a211oi_2       2
     sky130_fd_sc_hd__a21o_2         5
     sky130_fd_sc_hd__a21oi_2        6
     sky130_fd_sc_hd__a221o_2        2
     sky130_fd_sc_hd__a22o_2         1
     sky130_fd_sc_hd__a32o_2         1
     sky130_fd_sc_hd__and2_2         9
     sky130_fd_sc_hd__and2b_2        6
     sky130_fd_sc_hd__and3_2         5
     sky130_fd_sc_hd__dfrtp_2       48
     sky130_fd_sc_hd__dfstp_2        2
     sky130_fd_sc_hd__dfxtp_2      128
     sky130_fd_sc_hd__inv_2          5
     sky130_fd_sc_hd__mux2_1       148
     sky130_fd_sc_hd__mux4_2        36
     sky130_fd_sc_hd__nand2_2        8
     sky130_fd_sc_hd__nand2b_2       4
     sky130_fd_sc_hd__nand3_2        2
     sky130_fd_sc_hd__nand3b_2       2
     sky130_fd_sc_hd__nor2_2        29
     sky130_fd_sc_hd__nor3_2         1
     sky130_fd_sc_hd__o211a_2        2
     sky130_fd_sc_hd__o21a_2         1
     sky130_fd_sc_hd__o21ai_2        3
     sky130_fd_sc_hd__o21ba_2        3
     sky130_fd_sc_hd__o221a_2        3
     sky130_fd_sc_hd__o22a_2         1
     sky130_fd_sc_hd__o31a_2         1
     sky130_fd_sc_hd__or2_2          7
     sky130_fd_sc_hd__or3_2          2
     sky130_fd_sc_hd__or3b_2         2
     sky130_fd_sc_hd__xnor2_2       15
     sky130_fd_sc_hd__xor2_2        12

   Chip area for module '\async_fifo': 7838.768000
     of which used for sequential elements: 4036.371200 (51.49%)

