┏━━━━━━━━━━━━━━━━━━━━━━┳━━━━━━━━━━┳━━━━━━━━━━┳━━━━━━━━━━┳━━━━━━━━━━┳━━━━━━━━━━━┳━━━━━━━━━━┳━━━━━━━━━━━┳━━━━━━━━━━┳━━━━━━━━━━━┳━━━━━━━━━━┳━━━━━━━━━━━┳━━━━━━━━━━┓
┃                      ┃ Hold     ┃ Reg to   ┃          ┃          ┃ of which  ┃ Setup    ┃           ┃          ┃           ┃ of which ┃           ┃          ┃
┃                      ┃ Worst    ┃ Reg      ┃          ┃ Hold Vio ┃ reg to    ┃ Worst    ┃ Reg to    ┃ Setup    ┃ Setup Vio ┃ reg to   ┃ Max Cap   ┃ Max Slew ┃
┃ Corner/Group         ┃ Slack    ┃ Paths    ┃ Hold TNS ┃ Count    ┃ reg       ┃ Slack    ┃ Reg Paths ┃ TNS      ┃ Count     ┃ reg      ┃ Violatio… ┃ Violati… ┃
┡━━━━━━━━━━━━━━━━━━━━━━╇━━━━━━━━━━╇━━━━━━━━━━╇━━━━━━━━━━╇━━━━━━━━━━╇━━━━━━━━━━━╇━━━━━━━━━━╇━━━━━━━━━━━╇━━━━━━━━━━╇━━━━━━━━━━━╇━━━━━━━━━━╇━━━━━━━━━━━╇━━━━━━━━━━┩
│ Overall              │ 0.1069   │ 0.1069   │ 0.0000   │ 0        │ 0         │ 4.1845   │ 4.1966    │ 0.0000   │ 0         │ 0        │ 0         │ 9        │
│ nom_tt_025C_1v80     │ 0.3199   │ 0.3199   │ 0.0000   │ 0        │ 0         │ 6.1263   │ 8.7133    │ 0.0000   │ 0         │ 0        │ 0         │ 0        │
│ nom_ss_100C_1v60     │ 0.9261   │ 0.9261   │ 0.0000   │ 0        │ 0         │ 4.2172   │ 4.2172    │ 0.0000   │ 0         │ 0        │ 0         │ 0        │
│ nom_ff_n40C_1v95     │ 0.1084   │ 0.1084   │ 0.0000   │ 0        │ 0         │ 6.7662   │ 9.0779    │ 0.0000   │ 0         │ 0        │ 0         │ 0        │
│ min_tt_025C_1v80     │ 0.3176   │ 0.3176   │ 0.0000   │ 0        │ 0         │ 6.1510   │ 8.7159    │ 0.0000   │ 0         │ 0        │ 0         │ 0        │
│ min_ss_100C_1v60     │ 0.9230   │ 0.9230   │ 0.0000   │ 0        │ 0         │ 4.2312   │ 4.2312    │ 0.0000   │ 0         │ 0        │ 0         │ 0        │
│ min_ff_n40C_1v95     │ 0.1069   │ 0.1069   │ 0.0000   │ 0        │ 0         │ 6.7805   │ 9.0800    │ 0.0000   │ 0         │ 0        │ 0         │ 0        │
│ max_tt_025C_1v80     │ 0.3224   │ 0.3224   │ 0.0000   │ 0        │ 0         │ 6.1024   │ 8.7098    │ 0.0000   │ 0         │ 0        │ 0         │ 0        │
│ max_ss_100C_1v60     │ 0.9301   │ 0.9301   │ 0.0000   │ 0        │ 0         │ 4.1845   │ 4.1966    │ 0.0000   │ 0         │ 0        │ 0         │ 9        │
│ max_ff_n40C_1v95     │ 0.1102   │ 0.1102   │ 0.0000   │ 0        │ 0         │ 6.7522   │ 9.0756    │ 0.0000   │ 0         │ 0        │ 0         │ 0        │
└──────────────────────┴──────────┴──────────┴──────────┴──────────┴───────────┴──────────┴───────────┴──────────┴───────────┴──────────┴───────────┴──────────┘
