Reading OpenROAD database at '/home/angesh/async_fifo/runs/fifo_pd/43-openroad-generatepdn/async_fifo.odb'…
Reading library file at '/home/angesh/.volare/volare/sky130/versions/0fe599b2afb6708d281543108caf8310912f54af/sky130A/libs.ref/sky130_fd_sc_hd/lib/sky130_fd_sc_hd__tt_025C_1v80.lib'…
Reading design constraints file at '/nix/store/h0ldzjka94yryiq8yxbxmwargpnmwhx6-python3-3.11.9-env/lib/python3.11/site-packages/openlane/scripts/base.sdc'…
[INFO] Using clock wr_clk…
[INFO] Setting output delay to: 2.0
[INFO] Setting input delay to: 2.0
[INFO] Setting load to: 0.033442
[INFO] Setting clock uncertainty to: 0.25
[INFO] Setting clock transition to: 0.1499999999999999944488848768742172978818416595458984375
[INFO] Setting timing derate to: 5%
+ global_placement -density 0.4 -skip_io -pad_right 0 -pad_left 0 -init_wirelength_coef 0.25
[INFO GPL-0002] DBU: 1000
[INFO GPL-0003] SiteSize: (  0.460  2.720 ) um
[INFO GPL-0004] CoreBBox: (  5.520 10.880 ) ( 145.820 149.600 ) um
[INFO GPL-0006] NumInstances:               872
[INFO GPL-0007] NumPlaceInstances:          505
[INFO GPL-0008] NumFixedInstances:          367
[INFO GPL-0009] NumDummyInstances:            0
[INFO GPL-0010] NumNets:                    528
[INFO GPL-0011] NumPins:                   1916
[INFO GPL-0012] DieBBox:  (  0.000  0.000 ) ( 151.395 162.115 ) um
[INFO GPL-0013] CoreBBox: (  5.520 10.880 ) ( 145.820 149.600 ) um
[INFO GPL-0016] CoreArea:             19462.416 um^2
[INFO GPL-0017] NonPlaceInstsArea:      714.435 um^2
[INFO GPL-0018] PlaceInstsArea:        7880.058 um^2
[INFO GPL-0019] Util:                    42.031 %
[INFO GPL-0020] StdInstsArea:          7880.058 um^2
[INFO GPL-0021] MacroInstsArea:           0.000 um^2
[ERROR GPL-0302] Use a higher -density or re-floorplan with a larger core area.
Given target density: 0.40
Suggested target density: 0.43
Error: gpl.tcl, 79 GPL-0302
