
===========================================================================
 report_power
============================================================================
======================= nom_ss_100C_1v60 Corner ===================================

Group                    Internal    Switching      Leakage        Total
                            Power        Power        Power        Power (Watts)
------------------------------------------------------------------------
Sequential           8.073632e-04 2.192609e-04 2.954101e-06 1.029578e-03  54.5%
Combinational        5.975172e-04 2.585748e-04 2.260853e-06 8.583529e-04  45.5%
Clock                0.000000e+00 0.000000e+00 0.000000e+00 0.000000e+00   0.0%
Macro                0.000000e+00 0.000000e+00 0.000000e+00 0.000000e+00   0.0%
Pad                  0.000000e+00 0.000000e+00 0.000000e+00 0.000000e+00   0.0%
------------------------------------------------------------------------
Total                1.404879e-03 4.778359e-04 5.214953e-06 1.887930e-03 100.0%
                            74.4%        25.3%         0.3%

