Clock: wr_clk
Sources: wr_clk 
Generated: no
Virtual: yes
Propagated: no
Period: 10.000000

===========================================================================
report_clock_properties
============================================================================
Clock                   Period          Waveform
----------------------------------------------------
wr_clk               10.000000    0.000000  5.000000

===========================================================================
report_clock_latency
============================================================================
Clock wr_clk
rise -> rise
    min     max
0.000000 0.000000 source latency
0.323757         network latency _705_/CLK
        2.470534 network latency _748_/CLK
---------------
0.323757 2.470534 latency
        2.146778 skew

rise -> fall
    min     max
0.000000 0.000000 source latency
2.083954         network latency _782_/CLK
        2.358451 network latency _748_/CLK
---------------
2.083954 2.358451 latency
        0.274497 skew

fall -> fall
    min     max
0.000000 0.000000 source latency
0.275629         network latency _705_/CLK
        0.282314 network latency _666_/CLK
---------------
0.275629 0.282314 latency
        0.006685 skew



===========================================================================
report_clock_min_period
============================================================================
wr_clk period_min = 1.95 fmax = 511.58
