
===========================================================================
report_checks -unconstrained
===========================================================================
======================= nom_ss_100C_1v60 Corner ===================================

Startpoint: arst_n (input port clocked by wr_clk)
Endpoint: _873_ (recovery check against rising-edge clock wr_clk)
Path Group: asynchronous
Path Type: max

Fanout         Cap        Slew       Delay        Time   Description
---------------------------------------------------------------------------------------------
                      0.150000    0.000000    0.000000   clock wr_clk (rise edge)
                                  0.000000    0.000000   clock network delay (ideal)
                                  2.000000    2.000000 ^ input external delay
    50    0.163166    1.172122    0.818662    2.818662 ^ arst_n (in)
                                                         arst_n (net)
                      1.172122    0.000000    2.818662 ^ _873_/RESET_B (sky130_fd_sc_hd__dfrtp_2)
                                              2.818662   data arrival time

                      0.150000   10.000000   10.000000   clock wr_clk (rise edge)
                                  0.000000   10.000000   clock network delay (ideal)
                                 -0.250000    9.750000   clock uncertainty
                                  0.000000    9.750000   clock reconvergence pessimism
                                              9.750000 ^ _873_/CLK (sky130_fd_sc_hd__dfrtp_2)
                                  0.002896    9.752896   library recovery time
                                              9.752896   data required time
---------------------------------------------------------------------------------------------
                                              9.752896   data required time
                                             -2.818662   data arrival time
---------------------------------------------------------------------------------------------
                                              6.934234   slack (MET)


Startpoint: wr_en (input port clocked by wr_clk)
Endpoint: _790_ (rising edge-triggered flip-flop clocked by wr_clk)
Path Group: wr_clk
Path Type: max

Fanout         Cap        Slew       Delay        Time   Description
---------------------------------------------------------------------------------------------
                      0.150000    0.000000    0.000000   clock wr_clk (rise edge)
                                  0.000000    0.000000   clock network delay (ideal)
                                  2.000000    2.000000 ^ input external delay
     5    0.011049    0.090643    0.057538    2.057538 ^ wr_en (in)
                                                         wr_en (net)
                      0.090643    0.000000    2.057538 ^ _485_/B (sky130_fd_sc_hd__and3_2)
    11    0.027214    0.257772    0.522183    2.579720 ^ _485_/X (sky130_fd_sc_hd__and3_2)
                                                         _255_ (net)
                      0.257772    0.000000    2.579720 ^ _643_/D_N (sky130_fd_sc_hd__nor4b_2)
     8    0.026848    1.133887    1.037369    3.617090 ^ _643_/Y (sky130_fd_sc_hd__nor4b_2)
                                                         _353_ (net)
                      1.133887    0.000000    3.617090 ^ _644_/S (sky130_fd_sc_hd__mux2_1)
     1    0.001577    0.099660    0.925720    4.542810 v _644_/X (sky130_fd_sc_hd__mux2_1)
                                                         _040_ (net)
                      0.099660    0.000000    4.542810 v _790_/D (sky130_fd_sc_hd__dfxtp_2)
                                              4.542810   data arrival time

                      0.150000   10.000000   10.000000   clock wr_clk (rise edge)
                                  0.000000   10.000000   clock network delay (ideal)
                                 -0.250000    9.750000   clock uncertainty
                                  0.000000    9.750000   clock reconvergence pessimism
                                              9.750000 ^ _790_/CLK (sky130_fd_sc_hd__dfxtp_2)
                                 -0.265035    9.484966   library setup time
                                              9.484966   data required time
---------------------------------------------------------------------------------------------
                                              9.484966   data required time
                                             -4.542810   data arrival time
---------------------------------------------------------------------------------------------
                                              4.942156   slack (MET)




===========================================================================
report_checks --slack_max -0.01
============================================================================
======================= nom_ss_100C_1v60 Corner ===================================

No paths found.


===========================================================================
 report_check_types -max_slew -max_cap -max_fanout -violators
============================================================================
======================= nom_ss_100C_1v60 Corner ===================================

max slew

Pin                                        Limit        Slew       Slack
------------------------------------------------------------------------
_447_/B                                 0.750000    1.468046   -0.718046 (VIOLATED)
_475_/B1                                0.750000    1.468046   -0.718046 (VIOLATED)
_509_/C                                 0.750000    1.468046   -0.718046 (VIOLATED)
_510_/A                                 0.750000    1.468046   -0.718046 (VIOLATED)
_512_/A                                 0.750000    1.468046   -0.718046 (VIOLATED)
_513_/A1                                0.750000    1.468046   -0.718046 (VIOLATED)
_515_/A1                                0.750000    1.468046   -0.718046 (VIOLATED)
_516_/A                                 0.750000    1.468046   -0.718046 (VIOLATED)
_537_/S0                                0.750000    1.468046   -0.718046 (VIOLATED)
_538_/S0                                0.750000    1.468046   -0.718046 (VIOLATED)
_541_/S0                                0.750000    1.468046   -0.718046 (VIOLATED)
_542_/S0                                0.750000    1.468046   -0.718046 (VIOLATED)
_546_/S0                                0.750000    1.468046   -0.718046 (VIOLATED)
_547_/S0                                0.750000    1.468046   -0.718046 (VIOLATED)
_549_/S0                                0.750000    1.468046   -0.718046 (VIOLATED)
_550_/S0                                0.750000    1.468046   -0.718046 (VIOLATED)
_555_/S0                                0.750000    1.468046   -0.718046 (VIOLATED)
_556_/S0                                0.750000    1.468046   -0.718046 (VIOLATED)
_559_/S0                                0.750000    1.468046   -0.718046 (VIOLATED)
_560_/S0                                0.750000    1.468046   -0.718046 (VIOLATED)
_564_/S0                                0.750000    1.468046   -0.718046 (VIOLATED)
_565_/S0                                0.750000    1.468046   -0.718046 (VIOLATED)
_566_/S0                                0.750000    1.468046   -0.718046 (VIOLATED)
_567_/S0                                0.750000    1.468046   -0.718046 (VIOLATED)
_570_/S0                                0.750000    1.468046   -0.718046 (VIOLATED)
_571_/S0                                0.750000    1.468046   -0.718046 (VIOLATED)
_574_/S0                                0.750000    1.468046   -0.718046 (VIOLATED)
_575_/S0                                0.750000    1.468046   -0.718046 (VIOLATED)
_579_/S0                                0.750000    1.468046   -0.718046 (VIOLATED)
_580_/S0                                0.750000    1.468046   -0.718046 (VIOLATED)
_582_/S0                                0.750000    1.468046   -0.718046 (VIOLATED)
_583_/S0                                0.750000    1.468046   -0.718046 (VIOLATED)
_588_/S0                                0.750000    1.468046   -0.718046 (VIOLATED)
_589_/S0                                0.750000    1.468046   -0.718046 (VIOLATED)
_591_/S0                                0.750000    1.468046   -0.718046 (VIOLATED)
_592_/S0                                0.750000    1.468046   -0.718046 (VIOLATED)
_596_/S0                                0.750000    1.468046   -0.718046 (VIOLATED)
_597_/S0                                0.750000    1.468046   -0.718046 (VIOLATED)
_600_/S0                                0.750000    1.468046   -0.718046 (VIOLATED)
_601_/S0                                0.750000    1.468046   -0.718046 (VIOLATED)
_864_/Q                                 0.750000    1.468046   -0.718046 (VIOLATED)
arst_n                                  0.750000    1.172122   -0.422122 (VIOLATED)
_750_/RESET_B                           0.750000    1.172122   -0.422122 (VIOLATED)
_751_/RESET_B                           0.750000    1.172122   -0.422122 (VIOLATED)
_752_/RESET_B                           0.750000    1.172122   -0.422122 (VIOLATED)
_753_/RESET_B                           0.750000    1.172122   -0.422122 (VIOLATED)
_754_/RESET_B                           0.750000    1.172122   -0.422122 (VIOLATED)
_755_/RESET_B                           0.750000    1.172122   -0.422122 (VIOLATED)
_756_/RESET_B                           0.750000    1.172122   -0.422122 (VIOLATED)
_757_/RESET_B                           0.750000    1.172122   -0.422122 (VIOLATED)
_854_/SET_B                             0.750000    1.172122   -0.422122 (VIOLATED)
_863_/SET_B                             0.750000    1.172122   -0.422122 (VIOLATED)
_864_/RESET_B                           0.750000    1.172122   -0.422122 (VIOLATED)
_865_/RESET_B                           0.750000    1.172122   -0.422122 (VIOLATED)
_866_/RESET_B                           0.750000    1.172122   -0.422122 (VIOLATED)
_867_/RESET_B                           0.750000    1.172122   -0.422122 (VIOLATED)
_868_/RESET_B                           0.750000    1.172122   -0.422122 (VIOLATED)
_869_/RESET_B                           0.750000    1.172122   -0.422122 (VIOLATED)
_870_/RESET_B                           0.750000    1.172122   -0.422122 (VIOLATED)
_871_/RESET_B                           0.750000    1.172122   -0.422122 (VIOLATED)
_872_/RESET_B                           0.750000    1.172122   -0.422122 (VIOLATED)
_873_/RESET_B                           0.750000    1.172122   -0.422122 (VIOLATED)
_874_/RESET_B                           0.750000    1.172122   -0.422122 (VIOLATED)
_875_/RESET_B                           0.750000    1.172122   -0.422122 (VIOLATED)
_876_/RESET_B                           0.750000    1.172122   -0.422122 (VIOLATED)
_877_/RESET_B                           0.750000    1.172122   -0.422122 (VIOLATED)
_878_/RESET_B                           0.750000    1.172122   -0.422122 (VIOLATED)
_879_/RESET_B                           0.750000    1.172122   -0.422122 (VIOLATED)
_888_/RESET_B                           0.750000    1.172122   -0.422122 (VIOLATED)
_889_/RESET_B                           0.750000    1.172122   -0.422122 (VIOLATED)
_890_/RESET_B                           0.750000    1.172122   -0.422122 (VIOLATED)
_891_/RESET_B                           0.750000    1.172122   -0.422122 (VIOLATED)
_892_/RESET_B                           0.750000    1.172122   -0.422122 (VIOLATED)
_893_/RESET_B                           0.750000    1.172122   -0.422122 (VIOLATED)
_894_/RESET_B                           0.750000    1.172122   -0.422122 (VIOLATED)
_895_/RESET_B                           0.750000    1.172122   -0.422122 (VIOLATED)
_896_/RESET_B                           0.750000    1.172122   -0.422122 (VIOLATED)
_897_/RESET_B                           0.750000    1.172122   -0.422122 (VIOLATED)
_898_/RESET_B                           0.750000    1.172122   -0.422122 (VIOLATED)
_899_/RESET_B                           0.750000    1.172122   -0.422122 (VIOLATED)
_900_/RESET_B                           0.750000    1.172122   -0.422122 (VIOLATED)
_901_/RESET_B                           0.750000    1.172122   -0.422122 (VIOLATED)
_902_/RESET_B                           0.750000    1.172122   -0.422122 (VIOLATED)
_903_/RESET_B                           0.750000    1.172122   -0.422122 (VIOLATED)
_904_/RESET_B                           0.750000    1.172122   -0.422122 (VIOLATED)
_905_/RESET_B                           0.750000    1.172122   -0.422122 (VIOLATED)
_906_/RESET_B                           0.750000    1.172122   -0.422122 (VIOLATED)
_907_/RESET_B                           0.750000    1.172122   -0.422122 (VIOLATED)
_908_/RESET_B                           0.750000    1.172122   -0.422122 (VIOLATED)
_909_/RESET_B                           0.750000    1.172122   -0.422122 (VIOLATED)
_910_/RESET_B                           0.750000    1.172122   -0.422122 (VIOLATED)
_911_/RESET_B                           0.750000    1.172122   -0.422122 (VIOLATED)
_643_/Y                                 0.750000    1.133887   -0.383887 (VIOLATED)
_644_/S                                 0.750000    1.133887   -0.383887 (VIOLATED)
_645_/S                                 0.750000    1.133887   -0.383887 (VIOLATED)
_646_/S                                 0.750000    1.133887   -0.383887 (VIOLATED)
_647_/S                                 0.750000    1.133887   -0.383887 (VIOLATED)
_648_/S                                 0.750000    1.133887   -0.383887 (VIOLATED)
_649_/S                                 0.750000    1.133887   -0.383887 (VIOLATED)
_650_/S                                 0.750000    1.133887   -0.383887 (VIOLATED)
_651_/S                                 0.750000    1.133887   -0.383887 (VIOLATED)
_443_/B1                                0.750000    1.060874   -0.310874 (VIOLATED)
_444_/B1                                0.750000    1.060874   -0.310874 (VIOLATED)
_450_/B                                 0.750000    1.060874   -0.310874 (VIOLATED)
_512_/B                                 0.750000    1.060874   -0.310874 (VIOLATED)
_513_/B1                                0.750000    1.060874   -0.310874 (VIOLATED)
_515_/A2                                0.750000    1.060874   -0.310874 (VIOLATED)
_517_/A1                                0.750000    1.060874   -0.310874 (VIOLATED)
_518_/A1                                0.750000    1.060874   -0.310874 (VIOLATED)
_524_/A                                 0.750000    1.060874   -0.310874 (VIOLATED)
_526_/A                                 0.750000    1.060874   -0.310874 (VIOLATED)
_537_/S1                                0.750000    1.060874   -0.310874 (VIOLATED)
_538_/S1                                0.750000    1.060874   -0.310874 (VIOLATED)
_541_/S1                                0.750000    1.060874   -0.310874 (VIOLATED)
_542_/S1                                0.750000    1.060874   -0.310874 (VIOLATED)
_546_/S1                                0.750000    1.060874   -0.310874 (VIOLATED)
_547_/S1                                0.750000    1.060874   -0.310874 (VIOLATED)
_549_/S1                                0.750000    1.060874   -0.310874 (VIOLATED)
_550_/S1                                0.750000    1.060874   -0.310874 (VIOLATED)
_555_/S1                                0.750000    1.060874   -0.310874 (VIOLATED)
_556_/S1                                0.750000    1.060874   -0.310874 (VIOLATED)
_559_/S1                                0.750000    1.060874   -0.310874 (VIOLATED)
_560_/S1                                0.750000    1.060874   -0.310874 (VIOLATED)
_564_/S1                                0.750000    1.060874   -0.310874 (VIOLATED)
_565_/S1                                0.750000    1.060874   -0.310874 (VIOLATED)
_566_/S1                                0.750000    1.060874   -0.310874 (VIOLATED)
_567_/S1                                0.750000    1.060874   -0.310874 (VIOLATED)
_570_/S1                                0.750000    1.060874   -0.310874 (VIOLATED)
_571_/S1                                0.750000    1.060874   -0.310874 (VIOLATED)
_574_/S1                                0.750000    1.060874   -0.310874 (VIOLATED)
_575_/S1                                0.750000    1.060874   -0.310874 (VIOLATED)
_579_/S1                                0.750000    1.060874   -0.310874 (VIOLATED)
_580_/S1                                0.750000    1.060874   -0.310874 (VIOLATED)
_582_/S1                                0.750000    1.060874   -0.310874 (VIOLATED)
_583_/S1                                0.750000    1.060874   -0.310874 (VIOLATED)
_588_/S1                                0.750000    1.060874   -0.310874 (VIOLATED)
_589_/S1                                0.750000    1.060874   -0.310874 (VIOLATED)
_591_/S1                                0.750000    1.060874   -0.310874 (VIOLATED)
_592_/S1                                0.750000    1.060874   -0.310874 (VIOLATED)
_596_/S1                                0.750000    1.060874   -0.310874 (VIOLATED)
_597_/S1                                0.750000    1.060874   -0.310874 (VIOLATED)
_600_/S1                                0.750000    1.060874   -0.310874 (VIOLATED)
_601_/S1                                0.750000    1.060874   -0.310874 (VIOLATED)
_865_/Q                                 0.750000    1.060874   -0.310874 (VIOLATED)
_697_/Y                                 0.750000    0.785088   -0.035088 (VIOLATED)
_698_/S                                 0.750000    0.785088   -0.035088 (VIOLATED)
_699_/S                                 0.750000    0.785088   -0.035088 (VIOLATED)
_700_/S                                 0.750000    0.785088   -0.035088 (VIOLATED)
_701_/S                                 0.750000    0.785088   -0.035088 (VIOLATED)
_702_/S                                 0.750000    0.785088   -0.035088 (VIOLATED)
_703_/S                                 0.750000    0.785088   -0.035088 (VIOLATED)
_704_/S                                 0.750000    0.785088   -0.035088 (VIOLATED)
_705_/S                                 0.750000    0.785088   -0.035088 (VIOLATED)
_661_/Y                                 0.750000    0.785042   -0.035042 (VIOLATED)
_662_/S                                 0.750000    0.785042   -0.035042 (VIOLATED)
_663_/S                                 0.750000    0.785042   -0.035042 (VIOLATED)
_664_/S                                 0.750000    0.785042   -0.035042 (VIOLATED)
_665_/S                                 0.750000    0.785042   -0.035042 (VIOLATED)
_666_/S                                 0.750000    0.785042   -0.035042 (VIOLATED)
_667_/S                                 0.750000    0.785042   -0.035042 (VIOLATED)
_668_/S                                 0.750000    0.785042   -0.035042 (VIOLATED)
_669_/S                                 0.750000    0.785042   -0.035042 (VIOLATED)

max fanout

Pin                                   Limit Fanout  Slack
---------------------------------------------------------
arst_n                                   10     50    -40 (VIOLATED)
_865_/Q                                  10     42    -32 (VIOLATED)
_864_/Q                                  10     40    -30 (VIOLATED)
rd_clk                                   10     29    -19 (VIOLATED)
_866_/Q                                  10     23    -13 (VIOLATED)
_877_/Q                                  10     21    -11 (VIOLATED)
_867_/Q                                  10     20    -10 (VIOLATED)
_508_/X                                  10     19     -9 (VIOLATED)
_876_/Q                                  10     17     -7 (VIOLATED)
_878_/Q                                  10     17     -7 (VIOLATED)
wr_data[0]                               10     16     -6 (VIOLATED)
wr_data[1]                               10     16     -6 (VIOLATED)
wr_data[2]                               10     16     -6 (VIOLATED)
wr_data[3]                               10     16     -6 (VIOLATED)
wr_data[4]                               10     16     -6 (VIOLATED)
wr_data[5]                               10     16     -6 (VIOLATED)
wr_data[6]                               10     16     -6 (VIOLATED)
wr_data[7]                               10     16     -6 (VIOLATED)
_497_/Y                                  10     12     -2 (VIOLATED)
_485_/X                                  10     11        (VIOLATED)



===========================================================================
report_parasitic_annotation -report_unannotated
============================================================================
Found 587 unannotated drivers.
 aempty_threshold[0]
 aempty_threshold[1]
 aempty_threshold[2]
 aempty_threshold[3]
 aempty_threshold[4]
 afull_threshold[0]
 afull_threshold[1]
 afull_threshold[2]
 afull_threshold[3]
 afull_threshold[4]
 arst_n
 rd_clk
 rd_en
 wr_clk
 wr_data[0]
 wr_data[1]
 wr_data[2]
 wr_data[3]
 wr_data[4]
 wr_data[5]
 wr_data[6]
 wr_data[7]
 wr_en
 _364_/Y
 _365_/Y
 _366_/Y
 _367_/Y
 _368_/Y
 _369_/X
 _370_/X
 _371_/Y
 _372_/X
 _373_/Y
 _374_/X
 _375_/Y
 _376_/X
 _377_/Y
 _378_/X
 _379_/Y
 _380_/Y
 _381_/Y
 _382_/Y
 _383_/X
 _384_/Y
 _385_/Y
 _386_/Y
 _387_/Y
 _388_/Y
 _389_/Y
 _390_/X
 _391_/Y
 _392_/Y
 _393_/Y
 _394_/X
 _395_/Y
 _396_/Y
 _397_/Y
 _398_/Y
 _399_/X
 _400_/Y
 _401_/Y
 _402_/Y
 _403_/X
 _404_/Y
 _405_/Y
 _406_/Y
 _407_/Y
 _408_/X
 _409_/Y
 _410_/Y
 _411_/Y
 _412_/X
 _413_/Y
 _414_/X
 _415_/Y
 _416_/Y
 _417_/Y
 _418_/Y
 _419_/Y
 _420_/Y
 _421_/X
 _422_/X
 _423_/Y
 _424_/Y
 _425_/Y
 _426_/Y
 _427_/Y
 _428_/X
 _429_/Y
 _430_/Y
 _431_/Y
 _432_/Y
 _433_/X
 _434_/Y
 _435_/Y
 _436_/Y
 _437_/Y
 _438_/Y
 _439_/Y
 _440_/Y
 _441_/Y
 _442_/Y
 _443_/Y
 _444_/X
 _445_/Y
 _446_/Y
 _447_/Y
 _448_/Y
 _449_/X
 _450_/Y
 _451_/X
 _452_/Y
 _453_/X
 _454_/Y
 _455_/Y
 _456_/Y
 _457_/Y
 _458_/X
 _459_/Y
 _460_/Y
 _461_/Y
 _462_/Y
 _463_/Y
 _464_/Y
 _465_/Y
 _466_/Y
 _467_/Y
 _468_/Y
 _469_/X
 _470_/Y
 _471_/X
 _472_/X
 _473_/X
 _474_/X
 _475_/X
 _476_/Y
 _477_/Y
 _478_/X
 _479_/Y
 _480_/X
 _481_/X
 _482_/Y
 _483_/Y
 _484_/Y
 _485_/X
 _486_/Y
 _487_/Y
 _488_/X
 _489_/Y
 _490_/Y
 _491_/Y
 _492_/X
 _493_/Y
 _494_/X
 _495_/X
 _496_/X
 _497_/Y
 _498_/X
 _499_/Y
 _500_/X
 _501_/Y
 _502_/Y
 _503_/X
 _504_/X
 _505_/Y
 _506_/X
 _507_/X
 _508_/X
 _509_/X
 _510_/Y
 _511_/Y
 _512_/X
 _513_/Y
 _514_/Y
 _515_/X
 _516_/X
 _517_/Y
 _518_/X
 _519_/X
 _520_/X
 _521_/Y
 _522_/X
 _523_/X
 _524_/Y
 _525_/Y
 _526_/Y
 _527_/X
 _528_/Y
 _529_/X
 _530_/X
 _531_/X
 _532_/Y
 _533_/X
 _534_/Y
 _535_/X
 _536_/Y
 _537_/X
 _538_/X
 _539_/X
 _540_/X
 _541_/X
 _542_/X
 _543_/X
 _544_/X
 _545_/X
 _546_/X
 _547_/X
 _548_/X
 _549_/X
 _550_/X
 _551_/X
 _552_/X
 _553_/X
 _554_/X
 _555_/X
 _556_/X
 _557_/X
 _558_/X
 _559_/X
 _560_/X
 _561_/X
 _562_/X
 _563_/X
 _564_/X
 _565_/X
 _566_/X
 _567_/X
 _568_/X
 _569_/X
 _570_/X
 _571_/X
 _572_/X
 _573_/X
 _574_/X
 _575_/X
 _576_/X
 _577_/X
 _578_/X
 _579_/X
 _580_/X
 _581_/X
 _582_/X
 _583_/X
 _584_/X
 _585_/X
 _586_/X
 _587_/X
 _588_/X
 _589_/X
 _590_/X
 _591_/X
 _592_/X
 _593_/X
 _594_/X
 _595_/X
 _596_/X
 _597_/X
 _598_/X
 _599_/X
 _600_/X
 _601_/X
 _602_/X
 _603_/X
 _604_/X
 _605_/X
 _606_/X
 _607_/X
 _608_/X
 _609_/X
 _610_/X
 _611_/X
 _612_/X
 _613_/X
 _614_/X
 _615_/X
 _616_/X
 _617_/X
 _618_/X
 _619_/X
 _620_/X
 _621_/X
 _622_/X
 _623_/X
 _624_/X
 _625_/X
 _626_/X
 _627_/X
 _628_/X
 _629_/X
 _630_/X
 _631_/X
 _632_/X
 _633_/X
 _634_/X
 _635_/X
 _636_/X
 _637_/X
 _638_/X
 _639_/X
 _640_/X
 _641_/X
 _642_/X
 _643_/Y
 _644_/X
 _645_/X
 _646_/X
 _647_/X
 _648_/X
 _649_/X
 _650_/X
 _651_/X
 _652_/X
 _653_/X
 _654_/X
 _655_/X
 _656_/X
 _657_/X
 _658_/X
 _659_/X
 _660_/X
 _661_/Y
 _662_/X
 _663_/X
 _664_/X
 _665_/X
 _666_/X
 _667_/X
 _668_/X
 _669_/X
 _670_/X
 _671_/X
 _672_/X
 _673_/X
 _674_/X
 _675_/X
 _676_/X
 _677_/X
 _678_/X
 _679_/X
 _680_/X
 _681_/X
 _682_/X
 _683_/X
 _684_/X
 _685_/X
 _686_/X
 _687_/X
 _688_/X
 _689_/X
 _690_/X
 _691_/X
 _692_/X
 _693_/X
 _694_/X
 _695_/X
 _696_/X
 _697_/Y
 _698_/X
 _699_/X
 _700_/X
 _701_/X
 _702_/X
 _703_/X
 _704_/X
 _705_/X
 _706_/X
 _707_/X
 _708_/X
 _709_/X
 _710_/X
 _711_/X
 _712_/X
 _713_/X
 _714_/X
 _715_/X
 _716_/X
 _717_/X
 _718_/X
 _719_/X
 _720_/X
 _721_/X
 _722_/X
 _723_/X
 _724_/X
 _725_/X
 _726_/X
 _727_/X
 _728_/X
 _729_/X
 _730_/X
 _731_/X
 _732_/X
 _733_/X
 _734_/X
 _735_/X
 _736_/X
 _737_/X
 _738_/X
 _739_/X
 _740_/X
 _741_/X
 _742_/X
 _743_/X
 _744_/X
 _745_/X
 _746_/X
 _747_/X
 _748_/X
 _749_/X
 _750_/Q
 _751_/Q
 _752_/Q
 _753_/Q
 _754_/Q
 _755_/Q
 _756_/Q
 _757_/Q
 _758_/Q
 _759_/Q
 _760_/Q
 _761_/Q
 _762_/Q
 _763_/Q
 _764_/Q
 _765_/Q
 _766_/Q
 _767_/Q
 _768_/Q
 _769_/Q
 _770_/Q
 _771_/Q
 _772_/Q
 _773_/Q
 _774_/Q
 _775_/Q
 _776_/Q
 _777_/Q
 _778_/Q
 _779_/Q
 _780_/Q
 _781_/Q
 _782_/Q
 _783_/Q
 _784_/Q
 _785_/Q
 _786_/Q
 _787_/Q
 _788_/Q
 _789_/Q
 _790_/Q
 _791_/Q
 _792_/Q
 _793_/Q
 _794_/Q
 _795_/Q
 _796_/Q
 _797_/Q
 _798_/Q
 _799_/Q
 _800_/Q
 _801_/Q
 _802_/Q
 _803_/Q
 _804_/Q
 _805_/Q
 _806_/Q
 _807_/Q
 _808_/Q
 _809_/Q
 _810_/Q
 _811_/Q
 _812_/Q
 _813_/Q
 _814_/Q
 _815_/Q
 _816_/Q
 _817_/Q
 _818_/Q
 _819_/Q
 _820_/Q
 _821_/Q
 _822_/Q
 _823_/Q
 _824_/Q
 _825_/Q
 _826_/Q
 _827_/Q
 _828_/Q
 _829_/Q
 _830_/Q
 _831_/Q
 _832_/Q
 _833_/Q
 _834_/Q
 _835_/Q
 _836_/Q
 _837_/Q
 _838_/Q
 _839_/Q
 _840_/Q
 _841_/Q
 _842_/Q
 _843_/Q
 _844_/Q
 _845_/Q
 _846_/Q
 _847_/Q
 _848_/Q
 _849_/Q
 _850_/Q
 _851_/Q
 _852_/Q
 _853_/Q
 _854_/Q
 _855_/Q
 _856_/Q
 _857_/Q
 _858_/Q
 _859_/Q
 _860_/Q
 _861_/Q
 _862_/Q
 _863_/Q
 _864_/Q
 _865_/Q
 _866_/Q
 _867_/Q
 _868_/Q
 _869_/Q
 _870_/Q
 _871_/Q
 _872_/Q
 _873_/Q
 _874_/Q
 _875_/Q
 _876_/Q
 _877_/Q
 _878_/Q
 _879_/Q
 _880_/Q
 _881_/Q
 _882_/Q
 _883_/Q
 _884_/Q
 _885_/Q
 _886_/Q
 _887_/Q
 _888_/Q
 _889_/Q
 _890_/Q
 _891_/Q
 _892_/Q
 _893_/Q
 _894_/Q
 _895_/Q
 _896_/Q
 _897_/Q
 _898_/Q
 _899_/Q
 _900_/Q
 _901_/Q
 _902_/Q
 _903_/Q
 _904_/Q
 _905_/Q
 _906_/Q
 _907_/Q
 _908_/Q
 _909_/Q
 _910_/Q
 _911_/Q
 _912_/Q
 _913_/Q
 _914_/Q
 _915_/Q
 _916_/Q
 _917_/Q
 _918_/Q
 _919_/Q
 _920_/Q
 _921_/Q
 _922_/Q
 _923_/Q
 _924_/Q
 _925_/Q
 _926_/Q
 _927_/Q
Found 0 partially unannotated drivers.

===========================================================================
max slew violation count 162
max fanout violation count 20
max cap violation count 0
============================================================================

===========================================================================
check_setup -verbose -unconstrained_endpoints -multiple_clock -no_clock -no_input_delay -loops -generated_clocks
===========================================================================
Warning: There are 29 unclocked register/latch pins.
  _750_/CLK
  _751_/CLK
  _752_/CLK
  _753_/CLK
  _754_/CLK
  _755_/CLK
  _756_/CLK
  _757_/CLK
  _854_/CLK
  _863_/CLK
  _864_/CLK
  _865_/CLK
  _866_/CLK
  _867_/CLK
  _868_/CLK
  _869_/CLK
  _870_/CLK
  _871_/CLK
  _872_/CLK
  _892_/CLK
  _893_/CLK
  _894_/CLK
  _895_/CLK
  _896_/CLK
  _897_/CLK
  _898_/CLK
  _899_/CLK
  _900_/CLK
  _901_/CLK
Warning: There are 44 unconstrained endpoints.
  aempty
  empty
  rd_data[0]
  rd_data[1]
  rd_data[2]
  rd_data[3]
  rd_data[4]
  rd_data[5]
  rd_data[6]
  rd_data[7]
  _750_/D
  _751_/D
  _752_/D
  _753_/D
  _754_/D
  _755_/D
  _756_/D
  _757_/D
  _854_/D
  _863_/D
  _864_/D
  _865_/D
  _866_/D
  _867_/D
  _868_/D
  _869_/D
  _870_/D
  _871_/D
  _872_/D
  _892_/D
  _893_/D
  _894_/D
  _895_/D
  _896_/D
  _897_/D
  _898_/D
  _899_/D
  _900_/D
  _901_/D
  _902_/D
  _903_/D
  _904_/D
  _905_/D
  _906_/D
