Reading timing models for corner nom_tt_025C_1v80…
Reading timing library for the 'nom_tt_025C_1v80' corner at '/home/angesh/.volare/volare/sky130/versions/0fe599b2afb6708d281543108caf8310912f54af/sky130A/libs.ref/sky130_fd_sc_hd/lib/sky130_fd_sc_hd__tt_025C_1v80.lib'…
Reading timing models for corner nom_ff_n40C_1v95…
Reading timing library for the 'nom_ff_n40C_1v95' corner at '/home/angesh/.volare/volare/sky130/versions/0fe599b2afb6708d281543108caf8310912f54af/sky130A/libs.ref/sky130_fd_sc_hd/lib/sky130_fd_sc_hd__ff_n40C_1v95.lib'…
Reading timing models for corner nom_ss_100C_1v60…
Reading timing library for the 'nom_ss_100C_1v60' corner at '/home/angesh/.volare/volare/sky130/versions/0fe599b2afb6708d281543108caf8310912f54af/sky130A/libs.ref/sky130_fd_sc_hd/lib/sky130_fd_sc_hd__ss_100C_1v60.lib'…
Reading OpenROAD database at '/home/angesh/async_fifo/runs/fifo_pd/79-openroad-detailedplacement/async_fifo.odb'…
Reading design constraints file at '/nix/store/h0ldzjka94yryiq8yxbxmwargpnmwhx6-python3-3.11.9-env/lib/python3.11/site-packages/openlane/scripts/base.sdc'…
[INFO] Using clock wr_clk…
[INFO] Setting output delay to: 2.0
[INFO] Setting input delay to: 2.0
[INFO] Setting load to: 0.033442
[INFO] Setting clock uncertainty to: 0.25
[INFO] Setting clock transition to: 0.1499999999999999944488848768742172978818416595458984375
[INFO] Setting timing derate to: 5%
[INFO] Setting RC values…
[INFO] Configuring cts characterization…
[INFO] Performing clock tree synthesis…
[INFO] Looking for the following net(s): wr_clk
[INFO] Running Clock Tree Synthesis…
[INFO CTS-0050] Root buffer is sky130_fd_sc_hd__clkbuf_16.
[INFO CTS-0051] Sink buffer is sky130_fd_sc_hd__clkbuf_8.
[INFO CTS-0052] The following clock buffers will be used for CTS:
                    sky130_fd_sc_hd__clkbuf_2
                    sky130_fd_sc_hd__clkbuf_4
                    sky130_fd_sc_hd__clkbuf_8
[INFO CTS-0049] Characterization buffer is sky130_fd_sc_hd__clkbuf_8.
[INFO CTS-0007] Net "wr_clk" found for clock "wr_clk".
[INFO CTS-0010]  Clock net "wr_clk" has 149 sinks.
[INFO CTS-0008] TritonCTS found 1 clock nets.
[INFO CTS-0097] Characterization used 3 buffer(s) types.
[INFO CTS-0200] 0 placement blockages have been identified.
[INFO CTS-0201] 0 placed hard macros will be treated like blockages.
[INFO CTS-0027] Generating H-Tree topology for net wr_clk.
[INFO CTS-0028]  Total number of sinks: 149.
[INFO CTS-0029]  Sinks will be clustered in groups of up to 25 and with maximum cluster diameter of 50.0 um.
[INFO CTS-0030]  Number of static layers: 0.
[INFO CTS-0020]  Wire segment unit: 13600  dbu (13 um).
[INFO CTS-0023]  Original sink region: [(8085, 17620), (143715, 140140)].
[INFO CTS-0024]  Normalized sink region: [(0.594485, 1.29559), (10.5673, 10.3044)].
[INFO CTS-0025]     Width:  9.9728.
[INFO CTS-0026]     Height: 9.0088.
 Level 1
    Direction: Horizontal
    Sinks per sub-region: 75
    Sub-region size: 4.9864 X 9.0088
[INFO CTS-0034]     Segment length (rounded): 2.
 Level 2
    Direction: Vertical
    Sinks per sub-region: 38
    Sub-region size: 4.9864 X 4.5044
[INFO CTS-0034]     Segment length (rounded): 2.
 Level 3
    Direction: Horizontal
    Sinks per sub-region: 19
    Sub-region size: 2.4932 X 4.5044
[INFO CTS-0034]     Segment length (rounded): 1.
 Level 4
    Direction: Vertical
    Sinks per sub-region: 10
    Sub-region size: 2.4932 X 2.2522
[INFO CTS-0034]     Segment length (rounded): 1.
[INFO CTS-0032]  Stop criterion found. Max number of sinks is 15.
[INFO CTS-0035]  Number of sinks covered: 149.
[INFO CTS-0018]     Created 17 clock buffers.
[INFO CTS-0012]     Minimum number of buffers in the clock path: 2.
[INFO CTS-0013]     Maximum number of buffers in the clock path: 2.
[INFO CTS-0015]     Created 17 clock nets.
[INFO CTS-0016]     Fanout distribution for the current clock = 5:1, 6:2, 7:3, 8:2, 9:1, 10:1, 12:3, 13:2, 14:1..
[INFO CTS-0017]     Max level of the clock tree: 4.
[INFO CTS-0098] Clock net "wr_clk"
[INFO CTS-0099]  Sinks 164
[INFO CTS-0100]  Leaf buffers 0
[INFO CTS-0101]  Average sink wire length 208.83 um
[INFO CTS-0102]  Path depth 2 - 2
[INFO CTS-0207]  Leaf load cells 15
[INFO] Repairing long wires on clock nets…
[INFO RSZ-0058] Using max wire length 6335um.
Setting global connections for newly added cells…
[INFO] Setting global connections...
Updating metrics…
Cell type report:                       Count       Area
  Fill cell                               102     382.87
  Tap cell                                265     331.57
  Clock buffer                             22     301.54
  Timing Repair Buffer                     76     380.36
  Inverter                                  9      33.78
  Clock inverter                           10     110.11
  Sequential cell                         178    3827.42
  Multi-Input combinational cell          318    3698.55
  Total                                   980    9066.20
Writing OpenROAD database to '/home/angesh/async_fifo/runs/fifo_pd/80-openroad-cts/async_fifo.odb'…
Writing netlist to '/home/angesh/async_fifo/runs/fifo_pd/80-openroad-cts/async_fifo.nl.v'…
Writing powered netlist to '/home/angesh/async_fifo/runs/fifo_pd/80-openroad-cts/async_fifo.pnl.v'…
Writing layout to '/home/angesh/async_fifo/runs/fifo_pd/80-openroad-cts/async_fifo.def'…
Writing timing constraints to '/home/angesh/async_fifo/runs/fifo_pd/80-openroad-cts/async_fifo.sdc'…
[INFO] Legalizing…
Placement Analysis
---------------------------------
total displacement        206.6 u
average displacement        0.2 u
max displacement            8.7 u
original HPWL           13554.9 u
legalized HPWL          14184.7 u
delta HPWL                    5 %

[INFO DPL-0020] Mirrored 204 instances
[INFO DPL-0021] HPWL before           14184.7 u
[INFO DPL-0022] HPWL after            13660.0 u
[INFO DPL-0023] HPWL delta               -3.7 %
Setting global connections for newly added cells…
[INFO] Setting global connections...
Updating metrics…
Cell type report:                       Count       Area
  Fill cell                               102     382.87
  Tap cell                                265     331.57
  Clock buffer                             22     301.54
  Timing Repair Buffer                     76     380.36
  Inverter                                  9      33.78
  Clock inverter                           10     110.11
  Sequential cell                         178    3827.42
  Multi-Input combinational cell          318    3698.55
  Total                                   980    9066.20
Writing OpenROAD database to '/home/angesh/async_fifo/runs/fifo_pd/80-openroad-cts/async_fifo.odb'…
Writing netlist to '/home/angesh/async_fifo/runs/fifo_pd/80-openroad-cts/async_fifo.nl.v'…
Writing powered netlist to '/home/angesh/async_fifo/runs/fifo_pd/80-openroad-cts/async_fifo.pnl.v'…
Writing layout to '/home/angesh/async_fifo/runs/fifo_pd/80-openroad-cts/async_fifo.def'…
Writing timing constraints to '/home/angesh/async_fifo/runs/fifo_pd/80-openroad-cts/async_fifo.sdc'…
%OL_CREATE_REPORT cts.rpt
[INFO CTS-0003] Total number of Clock Roots: 1.
[INFO CTS-0004] Total number of Buffers Inserted: 17.
[INFO CTS-0005] Total number of Clock Subnets: 17.
[INFO CTS-0006] Total number of Sinks: 149.
%OL_END_REPORT
