┏━━━━━━━━━━━━━━━━┳━━━━━━━┳━━━━━━━━━━━━━┳━━━━━━━━━━━━━━━━━━━━━━━━┳━━━━━━━━━━━━━━━━━━━━━━━━━━━━┓
┃ SYNTH_STRATEGY ┃ Gates ┃ Area (µm²)  ┃ Worst Setup Slack (ns) ┃ Total -ve Setup Slack (ns) ┃
┡━━━━━━━━━━━━━━━━╇━━━━━━━╇━━━━━━━━━━━━━╇━━━━━━━━━━━━━━━━━━━━━━━━╇━━━━━━━━━━━━━━━━━━━━━━━━━━━━┩
│ AREA 0         │ 505   │ 7880.057600 │ 3.7487813914181314     │ 0.0                        │
│ AREA 1         │ 515   │ 7928.854400 │ 4.232652126371361      │ 0.0                        │
│ AREA 2         │ 503   │ 7838.768000 │ 4.612487411458323      │ 0.0                        │
│ AREA 3         │ 854   │ 9415.280000 │ 4.820870061824992      │ 0.0                        │
│ DELAY 0        │ 564   │ 8413.068800 │ 4.942156157535766      │ 0.0                        │
│ DELAY 1        │ 562   │ 8429.334400 │ 4.989429455261286      │ 0.0                        │
│ DELAY 2        │ 552   │ 8340.499200 │ 4.851653438543991      │ 0.0                        │
│ DELAY 3        │ 568   │ 8494.396800 │ 4.936559745154959      │ 0.0                        │
│ DELAY 4        │ 693   │ 9056.185600 │ 4.312894163879359      │ 0.0                        │
└────────────────┴───────┴─────────────┴────────────────────────┴────────────────────────────┘
