Reading OpenROAD database at '/home/angesh/async_fifo/runs/fifo_pd/84-openroad-globalrouting/async_fifo.odb'…
Reading library file at '/home/angesh/.volare/volare/sky130/versions/0fe599b2afb6708d281543108caf8310912f54af/sky130A/libs.ref/sky130_fd_sc_hd/lib/sky130_fd_sc_hd__tt_025C_1v80.lib'…
Reading design constraints file at '/nix/store/h0ldzjka94yryiq8yxbxmwargpnmwhx6-python3-3.11.9-env/lib/python3.11/site-packages/openlane/scripts/base.sdc'…
[INFO] Using clock wr_clk…
[INFO] Setting output delay to: 2.0
[INFO] Setting input delay to: 2.0
[INFO] Setting load to: 0.033442
[INFO] Setting clock uncertainty to: 0.25
[INFO] Setting clock transition to: 0.1499999999999999944488848768742172978818416595458984375
[INFO] Setting timing derate to: 5%
[INFO] Setting signal min routing layer to: met1 and clock min routing layer to met1. 
[INFO] Setting signal max routing layer to: met5 and clock max routing layer to met5. 
-congestion_iterations 50 -verbose
[INFO GRT-0020] Min routing layer: met1
[INFO GRT-0021] Max routing layer: met5
[INFO GRT-0022] Global adjustment: 30%
[INFO GRT-0023] Grid origin: (0, 0)
[INFO GRT-0043] No OR_DEFAULT vias defined.
[INFO GRT-0088] Layer li1     Track-Pitch = 0.4600  line-2-Via Pitch: 0.3400
[INFO GRT-0088] Layer met1    Track-Pitch = 0.3400  line-2-Via Pitch: 0.3400
[INFO GRT-0088] Layer met2    Track-Pitch = 0.4600  line-2-Via Pitch: 0.3500
[INFO GRT-0088] Layer met3    Track-Pitch = 0.6800  line-2-Via Pitch: 0.6150
[INFO GRT-0088] Layer met4    Track-Pitch = 0.9200  line-2-Via Pitch: 1.0400
[INFO GRT-0088] Layer met5    Track-Pitch = 3.4000  line-2-Via Pitch: 3.1100
[INFO GRT-0019] Found 18 clock nets.
[INFO GRT-0001] Minimum degree: 2
[INFO GRT-0002] Maximum degree: 17
[INFO GRT-0003] Macros: 0
[INFO GRT-0043] No OR_DEFAULT vias defined.
[INFO GRT-0004] Blockages: 3389

[INFO GRT-0053] Routing resources analysis:
          Routing      Original      Derated      Resource
Layer     Direction    Resources     Resources    Reduction (%)
---------------------------------------------------------------
li1        Vertical            0             0          0.00%
met1       Horizontal       9830          4682          52.37%
met2       Vertical         7597          4834          36.37%
met3       Horizontal       4915          3280          33.27%
met4       Vertical         3094          1898          38.66%
met5       Horizontal        983           480          51.17%
---------------------------------------------------------------

[INFO GRT-0197] Via related to pin nodes: 3892
[INFO GRT-0198] Via related Steiner nodes: 74
[INFO GRT-0199] Via filling finished.
[INFO GRT-0111] Final number of vias: 4844
[INFO GRT-0112] Final usage 3D: 17131

[INFO GRT-0096] Final congestion report:
Layer         Resource        Demand        Usage (%)    Max H / Max V / Total Overflow
---------------------------------------------------------------------------------------
li1                  0             0            0.00%             0 /  0 /  0
met1              4682          1238           26.44%             0 /  0 /  0
met2              4834          1308           27.06%             0 /  0 /  0
met3              3280            48            1.46%             0 /  0 /  0
met4              1898             5            0.26%             0 /  0 /  0
met5               480             0            0.00%             0 /  0 /  0
---------------------------------------------------------------------------------------
Total            15174          2599           17.13%             0 /  0 /  0

[INFO GRT-0018] Total wirelength: 28993 um
[INFO GRT-0014] Routed nets: 754
[INFO GRT-0006] Repairing antennas, iteration 1.
[INFO GRT-0043] No OR_DEFAULT vias defined.
[INFO GRT-0012] Found 0 antenna violations.
Placement Analysis
---------------------------------
total displacement          0.0 u
average displacement        0.0 u
max displacement            0.0 u
original HPWL           14521.0 u
legalized HPWL          15338.1 u
delta HPWL                    6 %

[INFO DPL-0020] Mirrored 305 instances
[INFO DPL-0021] HPWL before           15338.1 u
[INFO DPL-0022] HPWL after            14521.0 u
[INFO DPL-0023] HPWL delta               -5.3 %
-congestion_iterations 50 -verbose
[INFO GRT-0020] Min routing layer: met1
[INFO GRT-0021] Max routing layer: met5
[INFO GRT-0022] Global adjustment: 30%
[INFO GRT-0023] Grid origin: (0, 0)
[INFO GRT-0043] No OR_DEFAULT vias defined.
[INFO GRT-0088] Layer li1     Track-Pitch = 0.4600  line-2-Via Pitch: 0.3400
[INFO GRT-0088] Layer met1    Track-Pitch = 0.3400  line-2-Via Pitch: 0.3400
[INFO GRT-0088] Layer met2    Track-Pitch = 0.4600  line-2-Via Pitch: 0.3500
[INFO GRT-0088] Layer met3    Track-Pitch = 0.6800  line-2-Via Pitch: 0.6150
[INFO GRT-0088] Layer met4    Track-Pitch = 0.9200  line-2-Via Pitch: 1.0400
[INFO GRT-0088] Layer met5    Track-Pitch = 3.4000  line-2-Via Pitch: 3.1100
[INFO GRT-0019] Found 18 clock nets.
[INFO GRT-0001] Minimum degree: 2
[INFO GRT-0002] Maximum degree: 17
[INFO GRT-0003] Macros: 0
[INFO GRT-0043] No OR_DEFAULT vias defined.
[INFO GRT-0004] Blockages: 3389

[INFO GRT-0053] Routing resources analysis:
          Routing      Original      Derated      Resource
Layer     Direction    Resources     Resources    Reduction (%)
---------------------------------------------------------------
li1        Vertical            0             0          0.00%
met1       Horizontal       9830          4682          52.37%
met2       Vertical         7597          4834          36.37%
met3       Horizontal       4915          3280          33.27%
met4       Vertical         3094          1898          38.66%
met5       Horizontal        983           480          51.17%
---------------------------------------------------------------

[INFO GRT-0197] Via related to pin nodes: 3892
[INFO GRT-0198] Via related Steiner nodes: 74
[INFO GRT-0199] Via filling finished.
[INFO GRT-0111] Final number of vias: 4844
[INFO GRT-0112] Final usage 3D: 17131

[INFO GRT-0096] Final congestion report:
Layer         Resource        Demand        Usage (%)    Max H / Max V / Total Overflow
---------------------------------------------------------------------------------------
li1                  0             0            0.00%             0 /  0 /  0
met1              4682          1238           26.44%             0 /  0 /  0
met2              4834          1308           27.06%             0 /  0 /  0
met3              3280            48            1.46%             0 /  0 /  0
met4              1898             5            0.26%             0 /  0 /  0
met5               480             0            0.00%             0 /  0 /  0
---------------------------------------------------------------------------------------
Total            15174          2599           17.13%             0 /  0 /  0

[INFO GRT-0018] Total wirelength: 28993 um
[INFO GRT-0014] Routed nets: 754
[INFO] Setting RC values…
Setting global connections for newly added cells…
[INFO] Setting global connections...
Updating metrics…
Cell type report:                       Count       Area
  Fill cell                               102     382.87
  Tap cell                                265     331.57
  Clock buffer                             22     301.54
  Timing Repair Buffer                    209    1711.64
  Inverter                                  9      33.78
  Clock inverter                           10     110.11
  Sequential cell                         178    3827.42
  Multi-Input combinational cell          318    3698.55
  Total                                  1113   10397.47
Writing OpenROAD database to '/home/angesh/async_fifo/runs/fifo_pd/87-openroad-repairantennas/1-diodeinsertion/async_fifo.odb'…
Writing layout to '/home/angesh/async_fifo/runs/fifo_pd/87-openroad-repairantennas/1-diodeinsertion/async_fifo.def'…
