Clock: wr_clk
Sources: wr_clk 
Generated: no
Virtual: yes
Propagated: no
Period: 10.000000

===========================================================================
report_clock_properties
============================================================================
Clock                   Period          Waveform
----------------------------------------------------
wr_clk               10.000000    0.000000  5.000000

===========================================================================
report_clock_latency
============================================================================
Clock wr_clk
rise -> rise
    min     max
0.000000 0.000000 source latency
0.804295         network latency _705_/CLK
        3.204258 network latency _748_/CLK
---------------
0.804295 3.204258 latency
        2.399963 skew

rise -> fall
    min     max
0.000000 0.000000 source latency
2.237115         network latency _782_/CLK
        3.007475 network latency _748_/CLK
---------------
2.237115 3.007475 latency
        0.770360 skew

fall -> fall
    min     max
0.000000 0.000000 source latency
0.717503         network latency _705_/CLK
        0.729146 network latency _666_/CLK
---------------
0.717503 0.729146 latency
        0.011642 skew



===========================================================================
report_clock_min_period
============================================================================
wr_clk period_min = 5.77 fmax = 173.35
