
===========================================================================
 report_power
============================================================================
======================= min_ss_100C_1v60 Corner ===================================

Group                    Internal    Switching      Leakage        Total
                            Power        Power        Power        Power (Watts)
------------------------------------------------------------------------
Sequential           7.719282e-04 1.393117e-04 2.826430e-06 9.140663e-04  36.1%
Combinational        8.384380e-04 4.029577e-04 3.337919e-06 1.244734e-03  49.2%
Clock                1.966024e-04 1.738461e-04 3.208320e-07 3.707693e-04  14.7%
Macro                0.000000e+00 0.000000e+00 0.000000e+00 0.000000e+00   0.0%
Pad                  0.000000e+00 0.000000e+00 0.000000e+00 0.000000e+00   0.0%
------------------------------------------------------------------------
Total                1.806967e-03 7.161151e-04 6.485192e-06 2.529568e-03 100.0%
                            71.4%        28.3%         0.3%

