
===========================================================================
report_checks -unconstrained
===========================================================================
======================= nom_ff_n40C_1v95 Corner ===================================

Startpoint: arst_n (input port clocked by wr_clk)
Endpoint: _775_ (recovery check against rising-edge clock wr_clk)
Path Group: asynchronous
Path Type: max

Fanout         Cap        Slew       Delay        Time   Description
---------------------------------------------------------------------------------------------
                      0.150000    0.000000    0.000000   clock wr_clk (rise edge)
                                  0.000000    0.000000   clock network delay (ideal)
                                  2.000000    2.000000 ^ input external delay
    50    0.180740    0.610201    0.421023    2.421023 ^ arst_n (in)
                                                         arst_n (net)
                      0.610201    0.000000    2.421023 ^ _775_/RESET_B (sky130_fd_sc_hd__dfrtp_2)
                                              2.421023   data arrival time

                      0.150000   10.000000   10.000000   clock wr_clk (rise edge)
                                  0.000000   10.000000   clock network delay (ideal)
                                 -0.250000    9.750000   clock uncertainty
                                  0.000000    9.750000   clock reconvergence pessimism
                                              9.750000 ^ _775_/CLK (sky130_fd_sc_hd__dfrtp_2)
                                  0.002706    9.752707   library recovery time
                                              9.752707   data required time
---------------------------------------------------------------------------------------------
                                              9.752707   data required time
                                             -2.421023   data arrival time
---------------------------------------------------------------------------------------------
                                              7.331683   slack (MET)


Startpoint: wr_en (input port clocked by wr_clk)
Endpoint: _775_ (rising edge-triggered flip-flop clocked by wr_clk)
Path Group: wr_clk
Path Type: max

Fanout         Cap        Slew       Delay        Time   Description
---------------------------------------------------------------------------------------------
                      0.150000    0.000000    0.000000   clock wr_clk (rise edge)
                                  0.000000    0.000000   clock network delay (ideal)
                                  2.000000    2.000000 v input external delay
     1    0.001639    0.003144    0.001235    2.001235 v wr_en (in)
                                                         wr_en (net)
                      0.003144    0.000000    2.001235 v _386_/B (sky130_fd_sc_hd__and2b_2)
     5    0.010238    0.039827    0.122408    2.123643 v _386_/X (sky130_fd_sc_hd__and2b_2)
                                                         _205_ (net)
                      0.039827    0.000000    2.123643 v _390_/C (sky130_fd_sc_hd__and3_2)
     5    0.015722    0.050634    0.159748    2.283391 v _390_/X (sky130_fd_sc_hd__and3_2)
                                                         _208_ (net)
                      0.050634    0.000000    2.283391 v _394_/B (sky130_fd_sc_hd__and2_2)
     4    0.016875    0.050078    0.151021    2.434412 v _394_/X (sky130_fd_sc_hd__and2_2)
                                                         _211_ (net)
                      0.050078    0.000000    2.434412 v _401_/B (sky130_fd_sc_hd__nand2_2)
    12    0.043338    0.176808    0.152116    2.586528 ^ _401_/Y (sky130_fd_sc_hd__nand2_2)
                                                         _215_ (net)
                      0.176808    0.000000    2.586528 ^ _408_/B1 (sky130_fd_sc_hd__a2bb2o_2)
     1    0.004714    0.033310    0.125462    2.711991 ^ _408_/X (sky130_fd_sc_hd__a2bb2o_2)
                                                         _220_ (net)
                      0.033310    0.000000    2.711991 ^ _409_/C1 (sky130_fd_sc_hd__a221oi_2)
     1    0.001548    0.039365    0.015276    2.727267 v _409_/Y (sky130_fd_sc_hd__a221oi_2)
                                                         _221_ (net)
                      0.039365    0.000000    2.727267 v _410_/C (sky130_fd_sc_hd__and3_2)
     1    0.002059    0.026266    0.125923    2.853189 v _410_/X (sky130_fd_sc_hd__and3_2)
                                                         full_next (net)
                      0.026266    0.000000    2.853189 v _775_/D (sky130_fd_sc_hd__dfrtp_2)
                                              2.853189   data arrival time

                      0.150000   10.000000   10.000000   clock wr_clk (rise edge)
                                  0.000000   10.000000   clock network delay (ideal)
                                 -0.250000    9.750000   clock uncertainty
                                  0.000000    9.750000   clock reconvergence pessimism
                                              9.750000 ^ _775_/CLK (sky130_fd_sc_hd__dfrtp_2)
                                 -0.060273    9.689728   library setup time
                                              9.689728   data required time
---------------------------------------------------------------------------------------------
                                              9.689728   data required time
                                             -2.853189   data arrival time
---------------------------------------------------------------------------------------------
                                              6.836538   slack (MET)




===========================================================================
report_checks --slack_max -0.01
============================================================================
======================= nom_ff_n40C_1v95 Corner ===================================

No paths found.


===========================================================================
 report_check_types -max_slew -max_cap -max_fanout -violators
============================================================================
======================= nom_ff_n40C_1v95 Corner ===================================

max slew

Pin                                        Limit        Slew       Slack
------------------------------------------------------------------------
_362_/A1                                0.750000    0.787494   -0.037494 (VIOLATED)
_378_/A                                 0.750000    0.787494   -0.037494 (VIOLATED)
_381_/A                                 0.750000    0.787494   -0.037494 (VIOLATED)
_412_/A                                 0.750000    0.787494   -0.037494 (VIOLATED)
_413_/A                                 0.750000    0.787494   -0.037494 (VIOLATED)
_415_/A1                                0.750000    0.787494   -0.037494 (VIOLATED)
_416_/A                                 0.750000    0.787494   -0.037494 (VIOLATED)
_439_/S0                                0.750000    0.787494   -0.037494 (VIOLATED)
_440_/S0                                0.750000    0.787494   -0.037494 (VIOLATED)
_442_/S0                                0.750000    0.787494   -0.037494 (VIOLATED)
_443_/S0                                0.750000    0.787494   -0.037494 (VIOLATED)
_447_/S0                                0.750000    0.787494   -0.037494 (VIOLATED)
_448_/S0                                0.750000    0.787494   -0.037494 (VIOLATED)
_450_/S0                                0.750000    0.787494   -0.037494 (VIOLATED)
_451_/S0                                0.750000    0.787494   -0.037494 (VIOLATED)
_455_/S0                                0.750000    0.787494   -0.037494 (VIOLATED)
_456_/S0                                0.750000    0.787494   -0.037494 (VIOLATED)
_458_/S0                                0.750000    0.787494   -0.037494 (VIOLATED)
_459_/S0                                0.750000    0.787494   -0.037494 (VIOLATED)
_463_/S0                                0.750000    0.787494   -0.037494 (VIOLATED)
_464_/S0                                0.750000    0.787494   -0.037494 (VIOLATED)
_466_/S0                                0.750000    0.787494   -0.037494 (VIOLATED)
_467_/S0                                0.750000    0.787494   -0.037494 (VIOLATED)
_471_/S0                                0.750000    0.787494   -0.037494 (VIOLATED)
_472_/S0                                0.750000    0.787494   -0.037494 (VIOLATED)
_474_/S0                                0.750000    0.787494   -0.037494 (VIOLATED)
_475_/S0                                0.750000    0.787494   -0.037494 (VIOLATED)
_479_/S0                                0.750000    0.787494   -0.037494 (VIOLATED)
_480_/S0                                0.750000    0.787494   -0.037494 (VIOLATED)
_482_/S0                                0.750000    0.787494   -0.037494 (VIOLATED)
_483_/S0                                0.750000    0.787494   -0.037494 (VIOLATED)
_487_/S0                                0.750000    0.787494   -0.037494 (VIOLATED)
_488_/S0                                0.750000    0.787494   -0.037494 (VIOLATED)
_490_/S0                                0.750000    0.787494   -0.037494 (VIOLATED)
_491_/S0                                0.750000    0.787494   -0.037494 (VIOLATED)
_495_/S0                                0.750000    0.787494   -0.037494 (VIOLATED)
_496_/S0                                0.750000    0.787494   -0.037494 (VIOLATED)
_498_/S0                                0.750000    0.787494   -0.037494 (VIOLATED)
_499_/S0                                0.750000    0.787494   -0.037494 (VIOLATED)
_766_/Q                                 0.750000    0.787494   -0.037494 (VIOLATED)

max fanout

Pin                                   Limit Fanout  Slack
---------------------------------------------------------
arst_n                                   10     50    -40 (VIOLATED)
_766_/Q                                  10     39    -29 (VIOLATED)
_767_/Q                                  10     37    -27 (VIOLATED)
rd_clk                                   10     29    -19 (VIOLATED)
_768_/Q                                  10     23    -13 (VIOLATED)
wr_data[0]                               10     16     -6 (VIOLATED)
wr_data[1]                               10     16     -6 (VIOLATED)
wr_data[2]                               10     16     -6 (VIOLATED)
wr_data[3]                               10     16     -6 (VIOLATED)
wr_data[4]                               10     16     -6 (VIOLATED)
wr_data[5]                               10     16     -6 (VIOLATED)
wr_data[6]                               10     16     -6 (VIOLATED)
wr_data[7]                               10     16     -6 (VIOLATED)
_769_/Q                                  10     13     -3 (VIOLATED)
_401_/Y                                  10     12     -2 (VIOLATED)
_411_/X                                  10     12     -2 (VIOLATED)
_780_/Q                                  10     12     -2 (VIOLATED)
_779_/Q                                  10     11        (VIOLATED)

max capacitance

Pin                                        Limit         Cap       Slack
------------------------------------------------------------------------
_766_/Q                                 0.200000    0.221922   -0.021922 (VIOLATED)



===========================================================================
report_parasitic_annotation -report_unannotated
============================================================================
Found 538 unannotated drivers.
 aempty_threshold[0]
 aempty_threshold[1]
 aempty_threshold[2]
 aempty_threshold[3]
 aempty_threshold[4]
 afull_threshold[0]
 afull_threshold[1]
 afull_threshold[2]
 afull_threshold[3]
 afull_threshold[4]
 arst_n
 rd_clk
 rd_en
 wr_clk
 wr_data[0]
 wr_data[1]
 wr_data[2]
 wr_data[3]
 wr_data[4]
 wr_data[5]
 wr_data[6]
 wr_data[7]
 wr_en
 _315_/Y
 _316_/Y
 _317_/Y
 _318_/Y
 _319_/Y
 _320_/Y
 _321_/X
 _322_/Y
 _323_/Y
 _324_/Y
 _325_/X
 _326_/X
 _327_/Y
 _328_/Y
 _329_/X
 _330_/X
 _331_/Y
 _332_/X
 _333_/Y
 _334_/Y
 _335_/Y
 _336_/X
 _337_/Y
 _338_/X
 _339_/X
 _340_/X
 _341_/Y
 _342_/X
 _343_/Y
 _344_/X
 _345_/Y
 _346_/X
 _347_/X
 _348_/X
 _349_/X
 _350_/Y
 _351_/X
 _352_/Y
 _353_/X
 _354_/Y
 _355_/X
 _356_/X
 _357_/Y
 _358_/Y
 _359_/X
 _360_/Y
 _361_/X
 _362_/Y
 _363_/X
 _364_/X
 _365_/X
 _366_/Y
 _367_/X
 _368_/Y
 _369_/Y
 _370_/X
 _371_/X
 _372_/X
 _373_/X
 _374_/X
 _375_/Y
 _376_/X
 _377_/X
 _378_/X
 _379_/X
 _380_/X
 _381_/X
 _382_/X
 _383_/Y
 _384_/X
 _385_/Y
 _386_/X
 _387_/Y
 _388_/X
 _389_/Y
 _390_/X
 _391_/Y
 _392_/Y
 _393_/Y
 _394_/X
 _395_/Y
 _396_/Y
 _397_/Y
 _398_/X
 _399_/Y
 _400_/Y
 _401_/Y
 _402_/Y
 _403_/Y
 _404_/X
 _405_/Y
 _406_/X
 _407_/X
 _408_/X
 _409_/Y
 _410_/X
 _411_/X
 _412_/Y
 _413_/X
 _414_/Y
 _415_/Y
 _416_/X
 _417_/Y
 _418_/Y
 _419_/X
 _420_/Y
 _421_/Y
 _422_/X
 _423_/Y
 _424_/X
 _425_/Y
 _426_/X
 _427_/Y
 _428_/X
 _429_/Y
 _430_/Y
 _431_/Y
 _432_/Y
 _433_/Y
 _434_/X
 _435_/X
 _436_/Y
 _437_/Y
 _438_/X
 _439_/X
 _440_/X
 _441_/X
 _442_/X
 _443_/X
 _444_/X
 _445_/X
 _446_/X
 _447_/X
 _448_/X
 _449_/X
 _450_/X
 _451_/X
 _452_/X
 _453_/X
 _454_/X
 _455_/X
 _456_/X
 _457_/X
 _458_/X
 _459_/X
 _460_/X
 _461_/X
 _462_/X
 _463_/X
 _464_/X
 _465_/X
 _466_/X
 _467_/X
 _468_/X
 _469_/X
 _470_/X
 _471_/X
 _472_/X
 _473_/X
 _474_/X
 _475_/X
 _476_/X
 _477_/X
 _478_/X
 _479_/X
 _480_/X
 _481_/X
 _482_/X
 _483_/X
 _484_/X
 _485_/X
 _486_/X
 _487_/X
 _488_/X
 _489_/X
 _490_/X
 _491_/X
 _492_/X
 _493_/X
 _494_/X
 _495_/X
 _496_/X
 _497_/X
 _498_/X
 _499_/X
 _500_/X
 _501_/X
 _502_/X
 _503_/X
 _504_/Y
 _505_/X
 _506_/X
 _507_/X
 _508_/X
 _509_/X
 _510_/X
 _511_/X
 _512_/X
 _513_/Y
 _514_/Y
 _515_/X
 _516_/X
 _517_/X
 _518_/X
 _519_/X
 _520_/X
 _521_/X
 _522_/X
 _523_/X
 _524_/Y
 _525_/X
 _526_/X
 _527_/X
 _528_/X
 _529_/X
 _530_/X
 _531_/X
 _532_/X
 _533_/Y
 _534_/Y
 _535_/X
 _536_/X
 _537_/X
 _538_/X
 _539_/X
 _540_/X
 _541_/X
 _542_/X
 _543_/X
 _544_/Y
 _545_/X
 _546_/X
 _547_/X
 _548_/X
 _549_/X
 _550_/X
 _551_/X
 _552_/X
 _553_/Y
 _554_/X
 _555_/X
 _556_/X
 _557_/X
 _558_/X
 _559_/X
 _560_/X
 _561_/X
 _562_/Y
 _563_/X
 _564_/X
 _565_/X
 _566_/X
 _567_/X
 _568_/X
 _569_/X
 _570_/X
 _571_/Y
 _572_/X
 _573_/X
 _574_/X
 _575_/X
 _576_/X
 _577_/X
 _578_/X
 _579_/X
 _580_/Y
 _581_/Y
 _582_/X
 _583_/X
 _584_/X
 _585_/X
 _586_/X
 _587_/X
 _588_/X
 _589_/X
 _590_/Y
 _591_/X
 _592_/X
 _593_/X
 _594_/X
 _595_/X
 _596_/X
 _597_/X
 _598_/X
 _599_/Y
 _600_/X
 _601_/X
 _602_/X
 _603_/X
 _604_/X
 _605_/X
 _606_/X
 _607_/X
 _608_/X
 _609_/X
 _610_/X
 _611_/X
 _612_/X
 _613_/X
 _614_/X
 _615_/X
 _616_/X
 _617_/Y
 _618_/X
 _619_/X
 _620_/X
 _621_/X
 _622_/X
 _623_/X
 _624_/X
 _625_/X
 _626_/Y
 _627_/X
 _628_/X
 _629_/X
 _630_/X
 _631_/X
 _632_/X
 _633_/X
 _634_/X
 _635_/X
 _636_/X
 _637_/X
 _638_/X
 _639_/X
 _640_/X
 _641_/X
 _642_/X
 _643_/Y
 _644_/X
 _645_/X
 _646_/X
 _647_/X
 _648_/X
 _649_/X
 _650_/X
 _651_/X
 _652_/Q
 _653_/Q
 _654_/Q
 _655_/Q
 _656_/Q
 _657_/Q
 _658_/Q
 _659_/Q
 _660_/Q
 _661_/Q
 _662_/Q
 _663_/Q
 _664_/Q
 _665_/Q
 _666_/Q
 _667_/Q
 _668_/Q
 _669_/Q
 _670_/Q
 _671_/Q
 _672_/Q
 _673_/Q
 _674_/Q
 _675_/Q
 _676_/Q
 _677_/Q
 _678_/Q
 _679_/Q
 _680_/Q
 _681_/Q
 _682_/Q
 _683_/Q
 _684_/Q
 _685_/Q
 _686_/Q
 _687_/Q
 _688_/Q
 _689_/Q
 _690_/Q
 _691_/Q
 _692_/Q
 _693_/Q
 _694_/Q
 _695_/Q
 _696_/Q
 _697_/Q
 _698_/Q
 _699_/Q
 _700_/Q
 _701_/Q
 _702_/Q
 _703_/Q
 _704_/Q
 _705_/Q
 _706_/Q
 _707_/Q
 _708_/Q
 _709_/Q
 _710_/Q
 _711_/Q
 _712_/Q
 _713_/Q
 _714_/Q
 _715_/Q
 _716_/Q
 _717_/Q
 _718_/Q
 _719_/Q
 _720_/Q
 _721_/Q
 _722_/Q
 _723_/Q
 _724_/Q
 _725_/Q
 _726_/Q
 _727_/Q
 _728_/Q
 _729_/Q
 _730_/Q
 _731_/Q
 _732_/Q
 _733_/Q
 _734_/Q
 _735_/Q
 _736_/Q
 _737_/Q
 _738_/Q
 _739_/Q
 _740_/Q
 _741_/Q
 _742_/Q
 _743_/Q
 _744_/Q
 _745_/Q
 _746_/Q
 _747_/Q
 _748_/Q
 _749_/Q
 _750_/Q
 _751_/Q
 _752_/Q
 _753_/Q
 _754_/Q
 _755_/Q
 _756_/Q
 _757_/Q
 _758_/Q
 _759_/Q
 _760_/Q
 _761_/Q
 _762_/Q
 _763_/Q
 _764_/Q
 _765_/Q
 _766_/Q
 _767_/Q
 _768_/Q
 _769_/Q
 _770_/Q
 _771_/Q
 _772_/Q
 _773_/Q
 _774_/Q
 _775_/Q
 _776_/Q
 _777_/Q
 _778_/Q
 _779_/Q
 _780_/Q
 _781_/Q
 _782_/Q
 _783_/Q
 _784_/Q
 _785_/Q
 _786_/Q
 _787_/Q
 _788_/Q
 _789_/Q
 _790_/Q
 _791_/Q
 _792_/Q
 _793_/Q
 _794_/Q
 _795_/Q
 _796_/Q
 _797_/Q
 _798_/Q
 _799_/Q
 _800_/Q
 _801_/Q
 _802_/Q
 _803_/Q
 _804_/Q
 _805_/Q
 _806_/Q
 _807_/Q
 _808_/Q
 _809_/Q
 _810_/Q
 _811_/Q
 _812_/Q
 _813_/Q
 _814_/Q
 _815_/Q
 _816_/Q
 _817_/Q
 _818_/Q
 _819_/Q
 _820_/Q
 _821_/Q
 _822_/Q
 _823_/Q
 _824_/Q
 _825_/Q
 _826_/Q
 _827_/Q
 _828_/Q
 _829_/Q
Found 0 partially unannotated drivers.

===========================================================================
max slew violation count 40
max fanout violation count 18
max cap violation count 1
============================================================================

===========================================================================
check_setup -verbose -unconstrained_endpoints -multiple_clock -no_clock -no_input_delay -loops -generated_clocks
===========================================================================
Warning: There are 29 unclocked register/latch pins.
  _652_/CLK
  _653_/CLK
  _654_/CLK
  _655_/CLK
  _656_/CLK
  _657_/CLK
  _658_/CLK
  _659_/CLK
  _756_/CLK
  _765_/CLK
  _766_/CLK
  _767_/CLK
  _768_/CLK
  _769_/CLK
  _770_/CLK
  _771_/CLK
  _772_/CLK
  _773_/CLK
  _774_/CLK
  _794_/CLK
  _795_/CLK
  _796_/CLK
  _797_/CLK
  _798_/CLK
  _799_/CLK
  _800_/CLK
  _801_/CLK
  _802_/CLK
  _803_/CLK
Warning: There are 44 unconstrained endpoints.
  aempty
  empty
  rd_data[0]
  rd_data[1]
  rd_data[2]
  rd_data[3]
  rd_data[4]
  rd_data[5]
  rd_data[6]
  rd_data[7]
  _652_/D
  _653_/D
  _654_/D
  _655_/D
  _656_/D
  _657_/D
  _658_/D
  _659_/D
  _756_/D
  _765_/D
  _766_/D
  _767_/D
  _768_/D
  _769_/D
  _770_/D
  _771_/D
  _772_/D
  _773_/D
  _774_/D
  _794_/D
  _795_/D
  _796_/D
  _797_/D
  _798_/D
  _799_/D
  _800_/D
  _801_/D
  _802_/D
  _803_/D
  _804_/D
  _805_/D
  _806_/D
  _807_/D
  _808_/D
