
===========================================================================
 report_power
============================================================================
======================= nom_ff_n40C_1v95 Corner ===================================

Group                    Internal    Switching      Leakage        Total
                            Power        Power        Power        Power (Watts)
------------------------------------------------------------------------
Sequential           1.174569e-03 3.368777e-04 3.200935e-09 1.511450e-03  52.5%
Combinational        9.646799e-04 4.048587e-04 2.634258e-09 1.369541e-03  47.5%
Clock                0.000000e+00 0.000000e+00 0.000000e+00 0.000000e+00   0.0%
Macro                0.000000e+00 0.000000e+00 0.000000e+00 0.000000e+00   0.0%
Pad                  0.000000e+00 0.000000e+00 0.000000e+00 0.000000e+00   0.0%
------------------------------------------------------------------------
Total                2.139249e-03 7.417360e-04 5.835190e-09 2.880991e-03 100.0%
                            74.3%        25.7%         0.0%

