Reading timing models for corner nom_tt_025C_1v80…
Reading timing library for the 'nom_tt_025C_1v80' corner at '/home/angesh/.volare/volare/sky130/versions/0fe599b2afb6708d281543108caf8310912f54af/sky130A/libs.ref/sky130_fd_sc_hd/lib/sky130_fd_sc_hd__tt_025C_1v80.lib'…
Reading timing models for corner nom_ff_n40C_1v95…
Reading timing library for the 'nom_ff_n40C_1v95' corner at '/home/angesh/.volare/volare/sky130/versions/0fe599b2afb6708d281543108caf8310912f54af/sky130A/libs.ref/sky130_fd_sc_hd/lib/sky130_fd_sc_hd__ff_n40C_1v95.lib'…
Reading timing models for corner nom_ss_100C_1v60…
Reading timing library for the 'nom_ss_100C_1v60' corner at '/home/angesh/.volare/volare/sky130/versions/0fe599b2afb6708d281543108caf8310912f54af/sky130A/libs.ref/sky130_fd_sc_hd/lib/sky130_fd_sc_hd__ss_100C_1v60.lib'…
Reading OpenROAD database at '/home/angesh/async_fifo/runs/fifo_pd/73-openroad-globalplacement/async_fifo.odb'…
Reading design constraints file at '/nix/store/h0ldzjka94yryiq8yxbxmwargpnmwhx6-python3-3.11.9-env/lib/python3.11/site-packages/openlane/scripts/base.sdc'…
[INFO] Using clock wr_clk…
[INFO] Setting output delay to: 2.0
[INFO] Setting input delay to: 2.0
[INFO] Setting load to: 0.033442
[INFO] Setting clock uncertainty to: 0.25
[INFO] Setting clock transition to: 0.1499999999999999944488848768742172978818416595458984375
[INFO] Setting timing derate to: 5%
[INFO] Setting RC values…
[INFO RSZ-0027] Inserted 22 input buffers.
[INFO RSZ-0028] Inserted 12 output buffers.
[INFO RSZ-0058] Using max wire length 6335um.
Iteration | Resized | Buffers | Nets repaired | Remaining
---------------------------------------------------------
        0 |       0 |       0 |             0 |       562
      100 |      50 |       0 |             0 |       462
      200 |      70 |       1 |             1 |       362
      300 |     152 |       1 |             1 |       262
      400 |     256 |      16 |             8 |       162
      500 |     356 |      16 |             8 |        62
    final |     400 |      42 |            18 |         0
---------------------------------------------------------
[INFO RSZ-0035] Found 18 fanout violations.
[INFO RSZ-0038] Inserted 42 buffers in 18 nets.
[INFO RSZ-0039] Resized 400 instances.
Placement Analysis
---------------------------------
total displacement       1816.6 u
average displacement        1.9 u
max displacement            9.7 u
original HPWL           11265.1 u
legalized HPWL          13161.4 u
delta HPWL                   17 %

[INFO DPL-0020] Mirrored 184 instances
[INFO DPL-0021] HPWL before           13161.4 u
[INFO DPL-0022] HPWL after            12671.0 u
[INFO DPL-0023] HPWL delta               -3.7 %
[INFO] Setting RC values…
Setting global connections for newly added cells…
[INFO] Setting global connections...
Updating metrics…
Cell type report:                       Count       Area
  Fill cell                               102     382.87
  Tap cell                                265     331.57
  Timing Repair Buffer                     76     380.36
  Inverter                                  9      33.78
  Sequential cell                         178    3827.42
  Multi-Input combinational cell          318    3698.55
  Total                                   948    8654.55
Writing OpenROAD database to '/home/angesh/async_fifo/runs/fifo_pd/77-openroad-repairdesignpostgpl/async_fifo.odb'…
Writing netlist to '/home/angesh/async_fifo/runs/fifo_pd/77-openroad-repairdesignpostgpl/async_fifo.nl.v'…
Writing powered netlist to '/home/angesh/async_fifo/runs/fifo_pd/77-openroad-repairdesignpostgpl/async_fifo.pnl.v'…
Writing layout to '/home/angesh/async_fifo/runs/fifo_pd/77-openroad-repairdesignpostgpl/async_fifo.def'…
Writing timing constraints to '/home/angesh/async_fifo/runs/fifo_pd/77-openroad-repairdesignpostgpl/async_fifo.sdc'…
