
===========================================================================
 report_power
============================================================================
======================= nom_ff_n40C_1v95 Corner ===================================

Group                    Internal    Switching      Leakage        Total
                            Power        Power        Power        Power (Watts)
------------------------------------------------------------------------
Sequential           1.178479e-03 3.336260e-04 3.201157e-09 1.512109e-03  53.1%
Combinational        9.335452e-04 4.023389e-04 2.567725e-09 1.335887e-03  46.9%
Clock                0.000000e+00 0.000000e+00 0.000000e+00 0.000000e+00   0.0%
Macro                0.000000e+00 0.000000e+00 0.000000e+00 0.000000e+00   0.0%
Pad                  0.000000e+00 0.000000e+00 0.000000e+00 0.000000e+00   0.0%
------------------------------------------------------------------------
Total                2.112027e-03 7.359649e-04 5.768881e-09 2.847997e-03 100.0%
                            74.2%        25.8%         0.0%

