
===========================================================================
report_checks -unconstrained
===========================================================================
======================= nom_tt_025C_1v80 Corner ===================================

Startpoint: arst_n (input port clocked by wr_clk)
Endpoint: _869_ (recovery check against rising-edge clock wr_clk)
Path Group: asynchronous
Path Type: max

Fanout         Cap        Slew       Delay        Time   Description
---------------------------------------------------------------------------------------------
                      0.150000    0.000000    0.000000   clock wr_clk (rise edge)
                                  0.000000    0.000000   clock network delay (ideal)
                                  2.000000    2.000000 ^ input external delay
    50    0.180216    0.815125    0.556529    2.556529 ^ arst_n (in)
                                                         arst_n (net)
                      0.815125    0.000000    2.556529 ^ _869_/RESET_B (sky130_fd_sc_hd__dfrtp_2)
                                              2.556529   data arrival time

                      0.150000   10.000000   10.000000   clock wr_clk (rise edge)
                                  0.000000   10.000000   clock network delay (ideal)
                                 -0.250000    9.750000   clock uncertainty
                                  0.000000    9.750000   clock reconvergence pessimism
                                              9.750000 ^ _869_/CLK (sky130_fd_sc_hd__dfrtp_2)
                                  0.010673    9.760674   library recovery time
                                              9.760674   data required time
---------------------------------------------------------------------------------------------
                                              9.760674   data required time
                                             -2.556529   data arrival time
---------------------------------------------------------------------------------------------
                                              7.204145   slack (MET)


Startpoint: wr_en (input port clocked by wr_clk)
Endpoint: _869_ (rising edge-triggered flip-flop clocked by wr_clk)
Path Group: wr_clk
Path Type: max

Fanout         Cap        Slew       Delay        Time   Description
---------------------------------------------------------------------------------------------
                      0.150000    0.000000    0.000000   clock wr_clk (rise edge)
                                  0.000000    0.000000   clock network delay (ideal)
                                  2.000000    2.000000 v input external delay
     2    0.003011    0.009447    0.004762    2.004762 v wr_en (in)
                                                         wr_en (net)
                      0.009447    0.000000    2.004762 v _492_/B (sky130_fd_sc_hd__and2b_2)
     5    0.010677    0.056046    0.197675    2.202438 v _492_/X (sky130_fd_sc_hd__and2b_2)
                                                         _264_ (net)
                      0.056046    0.000000    2.202438 v _496_/C (sky130_fd_sc_hd__and3_2)
     3    0.007555    0.050744    0.224303    2.426741 v _496_/X (sky130_fd_sc_hd__and3_2)
                                                         _267_ (net)
                      0.050744    0.000000    2.426741 v _508_/C (sky130_fd_sc_hd__and3_2)
    11    0.046090    0.130980    0.309727    2.736468 v _508_/X (sky130_fd_sc_hd__and3_2)
                                                         _275_ (net)
                      0.130980    0.000000    2.736468 v _509_/B (sky130_fd_sc_hd__xor2_2)
     1    0.004033    0.074153    0.171320    2.907788 v _509_/X (sky130_fd_sc_hd__xor2_2)
                                                         _276_ (net)
                      0.074153    0.000000    2.907788 v _516_/B1 (sky130_fd_sc_hd__a211oi_2)
     1    0.002423    0.137812    0.186550    3.094337 ^ _516_/Y (sky130_fd_sc_hd__a211oi_2)
                                                         _281_ (net)
                      0.137812    0.000000    3.094337 ^ _517_/C1 (sky130_fd_sc_hd__o211a_2)
     1    0.002005    0.038092    0.176966    3.271304 ^ _517_/X (sky130_fd_sc_hd__o211a_2)
                                                         full_next (net)
                      0.038092    0.000000    3.271304 ^ _869_/D (sky130_fd_sc_hd__dfrtp_2)
                                              3.271304   data arrival time

                      0.150000   10.000000   10.000000   clock wr_clk (rise edge)
                                  0.000000   10.000000   clock network delay (ideal)
                                 -0.250000    9.750000   clock uncertainty
                                  0.000000    9.750000   clock reconvergence pessimism
                                              9.750000 ^ _869_/CLK (sky130_fd_sc_hd__dfrtp_2)
                                 -0.045908    9.704092   library setup time
                                              9.704092   data required time
---------------------------------------------------------------------------------------------
                                              9.704092   data required time
                                             -3.271304   data arrival time
---------------------------------------------------------------------------------------------
                                              6.432789   slack (MET)




===========================================================================
report_checks --slack_max -0.01
============================================================================
======================= nom_tt_025C_1v80 Corner ===================================

No paths found.


===========================================================================
 report_check_types -max_slew -max_cap -max_fanout -violators
============================================================================
======================= nom_tt_025C_1v80 Corner ===================================

max slew

Pin                                        Limit        Slew       Slack
------------------------------------------------------------------------
_453_/B                                 0.750000    1.040070   -0.290070 (VIOLATED)
_454_/D                                 0.750000    1.040070   -0.290070 (VIOLATED)
_455_/A1                                0.750000    1.040070   -0.290070 (VIOLATED)
_474_/B1                                0.750000    1.040070   -0.290070 (VIOLATED)
_478_/A2                                0.750000    1.040070   -0.290070 (VIOLATED)
_481_/D                                 0.750000    1.040070   -0.290070 (VIOLATED)
_519_/A                                 0.750000    1.040070   -0.290070 (VIOLATED)
_520_/C                                 0.750000    1.040070   -0.290070 (VIOLATED)
_522_/A                                 0.750000    1.040070   -0.290070 (VIOLATED)
_523_/A1                                0.750000    1.040070   -0.290070 (VIOLATED)
_525_/A1                                0.750000    1.040070   -0.290070 (VIOLATED)
_547_/S0                                0.750000    1.040070   -0.290070 (VIOLATED)
_548_/S0                                0.750000    1.040070   -0.290070 (VIOLATED)
_549_/S0                                0.750000    1.040070   -0.290070 (VIOLATED)
_550_/S0                                0.750000    1.040070   -0.290070 (VIOLATED)
_553_/S0                                0.750000    1.040070   -0.290070 (VIOLATED)
_554_/S0                                0.750000    1.040070   -0.290070 (VIOLATED)
_556_/S0                                0.750000    1.040070   -0.290070 (VIOLATED)
_557_/S0                                0.750000    1.040070   -0.290070 (VIOLATED)
_561_/S0                                0.750000    1.040070   -0.290070 (VIOLATED)
_562_/S0                                0.750000    1.040070   -0.290070 (VIOLATED)
_564_/S0                                0.750000    1.040070   -0.290070 (VIOLATED)
_565_/S0                                0.750000    1.040070   -0.290070 (VIOLATED)
_569_/S0                                0.750000    1.040070   -0.290070 (VIOLATED)
_570_/S0                                0.750000    1.040070   -0.290070 (VIOLATED)
_571_/S0                                0.750000    1.040070   -0.290070 (VIOLATED)
_572_/S0                                0.750000    1.040070   -0.290070 (VIOLATED)
_575_/S0                                0.750000    1.040070   -0.290070 (VIOLATED)
_576_/S0                                0.750000    1.040070   -0.290070 (VIOLATED)
_577_/S0                                0.750000    1.040070   -0.290070 (VIOLATED)
_578_/S0                                0.750000    1.040070   -0.290070 (VIOLATED)
_581_/S0                                0.750000    1.040070   -0.290070 (VIOLATED)
_582_/S0                                0.750000    1.040070   -0.290070 (VIOLATED)
_583_/S0                                0.750000    1.040070   -0.290070 (VIOLATED)
_584_/S0                                0.750000    1.040070   -0.290070 (VIOLATED)
_587_/S0                                0.750000    1.040070   -0.290070 (VIOLATED)
_588_/S0                                0.750000    1.040070   -0.290070 (VIOLATED)
_589_/S0                                0.750000    1.040070   -0.290070 (VIOLATED)
_590_/S0                                0.750000    1.040070   -0.290070 (VIOLATED)
_593_/S0                                0.750000    1.040070   -0.290070 (VIOLATED)
_594_/S0                                0.750000    1.040070   -0.290070 (VIOLATED)
_596_/S0                                0.750000    1.040070   -0.290070 (VIOLATED)
_597_/S0                                0.750000    1.040070   -0.290070 (VIOLATED)
_860_/Q                                 0.750000    1.040070   -0.290070 (VIOLATED)
arst_n                                  0.750000    0.815125   -0.065125 (VIOLATED)
_746_/RESET_B                           0.750000    0.815125   -0.065125 (VIOLATED)
_747_/RESET_B                           0.750000    0.815125   -0.065125 (VIOLATED)
_748_/RESET_B                           0.750000    0.815125   -0.065125 (VIOLATED)
_749_/RESET_B                           0.750000    0.815125   -0.065125 (VIOLATED)
_750_/RESET_B                           0.750000    0.815125   -0.065125 (VIOLATED)
_751_/RESET_B                           0.750000    0.815125   -0.065125 (VIOLATED)
_752_/RESET_B                           0.750000    0.815125   -0.065125 (VIOLATED)
_753_/RESET_B                           0.750000    0.815125   -0.065125 (VIOLATED)
_850_/SET_B                             0.750000    0.815125   -0.065125 (VIOLATED)
_859_/SET_B                             0.750000    0.815125   -0.065125 (VIOLATED)
_860_/RESET_B                           0.750000    0.815125   -0.065125 (VIOLATED)
_861_/RESET_B                           0.750000    0.815125   -0.065125 (VIOLATED)
_862_/RESET_B                           0.750000    0.815125   -0.065125 (VIOLATED)
_863_/RESET_B                           0.750000    0.815125   -0.065125 (VIOLATED)
_864_/RESET_B                           0.750000    0.815125   -0.065125 (VIOLATED)
_865_/RESET_B                           0.750000    0.815125   -0.065125 (VIOLATED)
_866_/RESET_B                           0.750000    0.815125   -0.065125 (VIOLATED)
_867_/RESET_B                           0.750000    0.815125   -0.065125 (VIOLATED)
_868_/RESET_B                           0.750000    0.815125   -0.065125 (VIOLATED)
_869_/RESET_B                           0.750000    0.815125   -0.065125 (VIOLATED)
_870_/RESET_B                           0.750000    0.815125   -0.065125 (VIOLATED)
_871_/RESET_B                           0.750000    0.815125   -0.065125 (VIOLATED)
_872_/RESET_B                           0.750000    0.815125   -0.065125 (VIOLATED)
_873_/RESET_B                           0.750000    0.815125   -0.065125 (VIOLATED)
_874_/RESET_B                           0.750000    0.815125   -0.065125 (VIOLATED)
_875_/RESET_B                           0.750000    0.815125   -0.065125 (VIOLATED)
_884_/RESET_B                           0.750000    0.815125   -0.065125 (VIOLATED)
_885_/RESET_B                           0.750000    0.815125   -0.065125 (VIOLATED)
_886_/RESET_B                           0.750000    0.815125   -0.065125 (VIOLATED)
_887_/RESET_B                           0.750000    0.815125   -0.065125 (VIOLATED)
_888_/RESET_B                           0.750000    0.815125   -0.065125 (VIOLATED)
_889_/RESET_B                           0.750000    0.815125   -0.065125 (VIOLATED)
_890_/RESET_B                           0.750000    0.815125   -0.065125 (VIOLATED)
_891_/RESET_B                           0.750000    0.815125   -0.065125 (VIOLATED)
_892_/RESET_B                           0.750000    0.815125   -0.065125 (VIOLATED)
_893_/RESET_B                           0.750000    0.815125   -0.065125 (VIOLATED)
_894_/RESET_B                           0.750000    0.815125   -0.065125 (VIOLATED)
_895_/RESET_B                           0.750000    0.815125   -0.065125 (VIOLATED)
_896_/RESET_B                           0.750000    0.815125   -0.065125 (VIOLATED)
_897_/RESET_B                           0.750000    0.815125   -0.065125 (VIOLATED)
_898_/RESET_B                           0.750000    0.815125   -0.065125 (VIOLATED)
_899_/RESET_B                           0.750000    0.815125   -0.065125 (VIOLATED)
_900_/RESET_B                           0.750000    0.815125   -0.065125 (VIOLATED)
_901_/RESET_B                           0.750000    0.815125   -0.065125 (VIOLATED)
_902_/RESET_B                           0.750000    0.815125   -0.065125 (VIOLATED)
_903_/RESET_B                           0.750000    0.815125   -0.065125 (VIOLATED)
_904_/RESET_B                           0.750000    0.815125   -0.065125 (VIOLATED)
_905_/RESET_B                           0.750000    0.815125   -0.065125 (VIOLATED)
_906_/RESET_B                           0.750000    0.815125   -0.065125 (VIOLATED)
_907_/RESET_B                           0.750000    0.815125   -0.065125 (VIOLATED)

max fanout

Pin                                   Limit Fanout  Slack
---------------------------------------------------------
arst_n                                   10     50    -40 (VIOLATED)
_860_/Q                                  10     43    -33 (VIOLATED)
_861_/Q                                  10     40    -30 (VIOLATED)
rd_clk                                   10     29    -19 (VIOLATED)
_873_/Q                                  10     22    -12 (VIOLATED)
_874_/Q                                  10     20    -10 (VIOLATED)
wr_data[0]                               10     16     -6 (VIOLATED)
wr_data[1]                               10     16     -6 (VIOLATED)
wr_data[2]                               10     16     -6 (VIOLATED)
wr_data[3]                               10     16     -6 (VIOLATED)
wr_data[4]                               10     16     -6 (VIOLATED)
wr_data[5]                               10     16     -6 (VIOLATED)
wr_data[6]                               10     16     -6 (VIOLATED)
wr_data[7]                               10     16     -6 (VIOLATED)
_863_/Q                                  10     14     -4 (VIOLATED)
_518_/X                                  10     12     -2 (VIOLATED)
_373_/Y                                  10     11        (VIOLATED)
_508_/X                                  10     11        (VIOLATED)
_872_/Q                                  10     11        (VIOLATED)
_896_/Q                                  10     11        (VIOLATED)

max capacitance

Pin                                        Limit         Cap       Slack
------------------------------------------------------------------------
_860_/Q                                 0.200000    0.222697   -0.022697 (VIOLATED)



===========================================================================
report_parasitic_annotation -report_unannotated
============================================================================
Found 585 unannotated drivers.
 aempty_threshold[0]
 aempty_threshold[1]
 aempty_threshold[2]
 aempty_threshold[3]
 aempty_threshold[4]
 afull_threshold[0]
 afull_threshold[1]
 afull_threshold[2]
 afull_threshold[3]
 afull_threshold[4]
 arst_n
 rd_clk
 rd_en
 wr_clk
 wr_data[0]
 wr_data[1]
 wr_data[2]
 wr_data[3]
 wr_data[4]
 wr_data[5]
 wr_data[6]
 wr_data[7]
 wr_en
 _362_/Y
 _363_/Y
 _364_/Y
 _365_/Y
 _366_/Y
 _367_/Y
 _368_/Y
 _369_/Y
 _370_/Y
 _371_/Y
 _372_/Y
 _373_/Y
 _374_/Y
 _375_/Y
 _376_/X
 _377_/Y
 _378_/X
 _379_/Y
 _380_/Y
 _381_/Y
 _382_/Y
 _383_/Y
 _384_/Y
 _385_/Y
 _386_/Y
 _387_/Y
 _388_/Y
 _389_/Y
 _390_/Y
 _391_/Y
 _392_/Y
 _393_/Y
 _394_/Y
 _395_/Y
 _396_/Y
 _397_/Y
 _398_/Y
 _399_/X
 _400_/Y
 _401_/X
 _402_/X
 _403_/Y
 _404_/Y
 _405_/Y
 _406_/Y
 _407_/X
 _408_/Y
 _409_/X
 _410_/Y
 _411_/X
 _412_/Y
 _413_/Y
 _414_/Y
 _415_/Y
 _416_/Y
 _417_/X
 _418_/Y
 _419_/Y
 _420_/X
 _421_/Y
 _422_/Y
 _423_/Y
 _424_/Y
 _425_/Y
 _426_/Y
 _427_/Y
 _428_/Y
 _429_/Y
 _430_/X
 _431_/Y
 _432_/X
 _433_/Y
 _434_/Y
 _435_/X
 _436_/Y
 _437_/Y
 _438_/Y
 _439_/Y
 _440_/Y
 _441_/Y
 _442_/X
 _443_/Y
 _444_/Y
 _445_/Y
 _446_/Y
 _447_/Y
 _448_/X
 _449_/Y
 _450_/Y
 _451_/Y
 _452_/Y
 _453_/Y
 _454_/Y
 _455_/Y
 _456_/Y
 _457_/Y
 _458_/Y
 _459_/X
 _460_/Y
 _461_/Y
 _462_/Y
 _463_/X
 _464_/X
 _465_/Y
 _466_/Y
 _467_/Y
 _468_/Y
 _469_/Y
 _470_/X
 _471_/Y
 _472_/Y
 _473_/Y
 _474_/X
 _475_/Y
 _476_/Y
 _477_/Y
 _478_/X
 _479_/Y
 _480_/Y
 _481_/Y
 _482_/Y
 _483_/Y
 _484_/X
 _485_/X
 _486_/Y
 _487_/Y
 _488_/Y
 _489_/Y
 _490_/Y
 _491_/Y
 _492_/X
 _493_/Y
 _494_/X
 _495_/Y
 _496_/X
 _497_/X
 _498_/X
 _499_/Y
 _500_/X
 _501_/Y
 _502_/Y
 _503_/Y
 _504_/X
 _505_/Y
 _506_/Y
 _507_/X
 _508_/X
 _509_/X
 _510_/Y
 _511_/Y
 _512_/X
 _513_/Y
 _514_/X
 _515_/X
 _516_/Y
 _517_/X
 _518_/X
 _519_/Y
 _520_/X
 _521_/Y
 _522_/X
 _523_/Y
 _524_/Y
 _525_/X
 _526_/X
 _527_/X
 _528_/X
 _529_/Y
 _530_/Y
 _531_/X
 _532_/X
 _533_/Y
 _534_/X
 _535_/X
 _536_/Y
 _537_/Y
 _538_/X
 _539_/Y
 _540_/X
 _541_/X
 _542_/Y
 _543_/Y
 _544_/X
 _545_/X
 _546_/Y
 _547_/X
 _548_/X
 _549_/X
 _550_/X
 _551_/X
 _552_/X
 _553_/X
 _554_/X
 _555_/X
 _556_/X
 _557_/X
 _558_/X
 _559_/X
 _560_/X
 _561_/X
 _562_/X
 _563_/X
 _564_/X
 _565_/X
 _566_/X
 _567_/X
 _568_/X
 _569_/X
 _570_/X
 _571_/X
 _572_/X
 _573_/X
 _574_/X
 _575_/X
 _576_/X
 _577_/X
 _578_/X
 _579_/X
 _580_/X
 _581_/X
 _582_/X
 _583_/X
 _584_/X
 _585_/X
 _586_/X
 _587_/X
 _588_/X
 _589_/X
 _590_/X
 _591_/X
 _592_/X
 _593_/X
 _594_/X
 _595_/X
 _596_/X
 _597_/X
 _598_/X
 _599_/X
 _600_/X
 _601_/X
 _602_/X
 _603_/X
 _604_/X
 _605_/X
 _606_/X
 _607_/X
 _608_/X
 _609_/X
 _610_/X
 _611_/X
 _612_/X
 _613_/X
 _614_/X
 _615_/X
 _616_/X
 _617_/X
 _618_/X
 _619_/X
 _620_/X
 _621_/X
 _622_/X
 _623_/X
 _624_/X
 _625_/X
 _626_/X
 _627_/X
 _628_/X
 _629_/X
 _630_/X
 _631_/X
 _632_/X
 _633_/X
 _634_/X
 _635_/X
 _636_/X
 _637_/X
 _638_/X
 _639_/X
 _640_/X
 _641_/X
 _642_/X
 _643_/X
 _644_/X
 _645_/X
 _646_/X
 _647_/X
 _648_/X
 _649_/X
 _650_/X
 _651_/X
 _652_/X
 _653_/X
 _654_/X
 _655_/X
 _656_/X
 _657_/Y
 _658_/X
 _659_/X
 _660_/X
 _661_/X
 _662_/X
 _663_/X
 _664_/X
 _665_/X
 _666_/X
 _667_/X
 _668_/X
 _669_/X
 _670_/X
 _671_/X
 _672_/X
 _673_/X
 _674_/X
 _675_/X
 _676_/X
 _677_/X
 _678_/X
 _679_/X
 _680_/X
 _681_/X
 _682_/X
 _683_/X
 _684_/X
 _685_/X
 _686_/X
 _687_/X
 _688_/X
 _689_/X
 _690_/X
 _691_/X
 _692_/X
 _693_/Y
 _694_/X
 _695_/X
 _696_/X
 _697_/X
 _698_/X
 _699_/X
 _700_/X
 _701_/X
 _702_/X
 _703_/X
 _704_/X
 _705_/X
 _706_/X
 _707_/X
 _708_/X
 _709_/X
 _710_/X
 _711_/X
 _712_/X
 _713_/X
 _714_/X
 _715_/X
 _716_/X
 _717_/X
 _718_/X
 _719_/X
 _720_/X
 _721_/X
 _722_/X
 _723_/X
 _724_/X
 _725_/X
 _726_/X
 _727_/X
 _728_/X
 _729_/X
 _730_/X
 _731_/X
 _732_/X
 _733_/X
 _734_/X
 _735_/X
 _736_/X
 _737_/X
 _738_/X
 _739_/X
 _740_/X
 _741_/X
 _742_/X
 _743_/X
 _744_/X
 _745_/X
 _746_/Q
 _747_/Q
 _748_/Q
 _749_/Q
 _750_/Q
 _751_/Q
 _752_/Q
 _753_/Q
 _754_/Q
 _755_/Q
 _756_/Q
 _757_/Q
 _758_/Q
 _759_/Q
 _760_/Q
 _761_/Q
 _762_/Q
 _763_/Q
 _764_/Q
 _765_/Q
 _766_/Q
 _767_/Q
 _768_/Q
 _769_/Q
 _770_/Q
 _771_/Q
 _772_/Q
 _773_/Q
 _774_/Q
 _775_/Q
 _776_/Q
 _777_/Q
 _778_/Q
 _779_/Q
 _780_/Q
 _781_/Q
 _782_/Q
 _783_/Q
 _784_/Q
 _785_/Q
 _786_/Q
 _787_/Q
 _788_/Q
 _789_/Q
 _790_/Q
 _791_/Q
 _792_/Q
 _793_/Q
 _794_/Q
 _795_/Q
 _796_/Q
 _797_/Q
 _798_/Q
 _799_/Q
 _800_/Q
 _801_/Q
 _802_/Q
 _803_/Q
 _804_/Q
 _805_/Q
 _806_/Q
 _807_/Q
 _808_/Q
 _809_/Q
 _810_/Q
 _811_/Q
 _812_/Q
 _813_/Q
 _814_/Q
 _815_/Q
 _816_/Q
 _817_/Q
 _818_/Q
 _819_/Q
 _820_/Q
 _821_/Q
 _822_/Q
 _823_/Q
 _824_/Q
 _825_/Q
 _826_/Q
 _827_/Q
 _828_/Q
 _829_/Q
 _830_/Q
 _831_/Q
 _832_/Q
 _833_/Q
 _834_/Q
 _835_/Q
 _836_/Q
 _837_/Q
 _838_/Q
 _839_/Q
 _840_/Q
 _841_/Q
 _842_/Q
 _843_/Q
 _844_/Q
 _845_/Q
 _846_/Q
 _847_/Q
 _848_/Q
 _849_/Q
 _850_/Q
 _851_/Q
 _852_/Q
 _853_/Q
 _854_/Q
 _855_/Q
 _856_/Q
 _857_/Q
 _858_/Q
 _859_/Q
 _860_/Q
 _861_/Q
 _862_/Q
 _863_/Q
 _864_/Q
 _865_/Q
 _866_/Q
 _867_/Q
 _868_/Q
 _869_/Q
 _870_/Q
 _871_/Q
 _872_/Q
 _873_/Q
 _874_/Q
 _875_/Q
 _876_/Q
 _877_/Q
 _878_/Q
 _879_/Q
 _880_/Q
 _881_/Q
 _882_/Q
 _883_/Q
 _884_/Q
 _885_/Q
 _886_/Q
 _887_/Q
 _888_/Q
 _889_/Q
 _890_/Q
 _891_/Q
 _892_/Q
 _893_/Q
 _894_/Q
 _895_/Q
 _896_/Q
 _897_/Q
 _898_/Q
 _899_/Q
 _900_/Q
 _901_/Q
 _902_/Q
 _903_/Q
 _904_/Q
 _905_/Q
 _906_/Q
 _907_/Q
 _908_/Q
 _909_/Q
 _910_/Q
 _911_/Q
 _912_/Q
 _913_/Q
 _914_/Q
 _915_/Q
 _916_/Q
 _917_/Q
 _918_/Q
 _919_/Q
 _920_/Q
 _921_/Q
 _922_/Q
 _923_/Q
Found 0 partially unannotated drivers.

===========================================================================
max slew violation count 95
max fanout violation count 20
max cap violation count 1
============================================================================

===========================================================================
check_setup -verbose -unconstrained_endpoints -multiple_clock -no_clock -no_input_delay -loops -generated_clocks
===========================================================================
Warning: There are 29 unclocked register/latch pins.
  _746_/CLK
  _747_/CLK
  _748_/CLK
  _749_/CLK
  _750_/CLK
  _751_/CLK
  _752_/CLK
  _753_/CLK
  _850_/CLK
  _859_/CLK
  _860_/CLK
  _861_/CLK
  _862_/CLK
  _863_/CLK
  _864_/CLK
  _865_/CLK
  _866_/CLK
  _867_/CLK
  _868_/CLK
  _888_/CLK
  _889_/CLK
  _890_/CLK
  _891_/CLK
  _892_/CLK
  _893_/CLK
  _894_/CLK
  _895_/CLK
  _896_/CLK
  _897_/CLK
Warning: There are 44 unconstrained endpoints.
  aempty
  empty
  rd_data[0]
  rd_data[1]
  rd_data[2]
  rd_data[3]
  rd_data[4]
  rd_data[5]
  rd_data[6]
  rd_data[7]
  _746_/D
  _747_/D
  _748_/D
  _749_/D
  _750_/D
  _751_/D
  _752_/D
  _753_/D
  _850_/D
  _859_/D
  _860_/D
  _861_/D
  _862_/D
  _863_/D
  _864_/D
  _865_/D
  _866_/D
  _867_/D
  _868_/D
  _888_/D
  _889_/D
  _890_/D
  _891_/D
  _892_/D
  _893_/D
  _894_/D
  _895_/D
  _896_/D
  _897_/D
  _898_/D
  _899_/D
  _900_/D
  _901_/D
  _902_/D
