
===========================================================================
 report_power
============================================================================
======================= nom_tt_025C_1v80 Corner ===================================

Group                    Internal    Switching      Leakage        Total
                            Power        Power        Power        Power (Watts)
------------------------------------------------------------------------
Sequential           1.015551e-03 2.920452e-04 1.620674e-09 1.307598e-03  53.8%
Combinational        7.722031e-04 3.496958e-04 1.635372e-09 1.121901e-03  46.2%
Clock                0.000000e+00 0.000000e+00 0.000000e+00 0.000000e+00   0.0%
Macro                0.000000e+00 0.000000e+00 0.000000e+00 0.000000e+00   0.0%
Pad                  0.000000e+00 0.000000e+00 0.000000e+00 0.000000e+00   0.0%
------------------------------------------------------------------------
Total                1.787754e-03 6.417405e-04 3.256052e-09 2.429497e-03 100.0%
                            73.6%        26.4%         0.0%

