
===========================================================================
report_checks -unconstrained
===========================================================================
======================= nom_ff_n40C_1v95 Corner ===================================

Startpoint: arst_n (input port clocked by wr_clk)
Endpoint: _849_ (recovery check against rising-edge clock wr_clk)
Path Group: asynchronous
Path Type: max

Fanout         Cap        Slew       Delay        Time   Description
---------------------------------------------------------------------------------------------
                      0.150000    0.000000    0.000000   clock wr_clk (rise edge)
                                  0.000000    0.000000   clock network delay (ideal)
                                  2.000000    2.000000 ^ input external delay
    50    0.180740    0.610201    0.421023    2.421023 ^ arst_n (in)
                                                         arst_n (net)
                      0.610201    0.000000    2.421023 ^ _849_/RESET_B (sky130_fd_sc_hd__dfrtp_2)
                                              2.421023   data arrival time

                      0.150000   10.000000   10.000000   clock wr_clk (rise edge)
                                  0.000000   10.000000   clock network delay (ideal)
                                 -0.250000    9.750000   clock uncertainty
                                  0.000000    9.750000   clock reconvergence pessimism
                                              9.750000 ^ _849_/CLK (sky130_fd_sc_hd__dfrtp_2)
                                  0.002706    9.752707   library recovery time
                                              9.752707   data required time
---------------------------------------------------------------------------------------------
                                              9.752707   data required time
                                             -2.421023   data arrival time
---------------------------------------------------------------------------------------------
                                              7.331683   slack (MET)


Startpoint: wr_en (input port clocked by wr_clk)
Endpoint: _766_ (rising edge-triggered flip-flop clocked by wr_clk)
Path Group: wr_clk
Path Type: max

Fanout         Cap        Slew       Delay        Time   Description
---------------------------------------------------------------------------------------------
                      0.150000    0.000000    0.000000   clock wr_clk (rise edge)
                                  0.000000    0.000000   clock network delay (ideal)
                                  2.000000    2.000000 ^ input external delay
     5    0.011603    0.044906    0.028912    2.028912 ^ wr_en (in)
                                                         wr_en (net)
                      0.044906    0.000000    2.028912 ^ _471_/B (sky130_fd_sc_hd__and3_2)
    10    0.029051    0.119057    0.171482    2.200393 ^ _471_/X (sky130_fd_sc_hd__and3_2)
                                                         _253_ (net)
                      0.119057    0.000000    2.200393 ^ _620_/D_N (sky130_fd_sc_hd__nor4b_2)
     8    0.029488    0.526376    0.423101    2.623494 ^ _620_/Y (sky130_fd_sc_hd__nor4b_2)
                                                         _342_ (net)
                      0.526376    0.000000    2.623494 ^ _621_/S (sky130_fd_sc_hd__mux2_1)
     1    0.001783    0.034570    0.176592    2.800086 v _621_/X (sky130_fd_sc_hd__mux2_1)
                                                         _040_ (net)
                      0.034570    0.000000    2.800086 v _766_/D (sky130_fd_sc_hd__dfxtp_2)
                                              2.800086   data arrival time

                      0.150000   10.000000   10.000000   clock wr_clk (rise edge)
                                  0.000000   10.000000   clock network delay (ideal)
                                 -0.250000    9.750000   clock uncertainty
                                  0.000000    9.750000   clock reconvergence pessimism
                                              9.750000 ^ _766_/CLK (sky130_fd_sc_hd__dfxtp_2)
                                 -0.060782    9.689219   library setup time
                                              9.689219   data required time
---------------------------------------------------------------------------------------------
                                              9.689219   data required time
                                             -2.800086   data arrival time
---------------------------------------------------------------------------------------------
                                              6.889132   slack (MET)




===========================================================================
report_checks --slack_max -0.01
============================================================================
======================= nom_ff_n40C_1v95 Corner ===================================

No paths found.


===========================================================================
 report_check_types -max_slew -max_cap -max_fanout -violators
============================================================================
======================= nom_ff_n40C_1v95 Corner ===================================

max slew

Pin                                        Limit        Slew       Slack
------------------------------------------------------------------------
_441_/C                                 0.750000    0.814205   -0.064205 (VIOLATED)
_442_/C                                 0.750000    0.814205   -0.064205 (VIOLATED)
_443_/D                                 0.750000    0.814205   -0.064205 (VIOLATED)
_459_/D                                 0.750000    0.814205   -0.064205 (VIOLATED)
_462_/B1                                0.750000    0.814205   -0.064205 (VIOLATED)
_494_/A                                 0.750000    0.814205   -0.064205 (VIOLATED)
_495_/C                                 0.750000    0.814205   -0.064205 (VIOLATED)
_497_/A                                 0.750000    0.814205   -0.064205 (VIOLATED)
_498_/A1                                0.750000    0.814205   -0.064205 (VIOLATED)
_500_/A1                                0.750000    0.814205   -0.064205 (VIOLATED)
_524_/S0                                0.750000    0.814205   -0.064205 (VIOLATED)
_525_/S0                                0.750000    0.814205   -0.064205 (VIOLATED)
_526_/S0                                0.750000    0.814205   -0.064205 (VIOLATED)
_527_/S0                                0.750000    0.814205   -0.064205 (VIOLATED)
_530_/S0                                0.750000    0.814205   -0.064205 (VIOLATED)
_531_/S0                                0.750000    0.814205   -0.064205 (VIOLATED)
_533_/S0                                0.750000    0.814205   -0.064205 (VIOLATED)
_534_/S0                                0.750000    0.814205   -0.064205 (VIOLATED)
_538_/S0                                0.750000    0.814205   -0.064205 (VIOLATED)
_539_/S0                                0.750000    0.814205   -0.064205 (VIOLATED)
_541_/S0                                0.750000    0.814205   -0.064205 (VIOLATED)
_542_/S0                                0.750000    0.814205   -0.064205 (VIOLATED)
_546_/S0                                0.750000    0.814205   -0.064205 (VIOLATED)
_547_/S0                                0.750000    0.814205   -0.064205 (VIOLATED)
_548_/S0                                0.750000    0.814205   -0.064205 (VIOLATED)
_549_/S0                                0.750000    0.814205   -0.064205 (VIOLATED)
_552_/S0                                0.750000    0.814205   -0.064205 (VIOLATED)
_553_/S0                                0.750000    0.814205   -0.064205 (VIOLATED)
_555_/S0                                0.750000    0.814205   -0.064205 (VIOLATED)
_556_/S0                                0.750000    0.814205   -0.064205 (VIOLATED)
_560_/S0                                0.750000    0.814205   -0.064205 (VIOLATED)
_561_/S0                                0.750000    0.814205   -0.064205 (VIOLATED)
_562_/S0                                0.750000    0.814205   -0.064205 (VIOLATED)
_563_/S0                                0.750000    0.814205   -0.064205 (VIOLATED)
_566_/S0                                0.750000    0.814205   -0.064205 (VIOLATED)
_567_/S0                                0.750000    0.814205   -0.064205 (VIOLATED)
_569_/S0                                0.750000    0.814205   -0.064205 (VIOLATED)
_570_/S0                                0.750000    0.814205   -0.064205 (VIOLATED)
_574_/S0                                0.750000    0.814205   -0.064205 (VIOLATED)
_575_/S0                                0.750000    0.814205   -0.064205 (VIOLATED)
_577_/S0                                0.750000    0.814205   -0.064205 (VIOLATED)
_578_/S0                                0.750000    0.814205   -0.064205 (VIOLATED)
_840_/Q                                 0.750000    0.814205   -0.064205 (VIOLATED)

max fanout

Pin                                   Limit Fanout  Slack
---------------------------------------------------------
arst_n                                   10     50    -40 (VIOLATED)
_840_/Q                                  10     42    -32 (VIOLATED)
_841_/Q                                  10     39    -29 (VIOLATED)
rd_clk                                   10     29    -19 (VIOLATED)
_854_/Q                                  10     23    -13 (VIOLATED)
_853_/Q                                  10     17     -7 (VIOLATED)
wr_data[0]                               10     16     -6 (VIOLATED)
wr_data[1]                               10     16     -6 (VIOLATED)
wr_data[2]                               10     16     -6 (VIOLATED)
wr_data[3]                               10     16     -6 (VIOLATED)
wr_data[4]                               10     16     -6 (VIOLATED)
wr_data[5]                               10     16     -6 (VIOLATED)
wr_data[6]                               10     16     -6 (VIOLATED)
wr_data[7]                               10     16     -6 (VIOLATED)
_360_/Y                                  10     15     -5 (VIOLATED)
_852_/Q                                  10     15     -5 (VIOLATED)
_493_/X                                  10     12     -2 (VIOLATED)
_488_/X                                  10     11        (VIOLATED)

max capacitance

Pin                                        Limit         Cap       Slack
------------------------------------------------------------------------
_840_/Q                                 0.200000    0.229506   -0.029506 (VIOLATED)



===========================================================================
report_parasitic_annotation -report_unannotated
============================================================================
Found 575 unannotated drivers.
 aempty_threshold[0]
 aempty_threshold[1]
 aempty_threshold[2]
 aempty_threshold[3]
 aempty_threshold[4]
 afull_threshold[0]
 afull_threshold[1]
 afull_threshold[2]
 afull_threshold[3]
 afull_threshold[4]
 arst_n
 rd_clk
 rd_en
 wr_clk
 wr_data[0]
 wr_data[1]
 wr_data[2]
 wr_data[3]
 wr_data[4]
 wr_data[5]
 wr_data[6]
 wr_data[7]
 wr_en
 _352_/Y
 _353_/Y
 _354_/Y
 _355_/Y
 _356_/Y
 _357_/Y
 _358_/Y
 _359_/Y
 _360_/Y
 _361_/Y
 _362_/Y
 _363_/Y
 _364_/X
 _365_/Y
 _366_/Y
 _367_/X
 _368_/Y
 _369_/Y
 _370_/Y
 _371_/Y
 _372_/Y
 _373_/Y
 _374_/X
 _375_/Y
 _376_/Y
 _377_/Y
 _378_/Y
 _379_/Y
 _380_/Y
 _381_/Y
 _382_/Y
 _383_/Y
 _384_/Y
 _385_/Y
 _386_/Y
 _387_/X
 _388_/Y
 _389_/Y
 _390_/Y
 _391_/Y
 _392_/X
 _393_/Y
 _394_/Y
 _395_/Y
 _396_/X
 _397_/Y
 _398_/Y
 _399_/X
 _400_/Y
 _401_/X
 _402_/Y
 _403_/Y
 _404_/X
 _405_/Y
 _406_/Y
 _407_/Y
 _408_/Y
 _409_/X
 _410_/Y
 _411_/Y
 _412_/Y
 _413_/Y
 _414_/Y
 _415_/X
 _416_/Y
 _417_/Y
 _418_/X
 _419_/Y
 _420_/Y
 _421_/Y
 _422_/X
 _423_/Y
 _424_/X
 _425_/Y
 _426_/Y
 _427_/Y
 _428_/Y
 _429_/Y
 _430_/X
 _431_/X
 _432_/Y
 _433_/Y
 _434_/Y
 _435_/Y
 _436_/Y
 _437_/Y
 _438_/Y
 _439_/Y
 _440_/Y
 _441_/X
 _442_/Y
 _443_/Y
 _444_/Y
 _445_/Y
 _446_/Y
 _447_/Y
 _448_/Y
 _449_/Y
 _450_/Y
 _451_/Y
 _452_/X
 _453_/Y
 _454_/X
 _455_/Y
 _456_/X
 _457_/Y
 _458_/Y
 _459_/Y
 _460_/Y
 _461_/Y
 _462_/Y
 _463_/Y
 _464_/Y
 _465_/Y
 _466_/Y
 _467_/Y
 _468_/Y
 _469_/Y
 _470_/Y
 _471_/X
 _472_/Y
 _473_/Y
 _474_/X
 _475_/Y
 _476_/Y
 _477_/X
 _478_/Y
 _479_/Y
 _480_/X
 _481_/Y
 _482_/X
 _483_/X
 _484_/Y
 _485_/X
 _486_/Y
 _487_/X
 _488_/X
 _489_/X
 _490_/X
 _491_/Y
 _492_/Y
 _493_/X
 _494_/Y
 _495_/X
 _496_/Y
 _497_/X
 _498_/Y
 _499_/Y
 _500_/X
 _501_/Y
 _502_/X
 _503_/X
 _504_/X
 _505_/Y
 _506_/X
 _507_/Y
 _508_/X
 _509_/X
 _510_/Y
 _511_/Y
 _512_/X
 _513_/X
 _514_/X
 _515_/X
 _516_/Y
 _517_/X
 _518_/X
 _519_/Y
 _520_/X
 _521_/X
 _522_/X
 _523_/Y
 _524_/X
 _525_/X
 _526_/X
 _527_/X
 _528_/X
 _529_/X
 _530_/X
 _531_/X
 _532_/X
 _533_/X
 _534_/X
 _535_/X
 _536_/X
 _537_/X
 _538_/X
 _539_/X
 _540_/X
 _541_/X
 _542_/X
 _543_/X
 _544_/X
 _545_/X
 _546_/X
 _547_/X
 _548_/X
 _549_/X
 _550_/X
 _551_/X
 _552_/X
 _553_/X
 _554_/X
 _555_/X
 _556_/X
 _557_/X
 _558_/X
 _559_/X
 _560_/X
 _561_/X
 _562_/X
 _563_/X
 _564_/X
 _565_/X
 _566_/X
 _567_/X
 _568_/X
 _569_/X
 _570_/X
 _571_/X
 _572_/X
 _573_/X
 _574_/X
 _575_/X
 _576_/X
 _577_/X
 _578_/X
 _579_/X
 _580_/X
 _581_/X
 _582_/X
 _583_/X
 _584_/X
 _585_/X
 _586_/X
 _587_/X
 _588_/X
 _589_/X
 _590_/X
 _591_/X
 _592_/X
 _593_/X
 _594_/X
 _595_/X
 _596_/X
 _597_/X
 _598_/X
 _599_/X
 _600_/X
 _601_/X
 _602_/X
 _603_/X
 _604_/X
 _605_/X
 _606_/X
 _607_/X
 _608_/X
 _609_/X
 _610_/X
 _611_/X
 _612_/X
 _613_/X
 _614_/X
 _615_/X
 _616_/X
 _617_/X
 _618_/X
 _619_/X
 _620_/Y
 _621_/X
 _622_/X
 _623_/X
 _624_/X
 _625_/X
 _626_/X
 _627_/X
 _628_/X
 _629_/X
 _630_/X
 _631_/X
 _632_/X
 _633_/X
 _634_/X
 _635_/X
 _636_/X
 _637_/X
 _638_/X
 _639_/X
 _640_/X
 _641_/X
 _642_/X
 _643_/X
 _644_/X
 _645_/X
 _646_/X
 _647_/X
 _648_/X
 _649_/X
 _650_/X
 _651_/X
 _652_/X
 _653_/X
 _654_/X
 _655_/X
 _656_/X
 _657_/X
 _658_/X
 _659_/X
 _660_/X
 _661_/X
 _662_/X
 _663_/X
 _664_/X
 _665_/X
 _666_/X
 _667_/X
 _668_/X
 _669_/X
 _670_/X
 _671_/X
 _672_/X
 _673_/X
 _674_/X
 _675_/X
 _676_/X
 _677_/X
 _678_/X
 _679_/X
 _680_/X
 _681_/X
 _682_/X
 _683_/X
 _684_/X
 _685_/X
 _686_/X
 _687_/X
 _688_/X
 _689_/X
 _690_/X
 _691_/X
 _692_/X
 _693_/X
 _694_/X
 _695_/X
 _696_/X
 _697_/X
 _698_/X
 _699_/X
 _700_/X
 _701_/X
 _702_/X
 _703_/X
 _704_/X
 _705_/X
 _706_/X
 _707_/X
 _708_/X
 _709_/X
 _710_/X
 _711_/X
 _712_/X
 _713_/X
 _714_/X
 _715_/X
 _716_/X
 _717_/X
 _718_/X
 _719_/X
 _720_/X
 _721_/X
 _722_/X
 _723_/X
 _724_/X
 _725_/X
 _726_/Q
 _727_/Q
 _728_/Q
 _729_/Q
 _730_/Q
 _731_/Q
 _732_/Q
 _733_/Q
 _734_/Q
 _735_/Q
 _736_/Q
 _737_/Q
 _738_/Q
 _739_/Q
 _740_/Q
 _741_/Q
 _742_/Q
 _743_/Q
 _744_/Q
 _745_/Q
 _746_/Q
 _747_/Q
 _748_/Q
 _749_/Q
 _750_/Q
 _751_/Q
 _752_/Q
 _753_/Q
 _754_/Q
 _755_/Q
 _756_/Q
 _757_/Q
 _758_/Q
 _759_/Q
 _760_/Q
 _761_/Q
 _762_/Q
 _763_/Q
 _764_/Q
 _765_/Q
 _766_/Q
 _767_/Q
 _768_/Q
 _769_/Q
 _770_/Q
 _771_/Q
 _772_/Q
 _773_/Q
 _774_/Q
 _775_/Q
 _776_/Q
 _777_/Q
 _778_/Q
 _779_/Q
 _780_/Q
 _781_/Q
 _782_/Q
 _783_/Q
 _784_/Q
 _785_/Q
 _786_/Q
 _787_/Q
 _788_/Q
 _789_/Q
 _790_/Q
 _791_/Q
 _792_/Q
 _793_/Q
 _794_/Q
 _795_/Q
 _796_/Q
 _797_/Q
 _798_/Q
 _799_/Q
 _800_/Q
 _801_/Q
 _802_/Q
 _803_/Q
 _804_/Q
 _805_/Q
 _806_/Q
 _807_/Q
 _808_/Q
 _809_/Q
 _810_/Q
 _811_/Q
 _812_/Q
 _813_/Q
 _814_/Q
 _815_/Q
 _816_/Q
 _817_/Q
 _818_/Q
 _819_/Q
 _820_/Q
 _821_/Q
 _822_/Q
 _823_/Q
 _824_/Q
 _825_/Q
 _826_/Q
 _827_/Q
 _828_/Q
 _829_/Q
 _830_/Q
 _831_/Q
 _832_/Q
 _833_/Q
 _834_/Q
 _835_/Q
 _836_/Q
 _837_/Q
 _838_/Q
 _839_/Q
 _840_/Q
 _841_/Q
 _842_/Q
 _843_/Q
 _844_/Q
 _845_/Q
 _846_/Q
 _847_/Q
 _848_/Q
 _849_/Q
 _850_/Q
 _851_/Q
 _852_/Q
 _853_/Q
 _854_/Q
 _855_/Q
 _856_/Q
 _857_/Q
 _858_/Q
 _859_/Q
 _860_/Q
 _861_/Q
 _862_/Q
 _863_/Q
 _864_/Q
 _865_/Q
 _866_/Q
 _867_/Q
 _868_/Q
 _869_/Q
 _870_/Q
 _871_/Q
 _872_/Q
 _873_/Q
 _874_/Q
 _875_/Q
 _876_/Q
 _877_/Q
 _878_/Q
 _879_/Q
 _880_/Q
 _881_/Q
 _882_/Q
 _883_/Q
 _884_/Q
 _885_/Q
 _886_/Q
 _887_/Q
 _888_/Q
 _889_/Q
 _890_/Q
 _891_/Q
 _892_/Q
 _893_/Q
 _894_/Q
 _895_/Q
 _896_/Q
 _897_/Q
 _898_/Q
 _899_/Q
 _900_/Q
 _901_/Q
 _902_/Q
 _903_/Q
Found 0 partially unannotated drivers.

===========================================================================
max slew violation count 43
max fanout violation count 18
max cap violation count 1
============================================================================

===========================================================================
check_setup -verbose -unconstrained_endpoints -multiple_clock -no_clock -no_input_delay -loops -generated_clocks
===========================================================================
Warning: There are 29 unclocked register/latch pins.
  _726_/CLK
  _727_/CLK
  _728_/CLK
  _729_/CLK
  _730_/CLK
  _731_/CLK
  _732_/CLK
  _733_/CLK
  _830_/CLK
  _839_/CLK
  _840_/CLK
  _841_/CLK
  _842_/CLK
  _843_/CLK
  _844_/CLK
  _845_/CLK
  _846_/CLK
  _847_/CLK
  _848_/CLK
  _868_/CLK
  _869_/CLK
  _870_/CLK
  _871_/CLK
  _872_/CLK
  _873_/CLK
  _874_/CLK
  _875_/CLK
  _876_/CLK
  _877_/CLK
Warning: There are 44 unconstrained endpoints.
  aempty
  empty
  rd_data[0]
  rd_data[1]
  rd_data[2]
  rd_data[3]
  rd_data[4]
  rd_data[5]
  rd_data[6]
  rd_data[7]
  _726_/D
  _727_/D
  _728_/D
  _729_/D
  _730_/D
  _731_/D
  _732_/D
  _733_/D
  _830_/D
  _839_/D
  _840_/D
  _841_/D
  _842_/D
  _843_/D
  _844_/D
  _845_/D
  _846_/D
  _847_/D
  _848_/D
  _868_/D
  _869_/D
  _870_/D
  _871_/D
  _872_/D
  _873_/D
  _874_/D
  _875_/D
  _876_/D
  _877_/D
  _878_/D
  _879_/D
  _880_/D
  _881_/D
  _882_/D
