
===========================================================================
 report_power
============================================================================
======================= nom_ff_n40C_1v95 Corner ===================================

Group                    Internal    Switching      Leakage        Total
                            Power        Power        Power        Power (Watts)
------------------------------------------------------------------------
Sequential           1.177053e-03 3.404729e-04 3.211684e-09 1.517529e-03  54.8%
Combinational        8.509303e-04 4.006238e-04 3.068269e-09 1.251557e-03  45.2%
Clock                0.000000e+00 0.000000e+00 0.000000e+00 0.000000e+00   0.0%
Macro                0.000000e+00 0.000000e+00 0.000000e+00 0.000000e+00   0.0%
Pad                  0.000000e+00 0.000000e+00 0.000000e+00 0.000000e+00   0.0%
------------------------------------------------------------------------
Total                2.027983e-03 7.410960e-04 6.279960e-09 2.769085e-03 100.0%
                            73.2%        26.8%         0.0%

