
===========================================================================
 report_power
============================================================================
======================= nom_ff_n40C_1v95 Corner ===================================

Group                    Internal    Switching      Leakage        Total
                            Power        Power        Power        Power (Watts)
------------------------------------------------------------------------
Sequential           1.175717e-03 3.375527e-04 3.201468e-09 1.513273e-03  52.4%
Combinational        9.752215e-04 4.015063e-04 2.719554e-09 1.376731e-03  47.6%
Clock                0.000000e+00 0.000000e+00 0.000000e+00 0.000000e+00   0.0%
Macro                0.000000e+00 0.000000e+00 0.000000e+00 0.000000e+00   0.0%
Pad                  0.000000e+00 0.000000e+00 0.000000e+00 0.000000e+00   0.0%
------------------------------------------------------------------------
Total                2.150935e-03 7.390590e-04 5.921019e-09 2.889999e-03 100.0%
                            74.4%        25.6%         0.0%

