
===========================================================================
report_checks -unconstrained
===========================================================================
======================= min_tt_025C_1v80 Corner ===================================

Startpoint: arst_n (input port clocked by wr_clk)
Endpoint: _761_ (recovery check against rising-edge clock wr_clk)
Path Group: asynchronous
Path Type: max

Fanout         Cap        Slew       Delay        Time   Description
---------------------------------------------------------------------------------------------
                                  0.000000    0.000000   clock wr_clk (rise edge)
                                  0.000000    0.000000   clock network delay (propagated)
                                  2.000000    2.000000 ^ input external delay
     1    0.002767    0.019593    0.010185    2.010185 ^ arst_n (in)
                                                         arst_n (net)
                      0.019593    0.000000    2.010185 ^ input11/A (sky130_fd_sc_hd__clkbuf_1)
     1    0.002250    0.038131    0.067235    2.077419 ^ input11/X (sky130_fd_sc_hd__clkbuf_1)
                                                         net11 (net)
                      0.038131    0.000020    2.077439 ^ fanout76/A (sky130_fd_sc_hd__buf_2)
     5    0.037275    0.184000    0.204840    2.282279 ^ fanout76/X (sky130_fd_sc_hd__buf_2)
                                                         net76 (net)
                      0.184001    0.000347    2.282626 ^ fanout75/A (sky130_fd_sc_hd__buf_2)
     6    0.043552    0.214227    0.272437    2.555062 ^ fanout75/X (sky130_fd_sc_hd__buf_2)
                                                         net75 (net)
                      0.214227    0.000191    2.555253 ^ fanout74/A (sky130_fd_sc_hd__buf_2)
     7    0.037760    0.186716    0.262778    2.818031 ^ fanout74/X (sky130_fd_sc_hd__buf_2)
                                                         net74 (net)
                      0.186716    0.000168    2.818199 ^ fanout73/A (sky130_fd_sc_hd__clkbuf_4)
    10    0.047188    0.149013    0.261863    3.080062 ^ fanout73/X (sky130_fd_sc_hd__clkbuf_4)
                                                         net73 (net)
                      0.149013    0.000096    3.080158 ^ fanout72/A (sky130_fd_sc_hd__clkbuf_4)
    10    0.045538    0.144108    0.246162    3.326320 ^ fanout72/X (sky130_fd_sc_hd__clkbuf_4)
                                                         net72 (net)
                      0.144109    0.000707    3.327027 ^ _761_/RESET_B (sky130_fd_sc_hd__dfrtp_4)
                                              3.327027   data arrival time

                                 10.000000   10.000000   clock wr_clk (rise edge)
                                  0.000000   10.000000   clock source latency
     1    0.023797    0.112744    0.078147   10.078148 ^ wr_clk (in)
                                                         wr_clk (net)
                      0.112782    0.000000   10.078148 ^ clkbuf_0_wr_clk/A (sky130_fd_sc_hd__clkbuf_16)
    16    0.103031    0.118468    0.212961   10.291109 ^ clkbuf_0_wr_clk/X (sky130_fd_sc_hd__clkbuf_16)
                                                         clknet_0_wr_clk (net)
                      0.118482    0.001402   10.292510 ^ clkbuf_4_14_0_wr_clk/A (sky130_fd_sc_hd__clkbuf_8)
     6    0.035254    0.074476    0.177876   10.470387 ^ clkbuf_4_14_0_wr_clk/X (sky130_fd_sc_hd__clkbuf_8)
                                                         clknet_4_14_0_wr_clk (net)
                      0.074482    0.000726   10.471112 ^ _761_/CLK (sky130_fd_sc_hd__dfrtp_4)
                                 -0.250000   10.221112   clock uncertainty
                                  0.000000   10.221112   clock reconvergence pessimism
                                  0.194363   10.415475   library recovery time
                                             10.415475   data required time
---------------------------------------------------------------------------------------------
                                             10.415475   data required time
                                             -3.327027   data arrival time
---------------------------------------------------------------------------------------------
                                              7.088448   slack (MET)


Startpoint: wr_en (input port clocked by wr_clk)
Endpoint: _755_ (rising edge-triggered flip-flop clocked by wr_clk)
Path Group: wr_clk
Path Type: max

Fanout         Cap        Slew       Delay        Time   Description
---------------------------------------------------------------------------------------------
                                  0.000000    0.000000   clock wr_clk (rise edge)
                                  0.000000    0.000000   clock network delay (propagated)
                                  2.000000    2.000000 v input external delay
     1    0.003192    0.009541    0.005086    2.005086 v wr_en (in)
                                                         wr_en (net)
                      0.009541    0.000000    2.005086 v input22/A (sky130_fd_sc_hd__clkbuf_1)
     1    0.001976    0.022288    0.068007    2.073093 v input22/X (sky130_fd_sc_hd__clkbuf_1)
                                                         net22 (net)
                      0.022288    0.000018    2.073111 v _379_/B (sky130_fd_sc_hd__and2b_1)
     5    0.012122    0.072243    0.182022    2.255133 v _379_/X (sky130_fd_sc_hd__and2b_1)
                                                         _208_ (net)
                      0.072243    0.000161    2.255293 v _383_/C (sky130_fd_sc_hd__and3_2)
     5    0.019596    0.074803    0.264247    2.519540 v _383_/X (sky130_fd_sc_hd__and3_2)
                                                         _211_ (net)
                      0.074803    0.000399    2.519939 v _387_/B (sky130_fd_sc_hd__and2_1)
     4    0.019472    0.104586    0.231110    2.751049 v _387_/X (sky130_fd_sc_hd__and2_1)
                                                         _214_ (net)
                      0.104586    0.000166    2.751215 v _400_/B (sky130_fd_sc_hd__nand2_1)
     2    0.019578    0.186794    0.191175    2.942390 ^ _400_/Y (sky130_fd_sc_hd__nand2_1)
                                                         _222_ (net)
                      0.186794    0.000089    2.942479 ^ fanout35/A (sky130_fd_sc_hd__buf_4)
    10    0.075014    0.209200    0.277562    3.220041 ^ fanout35/X (sky130_fd_sc_hd__buf_4)
                                                         net35 (net)
                      0.209200    0.000752    3.220793 ^ _401_/B (sky130_fd_sc_hd__xnor2_1)
     1    0.002864    0.119626    0.143038    3.363831 ^ _401_/Y (sky130_fd_sc_hd__xnor2_1)
                                                         _223_ (net)
                      0.119626    0.000026    3.363857 ^ _402_/B (sky130_fd_sc_hd__nand2_1)
     1    0.002528    0.042072    0.064521    3.428377 v _402_/Y (sky130_fd_sc_hd__nand2_1)
                                                         _224_ (net)
                      0.042072    0.000030    3.428407 v _403_/C (sky130_fd_sc_hd__or4b_1)
     1    0.002934    0.083534    0.459973    3.888381 v _403_/X (sky130_fd_sc_hd__or4b_1)
                                                         _225_ (net)
                      0.083534    0.000030    3.888411 v _404_/B (sky130_fd_sc_hd__nor2_1)
     1    0.004749    0.108322    0.120016    4.008427 ^ _404_/Y (sky130_fd_sc_hd__nor2_1)
                                                         full_next (net)
                      0.108322    0.000098    4.008524 ^ _755_/D (sky130_fd_sc_hd__dfrtp_1)
                                              4.008524   data arrival time

                                 10.000000   10.000000   clock wr_clk (rise edge)
                                  0.000000   10.000000   clock source latency
     1    0.023797    0.112744    0.078147   10.078148 ^ wr_clk (in)
                                                         wr_clk (net)
                      0.112782    0.000000   10.078148 ^ clkbuf_0_wr_clk/A (sky130_fd_sc_hd__clkbuf_16)
    16    0.103031    0.118468    0.212961   10.291109 ^ clkbuf_0_wr_clk/X (sky130_fd_sc_hd__clkbuf_16)
                                                         clknet_0_wr_clk (net)
                      0.118477    0.001181   10.292290 ^ clkbuf_4_13_0_wr_clk/A (sky130_fd_sc_hd__clkbuf_8)
     8    0.040958    0.083520    0.184985   10.477275 ^ clkbuf_4_13_0_wr_clk/X (sky130_fd_sc_hd__clkbuf_8)
                                                         clknet_4_13_0_wr_clk (net)
                      0.083525    0.000732   10.478007 ^ _755_/CLK (sky130_fd_sc_hd__dfrtp_1)
                                 -0.250000   10.228007   clock uncertainty
                                  0.000000   10.228007   clock reconvergence pessimism
                                 -0.068530   10.159477   library setup time
                                             10.159477   data required time
---------------------------------------------------------------------------------------------
                                             10.159477   data required time
                                             -4.008524   data arrival time
---------------------------------------------------------------------------------------------
                                              6.150953   slack (MET)




===========================================================================
report_checks --slack_max -0.01
============================================================================
======================= min_tt_025C_1v80 Corner ===================================

No paths found.


===========================================================================
 report_check_types -max_slew -max_cap -max_fanout -violators
============================================================================
======================= min_tt_025C_1v80 Corner ===================================

max fanout

Pin                                   Limit Fanout  Slack
---------------------------------------------------------
clkbuf_0_wr_clk/X                        10     16     -6 (VIOLATED)
clkbuf_4_0_0_wr_clk/X                    10     14     -4 (VIOLATED)
clkbuf_4_1_0_wr_clk/X                    10     14     -4 (VIOLATED)
clkbuf_4_5_0_wr_clk/X                    10     14     -4 (VIOLATED)
clkbuf_4_10_0_wr_clk/X                   10     13     -3 (VIOLATED)
clkbuf_4_2_0_wr_clk/X                    10     13     -3 (VIOLATED)
clkbuf_4_4_0_wr_clk/X                    10     13     -3 (VIOLATED)
clkbuf_4_7_0_wr_clk/X                    10     11        (VIOLATED)



===========================================================================
report_parasitic_annotation -report_unannotated
============================================================================
Found 15 unannotated drivers.
 clkload0/X
 clkload1/X
 clkload10/Y
 clkload11/Y
 clkload12/Y
 clkload13/Y
 clkload14/Y
 clkload2/X
 clkload3/Y
 clkload4/X
 clkload5/Y
 clkload6/Y
 clkload7/Y
 clkload8/Y
 clkload9/X
Found 0 partially unannotated drivers.

===========================================================================
max slew violation count 0
max fanout violation count 8
max cap violation count 0
============================================================================

===========================================================================
check_setup -verbose -unconstrained_endpoints -multiple_clock -no_clock -no_input_delay -loops -generated_clocks
===========================================================================
Warning: There are 29 unclocked register/latch pins.
  _632_/CLK
  _633_/CLK
  _634_/CLK
  _635_/CLK
  _636_/CLK
  _637_/CLK
  _638_/CLK
  _639_/CLK
  _736_/CLK
  _745_/CLK
  _746_/CLK
  _747_/CLK
  _748_/CLK
  _749_/CLK
  _750_/CLK
  _751_/CLK
  _752_/CLK
  _753_/CLK
  _754_/CLK
  _774_/CLK
  _775_/CLK
  _776_/CLK
  _777_/CLK
  _778_/CLK
  _779_/CLK
  _780_/CLK
  _781_/CLK
  _782_/CLK
  _783_/CLK
Warning: There are 44 unconstrained endpoints.
  aempty
  empty
  rd_data[0]
  rd_data[1]
  rd_data[2]
  rd_data[3]
  rd_data[4]
  rd_data[5]
  rd_data[6]
  rd_data[7]
  _632_/D
  _633_/D
  _634_/D
  _635_/D
  _636_/D
  _637_/D
  _638_/D
  _639_/D
  _736_/D
  _745_/D
  _746_/D
  _747_/D
  _748_/D
  _749_/D
  _750_/D
  _751_/D
  _752_/D
  _753_/D
  _754_/D
  _774_/D
  _775_/D
  _776_/D
  _777_/D
  _778_/D
  _779_/D
  _780_/D
  _781_/D
  _782_/D
  _783_/D
  _784_/D
  _785_/D
  _786_/D
  _787_/D
  _788_/D
