Clock: wr_clk
Sources: wr_clk 
Generated: no
Virtual: yes
Propagated: no
Period: 10.000000

===========================================================================
report_clock_properties
============================================================================
Clock                   Period          Waveform
----------------------------------------------------
wr_clk               10.000000    0.000000  5.000000

===========================================================================
report_clock_latency
============================================================================
Clock wr_clk
rise -> rise
    min     max
0.000000 0.000000 source latency
0.468264         network latency _705_/CLK
        2.684865 network latency _748_/CLK
---------------
0.468264 2.684865 latency
        2.216602 skew

rise -> fall
    min     max
0.000000 0.000000 source latency
2.125887         network latency _782_/CLK
        2.534283 network latency _748_/CLK
---------------
2.125887 2.534283 latency
        0.408396 skew

fall -> fall
    min     max
0.000000 0.000000 source latency
0.403052         network latency _705_/CLK
        0.411453 network latency _666_/CLK
---------------
0.403052 0.411453 latency
        0.008401 skew



===========================================================================
report_clock_min_period
============================================================================
wr_clk period_min = 3.05 fmax = 328.19
