
===========================================================================
 report_power
============================================================================
======================= min_tt_025C_1v80 Corner ===================================

Group                    Internal    Switching      Leakage        Total
                            Power        Power        Power        Power (Watts)
------------------------------------------------------------------------
Sequential           9.788311e-04 1.808452e-04 1.658515e-09 1.159678e-03  36.2%
Combinational        1.057096e-03 5.190203e-04 2.305931e-09 1.576119e-03  49.2%
Clock                2.392501e-04 2.277238e-04 1.929828e-09 4.669758e-04  14.6%
Macro                0.000000e+00 0.000000e+00 0.000000e+00 0.000000e+00   0.0%
Pad                  0.000000e+00 0.000000e+00 0.000000e+00 0.000000e+00   0.0%
------------------------------------------------------------------------
Total                2.275178e-03 9.275892e-04 5.894265e-09 3.202773e-03 100.0%
                            71.0%        29.0%         0.0%

