
===========================================================================
report_checks -unconstrained
===========================================================================
======================= nom_ss_100C_1v60 Corner ===================================

Startpoint: arst_n (input port clocked by wr_clk)
Endpoint: _751_ (recovery check against rising-edge clock wr_clk)
Path Group: asynchronous
Path Type: max

Fanout         Cap        Slew       Delay        Time   Description
---------------------------------------------------------------------------------------------
                      0.150000    0.000000    0.000000   clock wr_clk (rise edge)
                                  0.000000    0.000000   clock network delay (ideal)
                                  2.000000    2.000000 ^ input external delay
    50    0.163166    1.172122    0.818662    2.818662 ^ arst_n (in)
                                                         arst_n (net)
                      1.172122    0.000000    2.818662 ^ _751_/RESET_B (sky130_fd_sc_hd__dfrtp_2)
                                              2.818662   data arrival time

                      0.150000   10.000000   10.000000   clock wr_clk (rise edge)
                                  0.000000   10.000000   clock network delay (ideal)
                                 -0.250000    9.750000   clock uncertainty
                                  0.000000    9.750000   clock reconvergence pessimism
                                              9.750000 ^ _751_/CLK (sky130_fd_sc_hd__dfrtp_2)
                                  0.002896    9.752896   library recovery time
                                              9.752896   data required time
---------------------------------------------------------------------------------------------
                                              9.752896   data required time
                                             -2.818662   data arrival time
---------------------------------------------------------------------------------------------
                                              6.934234   slack (MET)


Startpoint: wr_en (input port clocked by wr_clk)
Endpoint: _684_ (rising edge-triggered flip-flop clocked by wr_clk)
Path Group: wr_clk
Path Type: max

Fanout         Cap        Slew       Delay        Time   Description
---------------------------------------------------------------------------------------------
                      0.150000    0.000000    0.000000   clock wr_clk (rise edge)
                                  0.000000    0.000000   clock network delay (ideal)
                                  2.000000    2.000000 ^ input external delay
     1    0.001604    0.024846    0.009415    2.009415 ^ wr_en (in)
                                                         wr_en (net)
                      0.024846    0.000000    2.009415 ^ _369_/B (sky130_fd_sc_hd__and2b_2)
     5    0.013824    0.143314    0.322484    2.331899 ^ _369_/X (sky130_fd_sc_hd__and2b_2)
                                                         _200_ (net)
                      0.143314    0.000000    2.331899 ^ _499_/C_N (sky130_fd_sc_hd__or3b_2)
     4    0.016919    0.254387    1.202538    3.534437 v _499_/X (sky130_fd_sc_hd__or3b_2)
                                                         _286_ (net)
                      0.254387    0.000000    3.534437 v _538_/A (sky130_fd_sc_hd__nor2_2)
     8    0.026848    0.500153    0.530130    4.064568 ^ _538_/Y (sky130_fd_sc_hd__nor2_2)
                                                         _293_ (net)
                      0.500153    0.000000    4.064568 ^ _539_/S (sky130_fd_sc_hd__mux2_1)
     1    0.001577    0.099887    0.807817    4.872385 v _539_/X (sky130_fd_sc_hd__mux2_1)
                                                         _056_ (net)
                      0.099887    0.000000    4.872385 v _684_/D (sky130_fd_sc_hd__dfxtp_2)
                                              4.872385   data arrival time

                      0.150000   10.000000   10.000000   clock wr_clk (rise edge)
                                  0.000000   10.000000   clock network delay (ideal)
                                 -0.250000    9.750000   clock uncertainty
                                  0.000000    9.750000   clock reconvergence pessimism
                                              9.750000 ^ _684_/CLK (sky130_fd_sc_hd__dfxtp_2)
                                 -0.265129    9.484872   library setup time
                                              9.484872   data required time
---------------------------------------------------------------------------------------------
                                              9.484872   data required time
                                             -4.872385   data arrival time
---------------------------------------------------------------------------------------------
                                              4.612487   slack (MET)




===========================================================================
report_checks --slack_max -0.01
============================================================================
======================= nom_ss_100C_1v60 Corner ===================================

No paths found.


===========================================================================
 report_check_types -max_slew -max_cap -max_fanout -violators
============================================================================
======================= nom_ss_100C_1v60 Corner ===================================

max slew

Pin                                        Limit        Slew       Slack
------------------------------------------------------------------------
_344_/A                                 0.750000    1.481437   -0.731437 (VIOLATED)
_346_/A1                                0.750000    1.481437   -0.731437 (VIOLATED)
_361_/A                                 0.750000    1.481437   -0.731437 (VIOLATED)
_364_/C1                                0.750000    1.481437   -0.731437 (VIOLATED)
_395_/A                                 0.750000    1.481437   -0.731437 (VIOLATED)
_396_/A                                 0.750000    1.481437   -0.731437 (VIOLATED)
_398_/A1                                0.750000    1.481437   -0.731437 (VIOLATED)
_399_/A                                 0.750000    1.481437   -0.731437 (VIOLATED)
_423_/S0                                0.750000    1.481437   -0.731437 (VIOLATED)
_424_/S0                                0.750000    1.481437   -0.731437 (VIOLATED)
_425_/S0                                0.750000    1.481437   -0.731437 (VIOLATED)
_426_/S0                                0.750000    1.481437   -0.731437 (VIOLATED)
_429_/S0                                0.750000    1.481437   -0.731437 (VIOLATED)
_430_/S0                                0.750000    1.481437   -0.731437 (VIOLATED)
_432_/S0                                0.750000    1.481437   -0.731437 (VIOLATED)
_433_/S0                                0.750000    1.481437   -0.731437 (VIOLATED)
_437_/S0                                0.750000    1.481437   -0.731437 (VIOLATED)
_438_/S0                                0.750000    1.481437   -0.731437 (VIOLATED)
_439_/S0                                0.750000    1.481437   -0.731437 (VIOLATED)
_440_/S0                                0.750000    1.481437   -0.731437 (VIOLATED)
_443_/S0                                0.750000    1.481437   -0.731437 (VIOLATED)
_444_/S0                                0.750000    1.481437   -0.731437 (VIOLATED)
_445_/S0                                0.750000    1.481437   -0.731437 (VIOLATED)
_446_/S0                                0.750000    1.481437   -0.731437 (VIOLATED)
_449_/S0                                0.750000    1.481437   -0.731437 (VIOLATED)
_450_/S0                                0.750000    1.481437   -0.731437 (VIOLATED)
_452_/S0                                0.750000    1.481437   -0.731437 (VIOLATED)
_453_/S0                                0.750000    1.481437   -0.731437 (VIOLATED)
_457_/S0                                0.750000    1.481437   -0.731437 (VIOLATED)
_458_/S0                                0.750000    1.481437   -0.731437 (VIOLATED)
_460_/S0                                0.750000    1.481437   -0.731437 (VIOLATED)
_461_/S0                                0.750000    1.481437   -0.731437 (VIOLATED)
_465_/S0                                0.750000    1.481437   -0.731437 (VIOLATED)
_466_/S0                                0.750000    1.481437   -0.731437 (VIOLATED)
_468_/S0                                0.750000    1.481437   -0.731437 (VIOLATED)
_469_/S0                                0.750000    1.481437   -0.731437 (VIOLATED)
_473_/S0                                0.750000    1.481437   -0.731437 (VIOLATED)
_474_/S0                                0.750000    1.481437   -0.731437 (VIOLATED)
_475_/S0                                0.750000    1.481437   -0.731437 (VIOLATED)
_476_/S0                                0.750000    1.481437   -0.731437 (VIOLATED)
_742_/Q                                 0.750000    1.481437   -0.731437 (VIOLATED)
arst_n                                  0.750000    1.172122   -0.422122 (VIOLATED)
_628_/RESET_B                           0.750000    1.172122   -0.422122 (VIOLATED)
_629_/RESET_B                           0.750000    1.172122   -0.422122 (VIOLATED)
_630_/RESET_B                           0.750000    1.172122   -0.422122 (VIOLATED)
_631_/RESET_B                           0.750000    1.172122   -0.422122 (VIOLATED)
_632_/RESET_B                           0.750000    1.172122   -0.422122 (VIOLATED)
_633_/RESET_B                           0.750000    1.172122   -0.422122 (VIOLATED)
_634_/RESET_B                           0.750000    1.172122   -0.422122 (VIOLATED)
_635_/RESET_B                           0.750000    1.172122   -0.422122 (VIOLATED)
_732_/SET_B                             0.750000    1.172122   -0.422122 (VIOLATED)
_741_/SET_B                             0.750000    1.172122   -0.422122 (VIOLATED)
_742_/RESET_B                           0.750000    1.172122   -0.422122 (VIOLATED)
_743_/RESET_B                           0.750000    1.172122   -0.422122 (VIOLATED)
_744_/RESET_B                           0.750000    1.172122   -0.422122 (VIOLATED)
_745_/RESET_B                           0.750000    1.172122   -0.422122 (VIOLATED)
_746_/RESET_B                           0.750000    1.172122   -0.422122 (VIOLATED)
_747_/RESET_B                           0.750000    1.172122   -0.422122 (VIOLATED)
_748_/RESET_B                           0.750000    1.172122   -0.422122 (VIOLATED)
_749_/RESET_B                           0.750000    1.172122   -0.422122 (VIOLATED)
_750_/RESET_B                           0.750000    1.172122   -0.422122 (VIOLATED)
_751_/RESET_B                           0.750000    1.172122   -0.422122 (VIOLATED)
_752_/RESET_B                           0.750000    1.172122   -0.422122 (VIOLATED)
_753_/RESET_B                           0.750000    1.172122   -0.422122 (VIOLATED)
_754_/RESET_B                           0.750000    1.172122   -0.422122 (VIOLATED)
_755_/RESET_B                           0.750000    1.172122   -0.422122 (VIOLATED)
_756_/RESET_B                           0.750000    1.172122   -0.422122 (VIOLATED)
_757_/RESET_B                           0.750000    1.172122   -0.422122 (VIOLATED)
_766_/RESET_B                           0.750000    1.172122   -0.422122 (VIOLATED)
_767_/RESET_B                           0.750000    1.172122   -0.422122 (VIOLATED)
_768_/RESET_B                           0.750000    1.172122   -0.422122 (VIOLATED)
_769_/RESET_B                           0.750000    1.172122   -0.422122 (VIOLATED)
_770_/RESET_B                           0.750000    1.172122   -0.422122 (VIOLATED)
_771_/RESET_B                           0.750000    1.172122   -0.422122 (VIOLATED)
_772_/RESET_B                           0.750000    1.172122   -0.422122 (VIOLATED)
_773_/RESET_B                           0.750000    1.172122   -0.422122 (VIOLATED)
_774_/RESET_B                           0.750000    1.172122   -0.422122 (VIOLATED)
_775_/RESET_B                           0.750000    1.172122   -0.422122 (VIOLATED)
_776_/RESET_B                           0.750000    1.172122   -0.422122 (VIOLATED)
_777_/RESET_B                           0.750000    1.172122   -0.422122 (VIOLATED)
_778_/RESET_B                           0.750000    1.172122   -0.422122 (VIOLATED)
_779_/RESET_B                           0.750000    1.172122   -0.422122 (VIOLATED)
_780_/RESET_B                           0.750000    1.172122   -0.422122 (VIOLATED)
_781_/RESET_B                           0.750000    1.172122   -0.422122 (VIOLATED)
_782_/RESET_B                           0.750000    1.172122   -0.422122 (VIOLATED)
_783_/RESET_B                           0.750000    1.172122   -0.422122 (VIOLATED)
_784_/RESET_B                           0.750000    1.172122   -0.422122 (VIOLATED)
_785_/RESET_B                           0.750000    1.172122   -0.422122 (VIOLATED)
_786_/RESET_B                           0.750000    1.172122   -0.422122 (VIOLATED)
_787_/RESET_B                           0.750000    1.172122   -0.422122 (VIOLATED)
_788_/RESET_B                           0.750000    1.172122   -0.422122 (VIOLATED)
_789_/RESET_B                           0.750000    1.172122   -0.422122 (VIOLATED)
_342_/A                                 0.750000    0.918255   -0.168255 (VIOLATED)
_345_/A                                 0.750000    0.918255   -0.168255 (VIOLATED)
_398_/B1                                0.750000    0.918255   -0.168255 (VIOLATED)
_399_/B                                 0.750000    0.918255   -0.168255 (VIOLATED)
_411_/A                                 0.750000    0.918255   -0.168255 (VIOLATED)
_423_/S1                                0.750000    0.918255   -0.168255 (VIOLATED)
_424_/S1                                0.750000    0.918255   -0.168255 (VIOLATED)
_425_/S1                                0.750000    0.918255   -0.168255 (VIOLATED)
_426_/S1                                0.750000    0.918255   -0.168255 (VIOLATED)
_429_/S1                                0.750000    0.918255   -0.168255 (VIOLATED)
_430_/S1                                0.750000    0.918255   -0.168255 (VIOLATED)
_432_/S1                                0.750000    0.918255   -0.168255 (VIOLATED)
_433_/S1                                0.750000    0.918255   -0.168255 (VIOLATED)
_437_/S1                                0.750000    0.918255   -0.168255 (VIOLATED)
_438_/S1                                0.750000    0.918255   -0.168255 (VIOLATED)
_439_/S1                                0.750000    0.918255   -0.168255 (VIOLATED)
_440_/S1                                0.750000    0.918255   -0.168255 (VIOLATED)
_443_/S1                                0.750000    0.918255   -0.168255 (VIOLATED)
_444_/S1                                0.750000    0.918255   -0.168255 (VIOLATED)
_445_/S1                                0.750000    0.918255   -0.168255 (VIOLATED)
_446_/S1                                0.750000    0.918255   -0.168255 (VIOLATED)
_449_/S1                                0.750000    0.918255   -0.168255 (VIOLATED)
_450_/S1                                0.750000    0.918255   -0.168255 (VIOLATED)
_452_/S1                                0.750000    0.918255   -0.168255 (VIOLATED)
_453_/S1                                0.750000    0.918255   -0.168255 (VIOLATED)
_457_/S1                                0.750000    0.918255   -0.168255 (VIOLATED)
_458_/S1                                0.750000    0.918255   -0.168255 (VIOLATED)
_460_/S1                                0.750000    0.918255   -0.168255 (VIOLATED)
_461_/S1                                0.750000    0.918255   -0.168255 (VIOLATED)
_465_/S1                                0.750000    0.918255   -0.168255 (VIOLATED)
_466_/S1                                0.750000    0.918255   -0.168255 (VIOLATED)
_468_/S1                                0.750000    0.918255   -0.168255 (VIOLATED)
_469_/S1                                0.750000    0.918255   -0.168255 (VIOLATED)
_473_/S1                                0.750000    0.918255   -0.168255 (VIOLATED)
_474_/S1                                0.750000    0.918255   -0.168255 (VIOLATED)
_475_/S1                                0.750000    0.918255   -0.168255 (VIOLATED)
_476_/S1                                0.750000    0.918255   -0.168255 (VIOLATED)
_743_/Q                                 0.750000    0.918255   -0.168255 (VIOLATED)

max fanout

Pin                                   Limit Fanout  Slack
---------------------------------------------------------
arst_n                                   10     50    -40 (VIOLATED)
_742_/Q                                  10     40    -30 (VIOLATED)
_743_/Q                                  10     37    -27 (VIOLATED)
rd_clk                                   10     29    -19 (VIOLATED)
_744_/Q                                  10     19     -9 (VIOLATED)
wr_data[0]                               10     16     -6 (VIOLATED)
wr_data[1]                               10     16     -6 (VIOLATED)
wr_data[2]                               10     16     -6 (VIOLATED)
wr_data[3]                               10     16     -6 (VIOLATED)
wr_data[4]                               10     16     -6 (VIOLATED)
wr_data[5]                               10     16     -6 (VIOLATED)
wr_data[6]                               10     16     -6 (VIOLATED)
wr_data[7]                               10     16     -6 (VIOLATED)
_745_/Q                                  10     13     -3 (VIOLATED)
_394_/X                                  10     12     -2 (VIOLATED)
_756_/Q                                  10     12     -2 (VIOLATED)
_387_/Y                                  10     11        (VIOLATED)
_755_/Q                                  10     11        (VIOLATED)

max capacitance

Pin                                        Limit         Cap       Slack
------------------------------------------------------------------------
_742_/Q                                 0.200000    0.201239   -0.001239 (VIOLATED)



===========================================================================
report_parasitic_annotation -report_unannotated
============================================================================
Found 526 unannotated drivers.
 aempty_threshold[0]
 aempty_threshold[1]
 aempty_threshold[2]
 aempty_threshold[3]
 aempty_threshold[4]
 afull_threshold[0]
 afull_threshold[1]
 afull_threshold[2]
 afull_threshold[3]
 afull_threshold[4]
 arst_n
 rd_clk
 rd_en
 wr_clk
 wr_data[0]
 wr_data[1]
 wr_data[2]
 wr_data[3]
 wr_data[4]
 wr_data[5]
 wr_data[6]
 wr_data[7]
 wr_en
 _303_/Y
 _304_/Y
 _305_/Y
 _306_/Y
 _307_/X
 _308_/Y
 _309_/Y
 _310_/X
 _311_/X
 _312_/Y
 _313_/X
 _314_/X
 _315_/X
 _316_/Y
 _317_/X
 _318_/Y
 _319_/X
 _320_/Y
 _321_/Y
 _322_/X
 _323_/X
 _324_/Y
 _325_/Y
 _326_/Y
 _327_/X
 _328_/Y
 _329_/X
 _330_/Y
 _331_/X
 _332_/X
 _333_/X
 _334_/Y
 _335_/Y
 _336_/Y
 _337_/X
 _338_/X
 _339_/Y
 _340_/X
 _341_/Y
 _342_/Y
 _343_/X
 _344_/Y
 _345_/X
 _346_/Y
 _347_/X
 _348_/Y
 _349_/X
 _350_/Y
 _351_/X
 _352_/X
 _353_/Y
 _354_/X
 _355_/X
 _356_/X
 _357_/Y
 _358_/X
 _359_/Y
 _360_/X
 _361_/X
 _362_/X
 _363_/X
 _364_/X
 _365_/X
 _366_/X
 _367_/X
 _368_/X
 _369_/X
 _370_/Y
 _371_/X
 _372_/Y
 _373_/X
 _374_/Y
 _375_/Y
 _376_/Y
 _377_/X
 _378_/Y
 _379_/Y
 _380_/Y
 _381_/X
 _382_/X
 _383_/Y
 _384_/Y
 _385_/X
 _386_/Y
 _387_/Y
 _388_/Y
 _389_/Y
 _390_/Y
 _391_/Y
 _392_/X
 _393_/X
 _394_/X
 _395_/Y
 _396_/X
 _397_/Y
 _398_/Y
 _399_/X
 _400_/Y
 _401_/Y
 _402_/X
 _403_/Y
 _404_/X
 _405_/Y
 _406_/X
 _407_/X
 _408_/Y
 _409_/X
 _410_/Y
 _411_/Y
 _412_/X
 _413_/Y
 _414_/X
 _415_/Y
 _416_/X
 _417_/X
 _418_/X
 _419_/X
 _420_/Y
 _421_/Y
 _422_/X
 _423_/X
 _424_/X
 _425_/X
 _426_/X
 _427_/X
 _428_/X
 _429_/X
 _430_/X
 _431_/X
 _432_/X
 _433_/X
 _434_/X
 _435_/X
 _436_/X
 _437_/X
 _438_/X
 _439_/X
 _440_/X
 _441_/X
 _442_/X
 _443_/X
 _444_/X
 _445_/X
 _446_/X
 _447_/X
 _448_/X
 _449_/X
 _450_/X
 _451_/X
 _452_/X
 _453_/X
 _454_/X
 _455_/X
 _456_/X
 _457_/X
 _458_/X
 _459_/X
 _460_/X
 _461_/X
 _462_/X
 _463_/X
 _464_/X
 _465_/X
 _466_/X
 _467_/X
 _468_/X
 _469_/X
 _470_/X
 _471_/X
 _472_/X
 _473_/X
 _474_/X
 _475_/X
 _476_/X
 _477_/X
 _478_/X
 _479_/Y
 _480_/Y
 _481_/X
 _482_/X
 _483_/X
 _484_/X
 _485_/X
 _486_/X
 _487_/X
 _488_/X
 _489_/Y
 _490_/Y
 _491_/X
 _492_/X
 _493_/X
 _494_/X
 _495_/X
 _496_/X
 _497_/X
 _498_/X
 _499_/X
 _500_/Y
 _501_/X
 _502_/X
 _503_/X
 _504_/X
 _505_/X
 _506_/X
 _507_/X
 _508_/X
 _509_/Y
 _510_/Y
 _511_/X
 _512_/X
 _513_/X
 _514_/X
 _515_/X
 _516_/X
 _517_/X
 _518_/X
 _519_/X
 _520_/Y
 _521_/X
 _522_/X
 _523_/X
 _524_/X
 _525_/X
 _526_/X
 _527_/X
 _528_/X
 _529_/Y
 _530_/X
 _531_/X
 _532_/X
 _533_/X
 _534_/X
 _535_/X
 _536_/X
 _537_/X
 _538_/Y
 _539_/X
 _540_/X
 _541_/X
 _542_/X
 _543_/X
 _544_/X
 _545_/X
 _546_/X
 _547_/Y
 _548_/X
 _549_/X
 _550_/X
 _551_/X
 _552_/X
 _553_/X
 _554_/X
 _555_/X
 _556_/Y
 _557_/Y
 _558_/X
 _559_/X
 _560_/X
 _561_/X
 _562_/X
 _563_/X
 _564_/X
 _565_/X
 _566_/Y
 _567_/X
 _568_/X
 _569_/X
 _570_/X
 _571_/X
 _572_/X
 _573_/X
 _574_/X
 _575_/Y
 _576_/X
 _577_/X
 _578_/X
 _579_/X
 _580_/X
 _581_/X
 _582_/X
 _583_/X
 _584_/X
 _585_/X
 _586_/X
 _587_/X
 _588_/X
 _589_/X
 _590_/X
 _591_/X
 _592_/X
 _593_/Y
 _594_/X
 _595_/X
 _596_/X
 _597_/X
 _598_/X
 _599_/X
 _600_/X
 _601_/X
 _602_/Y
 _603_/X
 _604_/X
 _605_/X
 _606_/X
 _607_/X
 _608_/X
 _609_/X
 _610_/X
 _611_/X
 _612_/X
 _613_/X
 _614_/X
 _615_/X
 _616_/X
 _617_/X
 _618_/X
 _619_/Y
 _620_/X
 _621_/X
 _622_/X
 _623_/X
 _624_/X
 _625_/X
 _626_/X
 _627_/X
 _628_/Q
 _629_/Q
 _630_/Q
 _631_/Q
 _632_/Q
 _633_/Q
 _634_/Q
 _635_/Q
 _636_/Q
 _637_/Q
 _638_/Q
 _639_/Q
 _640_/Q
 _641_/Q
 _642_/Q
 _643_/Q
 _644_/Q
 _645_/Q
 _646_/Q
 _647_/Q
 _648_/Q
 _649_/Q
 _650_/Q
 _651_/Q
 _652_/Q
 _653_/Q
 _654_/Q
 _655_/Q
 _656_/Q
 _657_/Q
 _658_/Q
 _659_/Q
 _660_/Q
 _661_/Q
 _662_/Q
 _663_/Q
 _664_/Q
 _665_/Q
 _666_/Q
 _667_/Q
 _668_/Q
 _669_/Q
 _670_/Q
 _671_/Q
 _672_/Q
 _673_/Q
 _674_/Q
 _675_/Q
 _676_/Q
 _677_/Q
 _678_/Q
 _679_/Q
 _680_/Q
 _681_/Q
 _682_/Q
 _683_/Q
 _684_/Q
 _685_/Q
 _686_/Q
 _687_/Q
 _688_/Q
 _689_/Q
 _690_/Q
 _691_/Q
 _692_/Q
 _693_/Q
 _694_/Q
 _695_/Q
 _696_/Q
 _697_/Q
 _698_/Q
 _699_/Q
 _700_/Q
 _701_/Q
 _702_/Q
 _703_/Q
 _704_/Q
 _705_/Q
 _706_/Q
 _707_/Q
 _708_/Q
 _709_/Q
 _710_/Q
 _711_/Q
 _712_/Q
 _713_/Q
 _714_/Q
 _715_/Q
 _716_/Q
 _717_/Q
 _718_/Q
 _719_/Q
 _720_/Q
 _721_/Q
 _722_/Q
 _723_/Q
 _724_/Q
 _725_/Q
 _726_/Q
 _727_/Q
 _728_/Q
 _729_/Q
 _730_/Q
 _731_/Q
 _732_/Q
 _733_/Q
 _734_/Q
 _735_/Q
 _736_/Q
 _737_/Q
 _738_/Q
 _739_/Q
 _740_/Q
 _741_/Q
 _742_/Q
 _743_/Q
 _744_/Q
 _745_/Q
 _746_/Q
 _747_/Q
 _748_/Q
 _749_/Q
 _750_/Q
 _751_/Q
 _752_/Q
 _753_/Q
 _754_/Q
 _755_/Q
 _756_/Q
 _757_/Q
 _758_/Q
 _759_/Q
 _760_/Q
 _761_/Q
 _762_/Q
 _763_/Q
 _764_/Q
 _765_/Q
 _766_/Q
 _767_/Q
 _768_/Q
 _769_/Q
 _770_/Q
 _771_/Q
 _772_/Q
 _773_/Q
 _774_/Q
 _775_/Q
 _776_/Q
 _777_/Q
 _778_/Q
 _779_/Q
 _780_/Q
 _781_/Q
 _782_/Q
 _783_/Q
 _784_/Q
 _785_/Q
 _786_/Q
 _787_/Q
 _788_/Q
 _789_/Q
 _790_/Q
 _791_/Q
 _792_/Q
 _793_/Q
 _794_/Q
 _795_/Q
 _796_/Q
 _797_/Q
 _798_/Q
 _799_/Q
 _800_/Q
 _801_/Q
 _802_/Q
 _803_/Q
 _804_/Q
 _805_/Q
Found 0 partially unannotated drivers.

===========================================================================
max slew violation count 130
max fanout violation count 18
max cap violation count 1
============================================================================

===========================================================================
check_setup -verbose -unconstrained_endpoints -multiple_clock -no_clock -no_input_delay -loops -generated_clocks
===========================================================================
Warning: There are 29 unclocked register/latch pins.
  _628_/CLK
  _629_/CLK
  _630_/CLK
  _631_/CLK
  _632_/CLK
  _633_/CLK
  _634_/CLK
  _635_/CLK
  _732_/CLK
  _741_/CLK
  _742_/CLK
  _743_/CLK
  _744_/CLK
  _745_/CLK
  _746_/CLK
  _747_/CLK
  _748_/CLK
  _749_/CLK
  _750_/CLK
  _770_/CLK
  _771_/CLK
  _772_/CLK
  _773_/CLK
  _774_/CLK
  _775_/CLK
  _776_/CLK
  _777_/CLK
  _778_/CLK
  _779_/CLK
Warning: There are 44 unconstrained endpoints.
  aempty
  empty
  rd_data[0]
  rd_data[1]
  rd_data[2]
  rd_data[3]
  rd_data[4]
  rd_data[5]
  rd_data[6]
  rd_data[7]
  _628_/D
  _629_/D
  _630_/D
  _631_/D
  _632_/D
  _633_/D
  _634_/D
  _635_/D
  _732_/D
  _741_/D
  _742_/D
  _743_/D
  _744_/D
  _745_/D
  _746_/D
  _747_/D
  _748_/D
  _749_/D
  _750_/D
  _770_/D
  _771_/D
  _772_/D
  _773_/D
  _774_/D
  _775_/D
  _776_/D
  _777_/D
  _778_/D
  _779_/D
  _780_/D
  _781_/D
  _782_/D
  _783_/D
  _784_/D
