                                                                     Buffers by Cell Master                                                                     
┏━━━━━━━━━━━━━━━━━━━━━━━━━━━━━━━━━━━━━━━━━━━━━━━━━━━━━━━━━━━━━━━━━━━━━━━━━━━━━━━━━━━━━━━━━━━━━━━━━━━━━━━━━━━━━━━━━━━━━━━━━━━━━━━━━┳━━━━━━━━━━━━━━━━━━━━━━━━━━━━┓
┃ Buffer                                                                                                                          ┃ Count                      ┃
┡━━━━━━━━━━━━━━━━━━━━━━━━━━━━━━━━━━━━━━━━━━━━━━━━━━━━━━━━━━━━━━━━━━━━━━━━━━━━━━━━━━━━━━━━━━━━━━━━━━━━━━━━━━━━━━━━━━━━━━━━━━━━━━━━━╇━━━━━━━━━━━━━━━━━━━━━━━━━━━━┩
│ sky130_fd_sc_hd__buf_1                                                                                                          │ 16                         │
│ sky130_fd_sc_hd__buf_2                                                                                                          │ 20                         │
│ sky130_fd_sc_hd__buf_4                                                                                                          │ 5                          │
│ sky130_fd_sc_hd__clkbuf_1                                                                                                       │ 14                         │
│ sky130_fd_sc_hd__clkbuf_16                                                                                                      │ 1                          │
│ sky130_fd_sc_hd__clkbuf_2                                                                                                       │ 11                         │
│ sky130_fd_sc_hd__clkbuf_4                                                                                                       │ 12                         │
│ sky130_fd_sc_hd__clkbuf_8                                                                                                       │ 19                         │
│ sky130_fd_sc_hd__dlygate4sd3_1                                                                                                  │ 133                        │
└─────────────────────────────────────────────────────────────────────────────────────────────────────────────────────────────────┴────────────────────────────┘
