                                                                        Cells by Master                                                                         
┏━━━━━━━━━━━━━━━━━━━━━━━━━━━━━━━━━━━━━━━━━━━━━━━━━━━━━━━━━━━━━━━━━━━━━━━━━━━━━━━━━━━━━━━━━━━━━━━━━━━━━━━━━━━━━━━━━━━━━━━━━━━━━━━━━┳━━━━━━━━━━━━━━━━━━━━━━━━━━━━┓
┃ Cell                                                                                                                            ┃ Count                      ┃
┡━━━━━━━━━━━━━━━━━━━━━━━━━━━━━━━━━━━━━━━━━━━━━━━━━━━━━━━━━━━━━━━━━━━━━━━━━━━━━━━━━━━━━━━━━━━━━━━━━━━━━━━━━━━━━━━━━━━━━━━━━━━━━━━━━╇━━━━━━━━━━━━━━━━━━━━━━━━━━━━┩
│ sky130_ef_sc_hd__decap_12                                                                                                       │ 370                        │
│ sky130_fd_sc_hd__a211o_1                                                                                                        │ 2                          │
│ sky130_fd_sc_hd__a21bo_1                                                                                                        │ 1                          │
│ sky130_fd_sc_hd__a21o_1                                                                                                         │ 9                          │
│ sky130_fd_sc_hd__a21oi_1                                                                                                        │ 5                          │
│ sky130_fd_sc_hd__a2bb2o_1                                                                                                       │ 1                          │
│ sky130_fd_sc_hd__a32o_1                                                                                                         │ 4                          │
│ sky130_fd_sc_hd__and2_1                                                                                                         │ 9                          │
│ sky130_fd_sc_hd__and2b_1                                                                                                        │ 3                          │
│ sky130_fd_sc_hd__and2b_2                                                                                                        │ 1                          │
│ sky130_fd_sc_hd__and3_1                                                                                                         │ 4                          │
│ sky130_fd_sc_hd__and3_2                                                                                                         │ 1                          │
│ sky130_fd_sc_hd__and3b_1                                                                                                        │ 1                          │
│ sky130_fd_sc_hd__buf_1                                                                                                          │ 16                         │
│ sky130_fd_sc_hd__buf_2                                                                                                          │ 20                         │
│ sky130_fd_sc_hd__buf_4                                                                                                          │ 5                          │
│ sky130_fd_sc_hd__bufinv_16                                                                                                      │ 1                          │
│ sky130_fd_sc_hd__clkbuf_1                                                                                                       │ 14                         │
│ sky130_fd_sc_hd__clkbuf_16                                                                                                      │ 1                          │
│ sky130_fd_sc_hd__clkbuf_2                                                                                                       │ 11                         │
│ sky130_fd_sc_hd__clkbuf_4                                                                                                       │ 12                         │
│ sky130_fd_sc_hd__clkbuf_8                                                                                                       │ 19                         │
│ sky130_fd_sc_hd__clkinv_4                                                                                                       │ 2                          │
│ sky130_fd_sc_hd__clkinvlp_4                                                                                                     │ 1                          │
│ sky130_fd_sc_hd__decap_3                                                                                                        │ 190                        │
│ sky130_fd_sc_hd__decap_4                                                                                                        │ 111                        │
│ sky130_fd_sc_hd__decap_6                                                                                                        │ 110                        │
│ sky130_fd_sc_hd__decap_8                                                                                                        │ 120                        │
│ sky130_fd_sc_hd__dfrtp_1                                                                                                        │ 43                         │
│ sky130_fd_sc_hd__dfrtp_2                                                                                                        │ 3                          │
│ sky130_fd_sc_hd__dfrtp_4                                                                                                        │ 2                          │
│ sky130_fd_sc_hd__dfstp_1                                                                                                        │ 2                          │
│ sky130_fd_sc_hd__dfxtp_1                                                                                                        │ 128                        │
│ sky130_fd_sc_hd__dlygate4sd3_1                                                                                                  │ 133                        │
│ sky130_fd_sc_hd__fill_1                                                                                                         │ 257                        │
│ sky130_fd_sc_hd__fill_2                                                                                                         │ 110                        │
│ sky130_fd_sc_hd__inv_2                                                                                                          │ 9                          │
│ sky130_fd_sc_hd__inv_6                                                                                                          │ 5                          │
│ sky130_fd_sc_hd__inv_8                                                                                                          │ 1                          │
│ sky130_fd_sc_hd__mux2_1                                                                                                         │ 139                        │
│ sky130_fd_sc_hd__mux4_1                                                                                                         │ 39                         │
│ sky130_fd_sc_hd__nand2_1                                                                                                        │ 7                          │
│ sky130_fd_sc_hd__nand2_2                                                                                                        │ 1                          │
│ sky130_fd_sc_hd__nand2_4                                                                                                        │ 1                          │
│ sky130_fd_sc_hd__nand2b_2                                                                                                       │ 2                          │
│ sky130_fd_sc_hd__nand2b_4                                                                                                       │ 1                          │
│ sky130_fd_sc_hd__nand3_1                                                                                                        │ 4                          │
│ sky130_fd_sc_hd__nand3b_4                                                                                                       │ 1                          │
│ sky130_fd_sc_hd__nor2_1                                                                                                         │ 18                         │
│ sky130_fd_sc_hd__nor2_4                                                                                                         │ 12                         │
│ sky130_fd_sc_hd__nor3b_1                                                                                                        │ 1                          │
│ sky130_fd_sc_hd__o211ai_1                                                                                                       │ 1                          │
│ sky130_fd_sc_hd__o21a_1                                                                                                         │ 2                          │
│ sky130_fd_sc_hd__o21ai_1                                                                                                        │ 1                          │
│ sky130_fd_sc_hd__o21ai_2                                                                                                        │ 1                          │
│ sky130_fd_sc_hd__o21ba_1                                                                                                        │ 1                          │
│ sky130_fd_sc_hd__o221a_1                                                                                                        │ 1                          │
│ sky130_fd_sc_hd__o31a_1                                                                                                         │ 1                          │
│ sky130_fd_sc_hd__or2_1                                                                                                          │ 4                          │
│ sky130_fd_sc_hd__or2_2                                                                                                          │ 1                          │
│ sky130_fd_sc_hd__or3_1                                                                                                          │ 3                          │
│ sky130_fd_sc_hd__or3b_4                                                                                                         │ 3                          │
│ sky130_fd_sc_hd__or4b_1                                                                                                         │ 1                          │
│ sky130_fd_sc_hd__tapvpwrvgnd_1                                                                                                  │ 265                        │
│ sky130_fd_sc_hd__xnor2_1                                                                                                        │ 17                         │
│ sky130_fd_sc_hd__xnor2_2                                                                                                        │ 4                          │
│ sky130_fd_sc_hd__xor2_1                                                                                                         │ 7                          │
│ sky130_fd_sc_hd__xor2_2                                                                                                         │ 3                          │
└─────────────────────────────────────────────────────────────────────────────────────────────────────────────────────────────────┴────────────────────────────┘
