
===========================================================================
 report_power
============================================================================
======================= nom_tt_025C_1v80 Corner ===================================

Group                    Internal    Switching      Leakage        Total
                            Power        Power        Power        Power (Watts)
------------------------------------------------------------------------
Sequential           1.013230e-03 2.906989e-04 1.618676e-09 1.303930e-03  53.4%
Combinational        7.903224e-04 3.468455e-04 1.629834e-09 1.137170e-03  46.6%
Clock                0.000000e+00 0.000000e+00 0.000000e+00 0.000000e+00   0.0%
Macro                0.000000e+00 0.000000e+00 0.000000e+00 0.000000e+00   0.0%
Pad                  0.000000e+00 0.000000e+00 0.000000e+00 0.000000e+00   0.0%
------------------------------------------------------------------------
Total                1.803552e-03 6.375443e-04 3.248506e-09 2.441100e-03 100.0%
                            73.9%        26.1%         0.0%

