
===========================================================================
 report_power
============================================================================
======================= nom_ff_n40C_1v95 Corner ===================================

Group                    Internal    Switching      Leakage        Total
                            Power        Power        Power        Power (Watts)
------------------------------------------------------------------------
Sequential           1.173194e-03 3.505971e-04 3.202876e-09 1.523794e-03  53.8%
Combinational        8.885280e-04 4.183922e-04 3.181643e-09 1.306923e-03  46.2%
Clock                0.000000e+00 0.000000e+00 0.000000e+00 0.000000e+00   0.0%
Macro                0.000000e+00 0.000000e+00 0.000000e+00 0.000000e+00   0.0%
Pad                  0.000000e+00 0.000000e+00 0.000000e+00 0.000000e+00   0.0%
------------------------------------------------------------------------
Total                2.061722e-03 7.689884e-04 6.384512e-09 2.830717e-03 100.0%
                            72.8%        27.2%         0.0%

