138. Printing statistics.

=== async_fifo ===

   Number of wires:                694
   Number of wire bits:            716
   Number of public wires:         201
   Number of public wire bits:     223
   Number of ports:                 13
   Number of port bits:             35
   Number of memories:               0
   Number of memory bits:            0
   Number of processes:              0
   Number of cells:                693
     sky130_fd_sc_hd__a211o_2        2
     sky130_fd_sc_hd__a211oi_4       1
     sky130_fd_sc_hd__a21bo_2        3
     sky130_fd_sc_hd__a21boi_2       1
     sky130_fd_sc_hd__a21boi_4       1
     sky130_fd_sc_hd__a21o_2        10
     sky130_fd_sc_hd__a21oi_2        3
     sky130_fd_sc_hd__a21oi_4        2
     sky130_fd_sc_hd__a221o_2        1
     sky130_fd_sc_hd__a22o_2         1
     sky130_fd_sc_hd__a22oi_2        1
     sky130_fd_sc_hd__a2bb2o_2       1
     sky130_fd_sc_hd__a31o_2         3
     sky130_fd_sc_hd__a32oi_2        1
     sky130_fd_sc_hd__a41o_2         1
     sky130_fd_sc_hd__and2_2         3
     sky130_fd_sc_hd__and2b_2        2
     sky130_fd_sc_hd__and3_2         5
     sky130_fd_sc_hd__and3_4         2
     sky130_fd_sc_hd__and4b_2        1
     sky130_fd_sc_hd__buf_1        141
     sky130_fd_sc_hd__buf_2          2
     sky130_fd_sc_hd__bufinv_8       2
     sky130_fd_sc_hd__dfrtp_2       48
     sky130_fd_sc_hd__dfstp_2        2
     sky130_fd_sc_hd__dfxtp_2      128
     sky130_fd_sc_hd__inv_2          8
     sky130_fd_sc_hd__mux2_1        23
     sky130_fd_sc_hd__mux2_2       125
     sky130_fd_sc_hd__mux4_2        41
     sky130_fd_sc_hd__nand2_2       14
     sky130_fd_sc_hd__nand2b_2       1
     sky130_fd_sc_hd__nand3_2        1
     sky130_fd_sc_hd__nor2_2        23
     sky130_fd_sc_hd__nor2b_2        4
     sky130_fd_sc_hd__o2111ai_2      1
     sky130_fd_sc_hd__o211a_2        3
     sky130_fd_sc_hd__o211a_4        1
     sky130_fd_sc_hd__o211ai_2       1
     sky130_fd_sc_hd__o21a_2         4
     sky130_fd_sc_hd__o21a_4         1
     sky130_fd_sc_hd__o21ai_2        3
     sky130_fd_sc_hd__o21ba_2        1
     sky130_fd_sc_hd__o221a_2        2
     sky130_fd_sc_hd__o22a_2         3
     sky130_fd_sc_hd__o31a_2         1
     sky130_fd_sc_hd__o32a_2         1
     sky130_fd_sc_hd__o41a_2         1
     sky130_fd_sc_hd__or2_2          4
     sky130_fd_sc_hd__or2b_2         4
     sky130_fd_sc_hd__or3_2         13
     sky130_fd_sc_hd__or3_4          2
     sky130_fd_sc_hd__or4_2          1
     sky130_fd_sc_hd__or4_4          1
     sky130_fd_sc_hd__xnor2_2       25
     sky130_fd_sc_hd__xnor2_4        3
     sky130_fd_sc_hd__xor2_2         9

   Chip area for module '\async_fifo': 9056.185600
     of which used for sequential elements: 4036.371200 (44.57%)

