Reading OpenROAD database at '/home/angesh/async_fifo/runs/fifo_pd/70-openroad-ioplacement/async_fifo.odb'…
Reading library file at '/home/angesh/.volare/volare/sky130/versions/0fe599b2afb6708d281543108caf8310912f54af/sky130A/libs.ref/sky130_fd_sc_hd/lib/sky130_fd_sc_hd__tt_025C_1v80.lib'…
Reading design constraints file at '/nix/store/h0ldzjka94yryiq8yxbxmwargpnmwhx6-python3-3.11.9-env/lib/python3.11/site-packages/openlane/scripts/base.sdc'…
[INFO] Using clock wr_clk…
[INFO] Setting output delay to: 2.0
[INFO] Setting input delay to: 2.0
[INFO] Setting load to: 0.033442
[INFO] Setting clock uncertainty to: 0.25
[INFO] Setting clock transition to: 0.1499999999999999944488848768742172978818416595458984375
[INFO] Setting timing derate to: 5%
[INFO] Setting RC values…
[INFO] Setting signal min routing layer to: met1 and clock min routing layer to met1. 
[INFO] Setting signal max routing layer to: met5 and clock max routing layer to met5. 
+ global_placement -density 0.5 -timing_driven -routability_driven -pad_right 0 -pad_left 0 -init_wirelength_coef 0.25
[INFO GPL-0002] DBU: 1000
[INFO GPL-0003] SiteSize: (  0.460  2.720 ) um
[INFO GPL-0004] CoreBBox: (  5.520 10.880 ) ( 145.820 149.600 ) um
[INFO GPL-0006] NumInstances:               872
[INFO GPL-0007] NumPlaceInstances:          505
[INFO GPL-0008] NumFixedInstances:          367
[INFO GPL-0009] NumDummyInstances:            0
[INFO GPL-0010] NumNets:                    528
[INFO GPL-0011] NumPins:                   1951
[INFO GPL-0012] DieBBox:  (  0.000  0.000 ) ( 151.395 162.115 ) um
[INFO GPL-0013] CoreBBox: (  5.520 10.880 ) ( 145.820 149.600 ) um
[INFO GPL-0016] CoreArea:             19462.416 um^2
[INFO GPL-0017] NonPlaceInstsArea:      714.435 um^2
[INFO GPL-0018] PlaceInstsArea:        7880.058 um^2
[INFO GPL-0019] Util:                    42.031 %
[INFO GPL-0020] StdInstsArea:          7880.058 um^2
[INFO GPL-0021] MacroInstsArea:           0.000 um^2
[InitialPlace]  Iter: 1 CG residual: 0.00000003 HPWL: 13810306
[InitialPlace]  Iter: 2 CG residual: 0.00000011 HPWL: 9208571
[InitialPlace]  Iter: 3 CG residual: 0.00000003 HPWL: 9249516
[InitialPlace]  Iter: 4 CG residual: 0.00000008 HPWL: 9233330
[InitialPlace]  Iter: 5 CG residual: 0.00000012 HPWL: 9240976
[INFO GPL-0031] FillerInit:NumGCells:       601
[INFO GPL-0032] FillerInit:NumGNets:        528
[INFO GPL-0033] FillerInit:NumGPins:       1951
[INFO GPL-0023] TargetDensity:            0.500
[INFO GPL-0024] AvrgPlaceInstArea:       15.604 um^2
[INFO GPL-0025] IdealBinArea:            31.208 um^2
[INFO GPL-0026] IdealBinCnt:                623
[INFO GPL-0027] TotalBinArea:         19462.416 um^2
[INFO GPL-0028] BinCnt:        16     16
[INFO GPL-0029] BinSize: (  8.769  8.670 )
[INFO GPL-0030] NumBins: 256
[NesterovSolve] Iter:    1 overflow: 0.915 HPWL: 4650460
[NesterovSolve] Iter:   10 overflow: 0.821 HPWL: 5610790
[NesterovSolve] Iter:   20 overflow: 0.796 HPWL: 5746420
[NesterovSolve] Iter:   30 overflow: 0.791 HPWL: 5747996
[NesterovSolve] Iter:   40 overflow: 0.793 HPWL: 5739098
[NesterovSolve] Iter:   50 overflow: 0.794 HPWL: 5760497
[NesterovSolve] Iter:   60 overflow: 0.796 HPWL: 5771865
[NesterovSolve] Iter:   70 overflow: 0.795 HPWL: 5774580
[NesterovSolve] Iter:   80 overflow: 0.795 HPWL: 5776354
[NesterovSolve] Iter:   90 overflow: 0.795 HPWL: 5771792
[NesterovSolve] Iter:  100 overflow: 0.795 HPWL: 5766010
[NesterovSolve] Iter:  110 overflow: 0.794 HPWL: 5765469
[NesterovSolve] Iter:  120 overflow: 0.793 HPWL: 5769684
[NesterovSolve] Iter:  130 overflow: 0.793 HPWL: 5779966
[NesterovSolve] Iter:  140 overflow: 0.792 HPWL: 5799561
[NesterovSolve] Iter:  150 overflow: 0.787 HPWL: 5831552
[INFO GPL-0100] Timing-driven: executing resizer for reweighting nets.
[INFO GPL-0101] Timing-driven: worst slack 6.07e-09
[INFO GPL-0103] Timing-driven: weighted 52 nets.
[NesterovSolve] Iter:  160 overflow: 0.774 HPWL: 5902346
[NesterovSolve] Iter:  170 overflow: 0.763 HPWL: 5963680
[NesterovSolve] Iter:  180 overflow: 0.757 HPWL: 6034732
[NesterovSolve] Iter:  190 overflow: 0.736 HPWL: 6143606
[NesterovSolve] Iter:  200 overflow: 0.720 HPWL: 6283869
[NesterovSolve] Iter:  210 overflow: 0.687 HPWL: 6445001
[NesterovSolve] Iter:  220 overflow: 0.668 HPWL: 6646917
[NesterovSolve] Iter:  230 overflow: 0.636 HPWL: 6926649
[INFO GPL-0100] Timing-driven: executing resizer for reweighting nets.
[INFO GPL-0101] Timing-driven: worst slack 6e-09
[INFO GPL-0103] Timing-driven: weighted 52 nets.
[NesterovSolve] Iter:  240 overflow: 0.601 HPWL: 7187856
[NesterovSolve] Snapshot saved at iter = 240
[NesterovSolve] Iter:  250 overflow: 0.558 HPWL: 7480402
[NesterovSolve] Iter:  260 overflow: 0.508 HPWL: 7736393
[INFO GPL-0100] Timing-driven: executing resizer for reweighting nets.
[INFO GPL-0101] Timing-driven: worst slack 5.96e-09
[INFO GPL-0103] Timing-driven: weighted 51 nets.
[NesterovSolve] Iter:  270 overflow: 0.457 HPWL: 7891448
[NesterovSolve] Iter:  280 overflow: 0.406 HPWL: 7901756
[NesterovSolve] Iter:  290 overflow: 0.358 HPWL: 7924361
[NesterovSolve] Iter:  300 overflow: 0.314 HPWL: 8060135
[INFO GPL-0075] Routability numCall: 1 inflationIterCnt: 1 bloatIterCnt: 0
[INFO GPL-0036] TileBBox: (    0    0 ) ( 6900 6900 ) DBU
[INFO GPL-0038] TileCnt:      21   23
[INFO GPL-0040] NumTiles: 483
[INFO GPL-0081] TotalRouteOverflow: 0
[INFO GPL-0082] OverflowTileCnt: 0
[INFO GPL-0083] 0.5%RC: 0.7064791917800903
[INFO GPL-0084] 1.0%RC: 0.6961359262466431
[INFO GPL-0085] 2.0%RC: 0.6842661917209625
[INFO GPL-0086] 5.0%RC: 0.6588587927818298
[INFO GPL-0087] FinalRC: 0.70130754
[INFO GPL-0077] FinalRC lower than targetRC(1.01), routability not needed.
[INFO GPL-0100] Timing-driven: executing resizer for reweighting nets.
[INFO GPL-0101] Timing-driven: worst slack 5.92e-09
[INFO GPL-0103] Timing-driven: weighted 52 nets.
[NesterovSolve] Iter:  310 overflow: 0.276 HPWL: 8183821
[NesterovSolve] Iter:  320 overflow: 0.248 HPWL: 8274520
[NesterovSolve] Iter:  330 overflow: 0.211 HPWL: 8319746
[INFO GPL-0100] Timing-driven: executing resizer for reweighting nets.
[INFO GPL-0101] Timing-driven: worst slack 5.89e-09
[INFO GPL-0103] Timing-driven: weighted 52 nets.
[NesterovSolve] Iter:  340 overflow: 0.185 HPWL: 8392653
[NesterovSolve] Iter:  350 overflow: 0.168 HPWL: 8466973
[NesterovSolve] Iter:  360 overflow: 0.148 HPWL: 8570850
[INFO GPL-0100] Timing-driven: executing resizer for reweighting nets.
[INFO GPL-0101] Timing-driven: worst slack 5.87e-09
[INFO GPL-0103] Timing-driven: weighted 51 nets.
[NesterovSolve] Iter:  370 overflow: 0.126 HPWL: 8589297
[NesterovSolve] Iter:  380 overflow: 0.103 HPWL: 8637667
[NesterovSolve] Finished with Overflow: 0.098584
[INFO] Setting RC values…
Setting global connections for newly added cells…
[INFO] Setting global connections...
Updating metrics…
Cell type report:                       Count       Area
  Fill cell                               102     382.87
  Tap cell                                265     331.57
  Inverter                                  9      33.78
  Sequential cell                         178    4036.37
  Multi-Input combinational cell          318    3809.90
  Total                                   872    8594.49
Writing OpenROAD database to '/home/angesh/async_fifo/runs/fifo_pd/73-openroad-globalplacement/async_fifo.odb'…
Writing netlist to '/home/angesh/async_fifo/runs/fifo_pd/73-openroad-globalplacement/async_fifo.nl.v'…
Writing powered netlist to '/home/angesh/async_fifo/runs/fifo_pd/73-openroad-globalplacement/async_fifo.pnl.v'…
Writing layout to '/home/angesh/async_fifo/runs/fifo_pd/73-openroad-globalplacement/async_fifo.def'…
Writing timing constraints to '/home/angesh/async_fifo/runs/fifo_pd/73-openroad-globalplacement/async_fifo.sdc'…
