
===========================================================================
report_checks -unconstrained
===========================================================================
======================= max_ss_100C_1v60 Corner ===================================

Startpoint: arst_n (input port clocked by wr_clk)
Endpoint: _761_ (recovery check against rising-edge clock wr_clk)
Path Group: asynchronous
Path Type: max

Fanout         Cap        Slew       Delay        Time   Description
---------------------------------------------------------------------------------------------
                                  0.000000    0.000000   clock wr_clk (rise edge)
                                  0.000000    0.000000   clock network delay (propagated)
                                  2.000000    2.000000 ^ input external delay
     1    0.002786    0.032157    0.015766    2.015766 ^ arst_n (in)
                                                         arst_n (net)
                      0.032157    0.000000    2.015766 ^ input11/A (sky130_fd_sc_hd__clkbuf_1)
     1    0.002307    0.064135    0.126609    2.142375 ^ input11/X (sky130_fd_sc_hd__clkbuf_1)
                                                         net11 (net)
                      0.064135    0.000154    2.142529 ^ fanout76/A (sky130_fd_sc_hd__buf_2)
     5    0.040501    0.318826    0.371885    2.514415 ^ fanout76/X (sky130_fd_sc_hd__buf_2)
                                                         net76 (net)
                      0.318841    0.001877    2.516292 ^ fanout75/A (sky130_fd_sc_hd__buf_2)
     6    0.046662    0.364079    0.514178    3.030470 ^ fanout75/X (sky130_fd_sc_hd__buf_2)
                                                         net75 (net)
                      0.364082    0.001892    3.032362 ^ fanout74/A (sky130_fd_sc_hd__buf_2)
     7    0.038398    0.304125    0.490092    3.522454 ^ fanout74/X (sky130_fd_sc_hd__buf_2)
                                                         net74 (net)
                      0.304128    0.001585    3.524039 ^ fanout73/A (sky130_fd_sc_hd__clkbuf_4)
    10    0.046350    0.232417    0.472103    3.996142 ^ fanout73/X (sky130_fd_sc_hd__clkbuf_4)
                                                         net73 (net)
                      0.232417    0.001204    3.997347 ^ fanout72/A (sky130_fd_sc_hd__clkbuf_4)
    10    0.043478    0.219926    0.432466    4.429812 ^ fanout72/X (sky130_fd_sc_hd__clkbuf_4)
                                                         net72 (net)
                      0.219945    0.002194    4.432006 ^ _761_/RESET_B (sky130_fd_sc_hd__dfrtp_4)
                                              4.432006   data arrival time

                                 10.000000   10.000000   clock wr_clk (rise edge)
                                  0.000000   10.000000   clock source latency
     1    0.026327    0.194436    0.134673   10.134673 ^ wr_clk (in)
                                                         wr_clk (net)
                      0.194511    0.000000   10.134673 ^ clkbuf_0_wr_clk/A (sky130_fd_sc_hd__clkbuf_16)
    16    0.110717    0.191976    0.380805   10.515478 ^ clkbuf_0_wr_clk/X (sky130_fd_sc_hd__clkbuf_16)
                                                         clknet_0_wr_clk (net)
                      0.192301    0.005326   10.520803 ^ clkbuf_4_14_0_wr_clk/A (sky130_fd_sc_hd__clkbuf_8)
     6    0.035863    0.120042    0.324764   10.845568 ^ clkbuf_4_14_0_wr_clk/X (sky130_fd_sc_hd__clkbuf_8)
                                                         clknet_4_14_0_wr_clk (net)
                      0.120140    0.003083   10.848650 ^ _761_/CLK (sky130_fd_sc_hd__dfrtp_4)
                                 -0.250000   10.598650   clock uncertainty
                                  0.000000   10.598650   clock reconvergence pessimism
                                  0.390563   10.989213   library recovery time
                                             10.989213   data required time
---------------------------------------------------------------------------------------------
                                             10.989213   data required time
                                             -4.432006   data arrival time
---------------------------------------------------------------------------------------------
                                              6.557207   slack (MET)


Startpoint: wr_en (input port clocked by wr_clk)
Endpoint: _755_ (rising edge-triggered flip-flop clocked by wr_clk)
Path Group: wr_clk
Path Type: max

Fanout         Cap        Slew       Delay        Time   Description
---------------------------------------------------------------------------------------------
                                  0.000000    0.000000   clock wr_clk (rise edge)
                                  0.000000    0.000000   clock network delay (propagated)
                                  2.000000    2.000000 v input external delay
     1    0.003329    0.020498    0.010945    2.010945 v wr_en (in)
                                                         wr_en (net)
                      0.020498    0.000000    2.010945 v input22/A (sky130_fd_sc_hd__clkbuf_1)
     1    0.002000    0.042540    0.130115    2.141060 v input22/X (sky130_fd_sc_hd__clkbuf_1)
                                                         net22 (net)
                      0.042540    0.000132    2.141192 v _379_/B (sky130_fd_sc_hd__and2b_1)
     5    0.012871    0.146758    0.387503    2.528695 v _379_/X (sky130_fd_sc_hd__and2b_1)
                                                         _208_ (net)
                      0.146762    0.000915    2.529611 v _383_/C (sky130_fd_sc_hd__and3_2)
     5    0.020624    0.146539    0.569226    3.098837 v _383_/X (sky130_fd_sc_hd__and3_2)
                                                         _211_ (net)
                      0.146562    0.001800    3.100637 v _387_/B (sky130_fd_sc_hd__and2_1)
     4    0.020566    0.209079    0.484770    3.585407 v _387_/X (sky130_fd_sc_hd__and2_1)
                                                         _214_ (net)
                      0.209081    0.001051    3.586458 v _400_/B (sky130_fd_sc_hd__nand2_1)
     2    0.021963    0.330808    0.355331    3.941789 ^ _400_/Y (sky130_fd_sc_hd__nand2_1)
                                                         _222_ (net)
                      0.330811    0.000735    3.942524 ^ fanout35/A (sky130_fd_sc_hd__buf_4)
    10    0.082019    0.362624    0.535409    4.477933 ^ fanout35/X (sky130_fd_sc_hd__buf_4)
                                                         net35 (net)
                      0.362691    0.004870    4.482803 ^ _401_/B (sky130_fd_sc_hd__xnor2_1)
     1    0.002980    0.193876    0.300906    4.783709 ^ _401_/Y (sky130_fd_sc_hd__xnor2_1)
                                                         _223_ (net)
                      0.193876    0.000207    4.783916 ^ _402_/B (sky130_fd_sc_hd__nand2_1)
     1    0.002762    0.081820    0.149960    4.933875 v _402_/Y (sky130_fd_sc_hd__nand2_1)
                                                         _224_ (net)
                      0.081820    0.000186    4.934061 v _403_/C (sky130_fd_sc_hd__or4b_1)
     1    0.003163    0.181178    1.105788    6.039848 v _403_/X (sky130_fd_sc_hd__or4b_1)
                                                         _225_ (net)
                      0.181178    0.000210    6.040059 v _404_/B (sky130_fd_sc_hd__nor2_1)
     1    0.005183    0.194813    0.234779    6.274837 ^ _404_/Y (sky130_fd_sc_hd__nor2_1)
                                                         full_next (net)
                      0.194813    0.000404    6.275242 ^ _755_/D (sky130_fd_sc_hd__dfrtp_1)
                                              6.275242   data arrival time

                                 10.000000   10.000000   clock wr_clk (rise edge)
                                  0.000000   10.000000   clock source latency
     1    0.026327    0.194436    0.134673   10.134673 ^ wr_clk (in)
                                                         wr_clk (net)
                      0.194511    0.000000   10.134673 ^ clkbuf_0_wr_clk/A (sky130_fd_sc_hd__clkbuf_16)
    16    0.110717    0.191976    0.380805   10.515478 ^ clkbuf_0_wr_clk/X (sky130_fd_sc_hd__clkbuf_16)
                                                         clknet_0_wr_clk (net)
                      0.192283    0.005107   10.520585 ^ clkbuf_4_13_0_wr_clk/A (sky130_fd_sc_hd__clkbuf_8)
     8    0.043164    0.137260    0.338661   10.859245 ^ clkbuf_4_13_0_wr_clk/X (sky130_fd_sc_hd__clkbuf_8)
                                                         clknet_4_13_0_wr_clk (net)
                      0.137347    0.003142   10.862388 ^ _755_/CLK (sky130_fd_sc_hd__dfrtp_1)
                                 -0.250000   10.612388   clock uncertainty
                                  0.000000   10.612388   clock reconvergence pessimism
                                 -0.152633   10.459754   library setup time
                                             10.459754   data required time
---------------------------------------------------------------------------------------------
                                             10.459754   data required time
                                             -6.275242   data arrival time
---------------------------------------------------------------------------------------------
                                              4.184513   slack (MET)




===========================================================================
report_checks --slack_max -0.01
============================================================================
======================= max_ss_100C_1v60 Corner ===================================

No paths found.


===========================================================================
 report_check_types -max_slew -max_cap -max_fanout -violators
============================================================================
======================= max_ss_100C_1v60 Corner ===================================

max slew

Pin                                        Limit        Slew       Slack
------------------------------------------------------------------------
_629_/S                                 0.750000    0.770108   -0.020108 (VIOLATED)
_627_/S                                 0.750000    0.770090   -0.020090 (VIOLATED)
_628_/S                                 0.750000    0.770084   -0.020084 (VIOLATED)
_625_/S                                 0.750000    0.770026   -0.020026 (VIOLATED)
_631_/S                                 0.750000    0.770023   -0.020023 (VIOLATED)
_626_/S                                 0.750000    0.770014   -0.020014 (VIOLATED)
_630_/S                                 0.750000    0.769976   -0.019976 (VIOLATED)
_624_/S                                 0.750000    0.769948   -0.019948 (VIOLATED)
_623_/Y                                 0.750000    0.769871   -0.019871 (VIOLATED)

max fanout

Pin                                   Limit Fanout  Slack
---------------------------------------------------------
clkbuf_0_wr_clk/X                        10     16     -6 (VIOLATED)
clkbuf_4_0_0_wr_clk/X                    10     14     -4 (VIOLATED)
clkbuf_4_1_0_wr_clk/X                    10     14     -4 (VIOLATED)
clkbuf_4_5_0_wr_clk/X                    10     14     -4 (VIOLATED)
clkbuf_4_10_0_wr_clk/X                   10     13     -3 (VIOLATED)
clkbuf_4_2_0_wr_clk/X                    10     13     -3 (VIOLATED)
clkbuf_4_4_0_wr_clk/X                    10     13     -3 (VIOLATED)
clkbuf_4_7_0_wr_clk/X                    10     11        (VIOLATED)



===========================================================================
report_parasitic_annotation -report_unannotated
============================================================================
Found 15 unannotated drivers.
 clkload0/X
 clkload1/X
 clkload10/Y
 clkload11/Y
 clkload12/Y
 clkload13/Y
 clkload14/Y
 clkload2/X
 clkload3/Y
 clkload4/X
 clkload5/Y
 clkload6/Y
 clkload7/Y
 clkload8/Y
 clkload9/X
Found 0 partially unannotated drivers.

===========================================================================
max slew violation count 9
max fanout violation count 8
max cap violation count 0
============================================================================

===========================================================================
check_setup -verbose -unconstrained_endpoints -multiple_clock -no_clock -no_input_delay -loops -generated_clocks
===========================================================================
Warning: There are 29 unclocked register/latch pins.
  _632_/CLK
  _633_/CLK
  _634_/CLK
  _635_/CLK
  _636_/CLK
  _637_/CLK
  _638_/CLK
  _639_/CLK
  _736_/CLK
  _745_/CLK
  _746_/CLK
  _747_/CLK
  _748_/CLK
  _749_/CLK
  _750_/CLK
  _751_/CLK
  _752_/CLK
  _753_/CLK
  _754_/CLK
  _774_/CLK
  _775_/CLK
  _776_/CLK
  _777_/CLK
  _778_/CLK
  _779_/CLK
  _780_/CLK
  _781_/CLK
  _782_/CLK
  _783_/CLK
Warning: There are 44 unconstrained endpoints.
  aempty
  empty
  rd_data[0]
  rd_data[1]
  rd_data[2]
  rd_data[3]
  rd_data[4]
  rd_data[5]
  rd_data[6]
  rd_data[7]
  _632_/D
  _633_/D
  _634_/D
  _635_/D
  _636_/D
  _637_/D
  _638_/D
  _639_/D
  _736_/D
  _745_/D
  _746_/D
  _747_/D
  _748_/D
  _749_/D
  _750_/D
  _751_/D
  _752_/D
  _753_/D
  _754_/D
  _774_/D
  _775_/D
  _776_/D
  _777_/D
  _778_/D
  _779_/D
  _780_/D
  _781_/D
  _782_/D
  _783_/D
  _784_/D
  _785_/D
  _786_/D
  _787_/D
  _788_/D
