Clock: wr_clk
Sources: wr_clk 
Generated: no
Virtual: yes
Propagated: no
Period: 10.000000

===========================================================================
report_clock_properties
============================================================================
Clock                   Period          Waveform
----------------------------------------------------
wr_clk               10.000000    0.000000  5.000000

===========================================================================
report_clock_latency
============================================================================
Clock wr_clk
rise -> rise
    min     max
0.000000 0.000000 source latency
0.844759         network latency _705_/CLK
        3.296299 network latency _748_/CLK
---------------
0.844759 3.296299 latency
        2.451540 skew

rise -> fall
    min     max
0.000000 0.000000 source latency
2.249826         network latency _782_/CLK
        3.069920 network latency _748_/CLK
---------------
2.249826 3.069920 latency
        0.820094 skew

fall -> fall
    min     max
0.000000 0.000000 source latency
0.746236         network latency _705_/CLK
        0.761480 network latency _666_/CLK
---------------
0.746236 0.761480 latency
        0.015244 skew



===========================================================================
report_clock_min_period
============================================================================
wr_clk period_min = 5.80 fmax = 172.31
