
===========================================================================
 report_power
============================================================================
======================= max_ss_100C_1v60 Corner ===================================

Group                    Internal    Switching      Leakage        Total
                            Power        Power        Power        Power (Watts)
------------------------------------------------------------------------
Sequential           7.713854e-04 1.502908e-04 2.826430e-06 9.245027e-04  35.8%
Combinational        8.394793e-04 4.311760e-04 3.337919e-06 1.273993e-03  49.4%
Clock                1.965099e-04 1.855989e-04 3.208320e-07 3.824296e-04  14.8%
Macro                0.000000e+00 0.000000e+00 0.000000e+00 0.000000e+00   0.0%
Pad                  0.000000e+00 0.000000e+00 0.000000e+00 0.000000e+00   0.0%
------------------------------------------------------------------------
Total                1.807376e-03 7.670660e-04 6.485192e-06 2.580927e-03 100.0%
                            70.0%        29.7%         0.3%

