Reading OpenROAD database at '/home/angesh/async_fifo/runs/fifo_pd/87-openroad-repairantennas/1-diodeinsertion/async_fifo.odb'…
Reading library file at '/home/angesh/.volare/volare/sky130/versions/0fe599b2afb6708d281543108caf8310912f54af/sky130A/libs.ref/sky130_fd_sc_hd/lib/sky130_fd_sc_hd__tt_025C_1v80.lib'…
Reading design constraints file at '/nix/store/h0ldzjka94yryiq8yxbxmwargpnmwhx6-python3-3.11.9-env/lib/python3.11/site-packages/openlane/scripts/base.sdc'…
[INFO] Using clock wr_clk…
[INFO] Setting output delay to: 2.0
[INFO] Setting input delay to: 2.0
[INFO] Setting load to: 0.033442
[INFO] Setting clock uncertainty to: 0.25
[INFO] Setting clock transition to: 0.1499999999999999944488848768742172978818416595458984375
[INFO] Setting timing derate to: 5%
[INFO ORD-0030] Using 12 thread(s).
[INFO DRT-0149] Reading tech and libs.
[WARNING DRT-0349] LEF58_ENCLOSURE with no CUTCLASS is not supported. Skipping for layer mcon
[WARNING DRT-0349] LEF58_ENCLOSURE with no CUTCLASS is not supported. Skipping for layer mcon
[WARNING DRT-0349] LEF58_ENCLOSURE with no CUTCLASS is not supported. Skipping for layer via
[WARNING DRT-0349] LEF58_ENCLOSURE with no CUTCLASS is not supported. Skipping for layer via
[WARNING DRT-0349] LEF58_ENCLOSURE with no CUTCLASS is not supported. Skipping for layer via2
[WARNING DRT-0349] LEF58_ENCLOSURE with no CUTCLASS is not supported. Skipping for layer via2
[WARNING DRT-0349] LEF58_ENCLOSURE with no CUTCLASS is not supported. Skipping for layer via3
[WARNING DRT-0349] LEF58_ENCLOSURE with no CUTCLASS is not supported. Skipping for layer via3
[WARNING DRT-0349] LEF58_ENCLOSURE with no CUTCLASS is not supported. Skipping for layer via4
[WARNING DRT-0349] LEF58_ENCLOSURE with no CUTCLASS is not supported. Skipping for layer via4

Units:                1000
Number of layers:     13
Number of macros:     441
Number of vias:       28
Number of viarulegen: 25

[INFO DRT-0150] Reading design.

Design:                   async_fifo
Die area:                 ( 0 0 ) ( 151395 162115 )
Number of track patterns: 12
Number of DEF vias:       0
Number of components:     1113
Number of terminals:      37
Number of snets:          2
Number of nets:           754

[INFO DRT-0167] List of default vias:
  Layer via
    default via: M1M2_PR
  Layer via2
    default via: M2M3_PR
  Layer via3
    default via: M3M4_PR
  Layer via4
    default via: M4M5_PR
[INFO DRT-0162] Library cell analysis.
[INFO DRT-0163] Instance analysis.
[INFO DRT-0164] Number of unique instances = 138.
[INFO DRT-0168] Init region query.
[INFO DRT-0024]   Complete FR_MASTERSLICE.
[INFO DRT-0024]   Complete licon.
[INFO DRT-0024]   Complete li1.
[INFO DRT-0024]   Complete mcon.
[INFO DRT-0024]   Complete met1.
[INFO DRT-0024]   Complete via.
[INFO DRT-0024]   Complete met2.
[INFO DRT-0024]   Complete via2.
[INFO DRT-0024]   Complete met3.
[INFO DRT-0024]   Complete via3.
[INFO DRT-0024]   Complete met4.
[INFO DRT-0024]   Complete via4.
[INFO DRT-0024]   Complete met5.
[INFO DRT-0033] FR_MASTERSLICE shape region query size = 0.
[INFO DRT-0033] licon shape region query size = 0.
[INFO DRT-0033] li1 shape region query size = 30395.
[INFO DRT-0033] mcon shape region query size = 0.
[INFO DRT-0033] met1 shape region query size = 4599.
[INFO DRT-0033] via shape region query size = 260.
[INFO DRT-0033] met2 shape region query size = 170.
[INFO DRT-0033] via2 shape region query size = 208.
[INFO DRT-0033] met3 shape region query size = 177.
[INFO DRT-0033] via3 shape region query size = 208.
[INFO DRT-0033] met4 shape region query size = 56.
[INFO DRT-0033] via4 shape region query size = 0.
[INFO DRT-0033] met5 shape region query size = 0.
[INFO DRT-0165] Start pin access.
[INFO DRT-0078]   Complete 421 pins.
[INFO DRT-0079]   Complete 100 unique inst patterns.
[INFO DRT-0081]   Complete 132 unique inst patterns.
[INFO DRT-0084]   Complete 476 groups.
#scanned instances     = 1113
#unique  instances     = 138
#stdCellGenAp          = 3425
#stdCellValidPlanarAp  = 51
#stdCellValidViaAp     = 2523
#stdCellPinNoAp        = 0
#stdCellPinCnt         = 2383
#instTermValidViaApCnt = 0
#macroGenAp            = 0
#macroValidPlanarAp    = 0
#macroValidViaAp       = 0
#macroNoAp             = 0
[INFO DRT-0166] Complete pin access.
[INFO DRT-0267] cpu time = 00:00:23, elapsed time = 00:00:00, memory = 146.04 (MB), peak = 145.27 (MB)

[INFO DRT-0157] Number of guides:     5210

[INFO DRT-0169] Post process guides.
[INFO DRT-0176] GCELLGRID X 0 DO 21 STEP 6900 ;
[INFO DRT-0177] GCELLGRID Y 0 DO 23 STEP 6900 ;
[INFO DRT-0028]   Complete FR_MASTERSLICE.
[INFO DRT-0028]   Complete licon.
[INFO DRT-0028]   Complete li1.
[INFO DRT-0028]   Complete mcon.
[INFO DRT-0028]   Complete met1.
[INFO DRT-0028]   Complete via.
[INFO DRT-0028]   Complete met2.
[INFO DRT-0028]   Complete via2.
[INFO DRT-0028]   Complete met3.
[INFO DRT-0028]   Complete via3.
[INFO DRT-0028]   Complete met4.
[INFO DRT-0028]   Complete via4.
[INFO DRT-0028]   Complete met5.
[INFO DRT-0178] Init guide query.
[INFO DRT-0035]   Complete FR_MASTERSLICE (guide).
[INFO DRT-0035]   Complete licon (guide).
[INFO DRT-0035]   Complete li1 (guide).
[INFO DRT-0035]   Complete mcon (guide).
[INFO DRT-0035]   Complete met1 (guide).
[INFO DRT-0035]   Complete via (guide).
[INFO DRT-0035]   Complete met2 (guide).
[INFO DRT-0035]   Complete via2 (guide).
[INFO DRT-0035]   Complete met3 (guide).
[INFO DRT-0035]   Complete via3 (guide).
[INFO DRT-0035]   Complete met4 (guide).
[INFO DRT-0035]   Complete via4 (guide).
[INFO DRT-0035]   Complete met5 (guide).
[INFO DRT-0036] FR_MASTERSLICE guide region query size = 0.
[INFO DRT-0036] licon guide region query size = 0.
[INFO DRT-0036] li1 guide region query size = 1873.
[INFO DRT-0036] mcon guide region query size = 0.
[INFO DRT-0036] met1 guide region query size = 1443.
[INFO DRT-0036] via guide region query size = 0.
[INFO DRT-0036] met2 guide region query size = 749.
[INFO DRT-0036] via2 guide region query size = 0.
[INFO DRT-0036] met3 guide region query size = 34.
[INFO DRT-0036] via3 guide region query size = 0.
[INFO DRT-0036] met4 guide region query size = 1.
[INFO DRT-0036] via4 guide region query size = 0.
[INFO DRT-0036] met5 guide region query size = 0.
[INFO DRT-0179] Init gr pin query.
[INFO DRT-0245] skipped writing guide updates to database.
[INFO DRT-0185] Post process initialize RPin region query.
[INFO DRT-0181] Start track assignment.
[INFO DRT-0184] Done with 2623 vertical wires in 1 frboxes and 1477 horizontal wires in 1 frboxes.
[INFO DRT-0186] Done with 212 vertical wires in 1 frboxes and 409 horizontal wires in 1 frboxes.
[INFO DRT-0182] Complete track assignment.
[INFO DRT-0267] cpu time = 00:00:02, elapsed time = 00:00:00, memory = 154.73 (MB), peak = 154.07 (MB)
[INFO DRT-0187] Start routing data preparation.
[INFO DRT-0267] cpu time = 00:00:00, elapsed time = 00:00:00, memory = 154.73 (MB), peak = 154.07 (MB)
[INFO DRT-0194] Start detail routing.
[INFO DRT-0195] Start 0th optimization iteration.
    Completing 10% with 0 violations.
    elapsed time = 00:00:00, memory = 199.36 (MB).
    Completing 20% with 0 violations.
    elapsed time = 00:00:00, memory = 193.96 (MB).
    Completing 30% with 0 violations.
    elapsed time = 00:00:00, memory = 180.26 (MB).
    Completing 40% with 56 violations.
    elapsed time = 00:00:00, memory = 180.26 (MB).
    Completing 50% with 56 violations.
    elapsed time = 00:00:00, memory = 199.50 (MB).
    Completing 60% with 56 violations.
    elapsed time = 00:00:01, memory = 215.75 (MB).
    Completing 70% with 104 violations.
    elapsed time = 00:00:02, memory = 242.60 (MB).
    Completing 80% with 104 violations.
    elapsed time = 00:00:02, memory = 242.60 (MB).
    Completing 90% with 135 violations.
    elapsed time = 00:00:02, memory = 258.09 (MB).
    Completing 100% with 159 violations.
    elapsed time = 00:00:03, memory = 272.84 (MB).
[INFO DRT-0199]   Number of violations = 213.
Viol/Layer         li1   mcon   met1   met2   met3
Cut Spacing          0      1      0      0      0
Metal Spacing        6      0     34      9      5
Min Hole             0      0      1      0      0
NS Metal             1      0      0      0      0
Recheck              0      0     42     12      0
Short                0      0     88     14      0
[INFO DRT-0267] cpu time = 00:00:15, elapsed time = 00:00:03, memory = 613.62 (MB), peak = 612.86 (MB)
Total wire length = 18815 um.
Total wire length on LAYER li1 = 0 um.
Total wire length on LAYER met1 = 9214 um.
Total wire length on LAYER met2 = 9141 um.
Total wire length on LAYER met3 = 421 um.
Total wire length on LAYER met4 = 37 um.
Total wire length on LAYER met5 = 0 um.
Total number of vias = 4854.
Up-via summary (total 4854):

-----------------------
 FR_MASTERSLICE       0
            li1    2330
           met1    2473
           met2      48
           met3       3
           met4       0
-----------------------
                   4854


[INFO DRT-0195] Start 1st optimization iteration.
    Completing 10% with 213 violations.
    elapsed time = 00:00:00, memory = 623.36 (MB).
    Completing 20% with 213 violations.
    elapsed time = 00:00:00, memory = 627.38 (MB).
    Completing 30% with 173 violations.
    elapsed time = 00:00:00, memory = 640.79 (MB).
    Completing 40% with 173 violations.
    elapsed time = 00:00:01, memory = 641.62 (MB).
    Completing 50% with 173 violations.
    elapsed time = 00:00:02, memory = 651.39 (MB).
    Completing 60% with 94 violations.
    elapsed time = 00:00:02, memory = 657.98 (MB).
    Completing 70% with 94 violations.
    elapsed time = 00:00:03, memory = 657.98 (MB).
    Completing 80% with 66 violations.
    elapsed time = 00:00:03, memory = 393.32 (MB).
    Completing 90% with 66 violations.
    elapsed time = 00:00:03, memory = 393.32 (MB).
    Completing 100% with 45 violations.
    elapsed time = 00:00:04, memory = 393.32 (MB).
[INFO DRT-0199]   Number of violations = 45.
Viol/Layer        met1   met2
Metal Spacing       15      2
Short               22      6
[INFO DRT-0267] cpu time = 00:00:16, elapsed time = 00:00:04, memory = 666.44 (MB), peak = 665.61 (MB)
Total wire length = 18658 um.
Total wire length on LAYER li1 = 0 um.
Total wire length on LAYER met1 = 9136 um.
Total wire length on LAYER met2 = 9046 um.
Total wire length on LAYER met3 = 441 um.
Total wire length on LAYER met4 = 33 um.
Total wire length on LAYER met5 = 0 um.
Total number of vias = 4823.
Up-via summary (total 4823):

-----------------------
 FR_MASTERSLICE       0
            li1    2330
           met1    2433
           met2      58
           met3       2
           met4       0
-----------------------
                   4823


[INFO DRT-0195] Start 2nd optimization iteration.
    Completing 10% with 45 violations.
    elapsed time = 00:00:00, memory = 666.44 (MB).
    Completing 20% with 45 violations.
    elapsed time = 00:00:01, memory = 691.11 (MB).
    Completing 30% with 56 violations.
    elapsed time = 00:00:01, memory = 691.11 (MB).
    Completing 40% with 56 violations.
    elapsed time = 00:00:01, memory = 715.49 (MB).
    Completing 50% with 56 violations.
    elapsed time = 00:00:01, memory = 715.49 (MB).
    Completing 60% with 54 violations.
    elapsed time = 00:00:01, memory = 715.49 (MB).
    Completing 70% with 54 violations.
    elapsed time = 00:00:02, memory = 716.04 (MB).
    Completing 80% with 52 violations.
    elapsed time = 00:00:02, memory = 442.92 (MB).
    Completing 90% with 52 violations.
    elapsed time = 00:00:03, memory = 442.92 (MB).
    Completing 100% with 58 violations.
    elapsed time = 00:00:03, memory = 442.92 (MB).
[INFO DRT-0199]   Number of violations = 58.
Viol/Layer        met1   met2
Metal Spacing       15      1
Short               42      0
[INFO DRT-0267] cpu time = 00:00:14, elapsed time = 00:00:03, memory = 716.06 (MB), peak = 715.14 (MB)
Total wire length = 18673 um.
Total wire length on LAYER li1 = 0 um.
Total wire length on LAYER met1 = 9149 um.
Total wire length on LAYER met2 = 9071 um.
Total wire length on LAYER met3 = 420 um.
Total wire length on LAYER met4 = 32 um.
Total wire length on LAYER met5 = 0 um.
Total number of vias = 4850.
Up-via summary (total 4850):

-----------------------
 FR_MASTERSLICE       0
            li1    2330
           met1    2466
           met2      52
           met3       2
           met4       0
-----------------------
                   4850


[INFO DRT-0195] Start 3rd optimization iteration.
    Completing 10% with 58 violations.
    elapsed time = 00:00:00, memory = 727.17 (MB).
    Completing 20% with 58 violations.
    elapsed time = 00:00:00, memory = 727.17 (MB).
    Completing 30% with 58 violations.
    elapsed time = 00:00:00, memory = 727.17 (MB).
    Completing 40% with 51 violations.
    elapsed time = 00:00:00, memory = 727.17 (MB).
    Completing 50% with 51 violations.
    elapsed time = 00:00:00, memory = 727.17 (MB).
    Completing 60% with 51 violations.
    elapsed time = 00:00:00, memory = 727.17 (MB).
    Completing 70% with 34 violations.
    elapsed time = 00:00:01, memory = 754.12 (MB).
    Completing 80% with 34 violations.
    elapsed time = 00:00:01, memory = 754.12 (MB).
    Completing 90% with 5 violations.
    elapsed time = 00:00:01, memory = 480.98 (MB).
    Completing 100% with 2 violations.
    elapsed time = 00:00:01, memory = 481.05 (MB).
[INFO DRT-0199]   Number of violations = 2.
Viol/Layer        met1
Metal Spacing        2
[INFO DRT-0267] cpu time = 00:00:12, elapsed time = 00:00:02, memory = 754.16 (MB), peak = 753.22 (MB)
Total wire length = 18666 um.
Total wire length on LAYER li1 = 0 um.
Total wire length on LAYER met1 = 8955 um.
Total wire length on LAYER met2 = 9080 um.
Total wire length on LAYER met3 = 597 um.
Total wire length on LAYER met4 = 32 um.
Total wire length on LAYER met5 = 0 um.
Total number of vias = 4882.
Up-via summary (total 4882):

-----------------------
 FR_MASTERSLICE       0
            li1    2330
           met1    2477
           met2      73
           met3       2
           met4       0
-----------------------
                   4882


[INFO DRT-0195] Start 4th optimization iteration.
    Completing 10% with 2 violations.
    elapsed time = 00:00:00, memory = 754.16 (MB).
    Completing 20% with 2 violations.
    elapsed time = 00:00:00, memory = 754.16 (MB).
    Completing 30% with 2 violations.
    elapsed time = 00:00:00, memory = 754.16 (MB).
    Completing 40% with 2 violations.
    elapsed time = 00:00:00, memory = 754.16 (MB).
    Completing 50% with 2 violations.
    elapsed time = 00:00:00, memory = 766.69 (MB).
    Completing 60% with 0 violations.
    elapsed time = 00:00:00, memory = 766.69 (MB).
    Completing 70% with 0 violations.
    elapsed time = 00:00:00, memory = 766.69 (MB).
    Completing 80% with 0 violations.
    elapsed time = 00:00:00, memory = 705.69 (MB).
    Completing 90% with 0 violations.
    elapsed time = 00:00:00, memory = 705.69 (MB).
    Completing 100% with 0 violations.
    elapsed time = 00:00:00, memory = 705.69 (MB).
[INFO DRT-0199]   Number of violations = 0.
[INFO DRT-0267] cpu time = 00:00:04, elapsed time = 00:00:00, memory = 766.69 (MB), peak = 783.97 (MB)
Total wire length = 18661 um.
Total wire length on LAYER li1 = 0 um.
Total wire length on LAYER met1 = 8974 um.
Total wire length on LAYER met2 = 9064 um.
Total wire length on LAYER met3 = 588 um.
Total wire length on LAYER met4 = 32 um.
Total wire length on LAYER met5 = 0 um.
Total number of vias = 4880.
Up-via summary (total 4880):

-----------------------
 FR_MASTERSLICE       0
            li1    2330
           met1    2476
           met2      72
           met3       2
           met4       0
-----------------------
                   4880


[INFO DRT-0198] Complete detail routing.
Total wire length = 18661 um.
Total wire length on LAYER li1 = 0 um.
Total wire length on LAYER met1 = 8974 um.
Total wire length on LAYER met2 = 9064 um.
Total wire length on LAYER met3 = 588 um.
Total wire length on LAYER met4 = 32 um.
Total wire length on LAYER met5 = 0 um.
Total number of vias = 4880.
Up-via summary (total 4880):

-----------------------
 FR_MASTERSLICE       0
            li1    2330
           met1    2476
           met2      72
           met3       2
           met4       0
-----------------------
                   4880


[INFO DRT-0267] cpu time = 00:01:03, elapsed time = 00:00:15, memory = 766.69 (MB), peak = 783.97 (MB)

[INFO DRT-0180] Post processing.
Setting global connections for newly added cells…
[INFO] Setting global connections...
Updating metrics…
Cell type report:                       Count       Area
  Fill cell                               102     382.87
  Tap cell                                265     331.57
  Clock buffer                             22     301.54
  Timing Repair Buffer                    209    1711.64
  Inverter                                  9      33.78
  Clock inverter                           10     110.11
  Sequential cell                         178    3827.42
  Multi-Input combinational cell          318    3698.55
  Total                                  1113   10397.47
Writing OpenROAD database to '/home/angesh/async_fifo/runs/fifo_pd/89-openroad-detailedrouting/async_fifo.odb'…
Writing netlist to '/home/angesh/async_fifo/runs/fifo_pd/89-openroad-detailedrouting/async_fifo.nl.v'…
Writing powered netlist to '/home/angesh/async_fifo/runs/fifo_pd/89-openroad-detailedrouting/async_fifo.pnl.v'…
Writing layout to '/home/angesh/async_fifo/runs/fifo_pd/89-openroad-detailedrouting/async_fifo.def'…
Writing timing constraints to '/home/angesh/async_fifo/runs/fifo_pd/89-openroad-detailedrouting/async_fifo.sdc'…
