
===========================================================================
 report_power
============================================================================
======================= nom_tt_025C_1v80 Corner ===================================

Group                    Internal    Switching      Leakage        Total
                            Power        Power        Power        Power (Watts)
------------------------------------------------------------------------
Sequential           1.010854e-03 3.326952e-04 1.621400e-09 1.343550e-03  48.2%
Combinational        1.080050e-03 3.631724e-04 1.757910e-09 1.443224e-03  51.8%
Clock                0.000000e+00 0.000000e+00 0.000000e+00 0.000000e+00   0.0%
Macro                0.000000e+00 0.000000e+00 0.000000e+00 0.000000e+00   0.0%
Pad                  0.000000e+00 0.000000e+00 0.000000e+00 0.000000e+00   0.0%
------------------------------------------------------------------------
Total                2.090906e-03 6.958673e-04 3.379311e-09 2.786777e-03 100.0%
                            75.0%        25.0%         0.0%

