
===========================================================================
report_checks -unconstrained
===========================================================================
======================= nom_ff_n40C_1v95 Corner ===================================

Startpoint: arst_n (input port clocked by wr_clk)
Endpoint: _761_ (recovery check against rising-edge clock wr_clk)
Path Group: asynchronous
Path Type: max

Fanout         Cap        Slew       Delay        Time   Description
---------------------------------------------------------------------------------------------
                                  0.000000    0.000000   clock wr_clk (rise edge)
                                  0.000000    0.000000   clock network delay (propagated)
                                  2.000000    2.000000 ^ input external delay
     1    0.002874    0.014179    0.007433    2.007433 ^ arst_n (in)
                                                         arst_n (net)
                      0.014179    0.000000    2.007433 ^ input11/A (sky130_fd_sc_hd__clkbuf_1)
     1    0.002374    0.028646    0.045247    2.052680 ^ input11/X (sky130_fd_sc_hd__clkbuf_1)
                                                         net11 (net)
                      0.028646    0.000067    2.052747 ^ fanout76/A (sky130_fd_sc_hd__buf_2)
     5    0.039559    0.146718    0.148636    2.201384 ^ fanout76/X (sky130_fd_sc_hd__buf_2)
                                                         net76 (net)
                      0.146724    0.000828    2.202211 ^ fanout75/A (sky130_fd_sc_hd__buf_2)
     6    0.046139    0.170464    0.189164    2.391375 ^ fanout75/X (sky130_fd_sc_hd__buf_2)
                                                         net75 (net)
                      0.170468    0.000700    2.392075 ^ fanout74/A (sky130_fd_sc_hd__buf_2)
     7    0.039103    0.145411    0.175953    2.568027 ^ fanout74/X (sky130_fd_sc_hd__buf_2)
                                                         net74 (net)
                      0.145414    0.000602    2.568629 ^ fanout73/A (sky130_fd_sc_hd__clkbuf_4)
    10    0.048470    0.114893    0.176416    2.745046 ^ fanout73/X (sky130_fd_sc_hd__clkbuf_4)
                                                         net73 (net)
                      0.114893    0.000506    2.745552 ^ fanout72/A (sky130_fd_sc_hd__clkbuf_4)
    10    0.046377    0.110475    0.167793    2.913345 ^ fanout72/X (sky130_fd_sc_hd__clkbuf_4)
                                                         net72 (net)
                      0.110489    0.001265    2.914610 ^ _761_/RESET_B (sky130_fd_sc_hd__dfrtp_4)
                                              2.914610   data arrival time

                                 10.000000   10.000000   clock wr_clk (rise edge)
                                  0.000000   10.000000   clock source latency
     1    0.025576    0.089935    0.062840   10.062840 ^ wr_clk (in)
                                                         wr_clk (net)
                      0.090024    0.000000   10.062840 ^ clkbuf_0_wr_clk/A (sky130_fd_sc_hd__clkbuf_16)
    16    0.107488    0.094847    0.148848   10.211688 ^ clkbuf_0_wr_clk/X (sky130_fd_sc_hd__clkbuf_16)
                                                         clknet_0_wr_clk (net)
                      0.094963    0.002711   10.214398 ^ clkbuf_4_14_0_wr_clk/A (sky130_fd_sc_hd__clkbuf_8)
     6    0.036432    0.057447    0.120386   10.334785 ^ clkbuf_4_14_0_wr_clk/X (sky130_fd_sc_hd__clkbuf_8)
                                                         clknet_4_14_0_wr_clk (net)
                      0.057488    0.001400   10.336185 ^ _761_/CLK (sky130_fd_sc_hd__dfrtp_4)
                                 -0.250000   10.086185   clock uncertainty
                                  0.000000   10.086185   clock reconvergence pessimism
                                  0.110225   10.196410   library recovery time
                                             10.196410   data required time
---------------------------------------------------------------------------------------------
                                             10.196410   data required time
                                             -2.914610   data arrival time
---------------------------------------------------------------------------------------------
                                              7.281800   slack (MET)


Startpoint: wr_en (input port clocked by wr_clk)
Endpoint: _755_ (rising edge-triggered flip-flop clocked by wr_clk)
Path Group: wr_clk
Path Type: max

Fanout         Cap        Slew       Delay        Time   Description
---------------------------------------------------------------------------------------------
                                  0.000000    0.000000   clock wr_clk (rise edge)
                                  0.000000    0.000000   clock network delay (propagated)
                                  2.000000    2.000000 v input external delay
     1    0.003327    0.005490    0.002751    2.002751 v wr_en (in)
                                                         wr_en (net)
                      0.005491    0.000000    2.002751 v input22/A (sky130_fd_sc_hd__clkbuf_1)
     1    0.002115    0.015973    0.044218    2.046969 v input22/X (sky130_fd_sc_hd__clkbuf_1)
                                                         net22 (net)
                      0.015973    0.000059    2.047028 v _379_/B (sky130_fd_sc_hd__and2b_1)
     5    0.012989    0.053324    0.120430    2.167458 v _379_/X (sky130_fd_sc_hd__and2b_1)
                                                         _208_ (net)
                      0.053326    0.000382    2.167840 v _383_/C (sky130_fd_sc_hd__and3_2)
     5    0.020268    0.055267    0.171515    2.339355 v _383_/X (sky130_fd_sc_hd__and3_2)
                                                         _211_ (net)
                      0.055279    0.000783    2.340138 v _387_/B (sky130_fd_sc_hd__and2_1)
     4    0.020023    0.074629    0.152873    2.493011 v _387_/X (sky130_fd_sc_hd__and2_1)
                                                         _214_ (net)
                      0.074630    0.000427    2.493437 v _400_/B (sky130_fd_sc_hd__nand2_1)
     2    0.021503    0.153242    0.146798    2.640235 ^ _400_/Y (sky130_fd_sc_hd__nand2_1)
                                                         _222_ (net)
                      0.153243    0.000317    2.640553 ^ fanout35/A (sky130_fd_sc_hd__buf_4)
    10    0.080548    0.168676    0.192863    2.833415 ^ fanout35/X (sky130_fd_sc_hd__buf_4)
                                                         net35 (net)
                      0.168708    0.001919    2.835335 ^ _401_/B (sky130_fd_sc_hd__xnor2_1)
     1    0.002917    0.084831    0.078136    2.913471 ^ _401_/Y (sky130_fd_sc_hd__xnor2_1)
                                                         _223_ (net)
                      0.084831    0.000083    2.913554 ^ _402_/B (sky130_fd_sc_hd__nand2_1)
     1    0.002720    0.029066    0.033664    2.947218 v _402_/Y (sky130_fd_sc_hd__nand2_1)
                                                         _224_ (net)
                      0.029066    0.000083    2.947301 v _403_/C (sky130_fd_sc_hd__or4b_1)
     1    0.003027    0.053947    0.258514    3.205816 v _403_/X (sky130_fd_sc_hd__or4b_1)
                                                         _225_ (net)
                      0.053947    0.000090    3.205906 v _404_/B (sky130_fd_sc_hd__nor2_1)
     1    0.005083    0.079506    0.082806    3.288712 ^ _404_/Y (sky130_fd_sc_hd__nor2_1)
                                                         full_next (net)
                      0.079507    0.000205    3.288917 ^ _755_/D (sky130_fd_sc_hd__dfrtp_1)
                                              3.288917   data arrival time

                                 10.000000   10.000000   clock wr_clk (rise edge)
                                  0.000000   10.000000   clock source latency
     1    0.025576    0.089935    0.062840   10.062840 ^ wr_clk (in)
                                                         wr_clk (net)
                      0.090024    0.000000   10.062840 ^ clkbuf_0_wr_clk/A (sky130_fd_sc_hd__clkbuf_16)
    16    0.107488    0.094847    0.148848   10.211688 ^ clkbuf_0_wr_clk/X (sky130_fd_sc_hd__clkbuf_16)
                                                         clknet_0_wr_clk (net)
                      0.094942    0.002457   10.214145 ^ clkbuf_4_13_0_wr_clk/A (sky130_fd_sc_hd__clkbuf_8)
     8    0.043194    0.065448    0.126685   10.340830 ^ clkbuf_4_13_0_wr_clk/X (sky130_fd_sc_hd__clkbuf_8)
                                                         clknet_4_13_0_wr_clk (net)
                      0.065486    0.001454   10.342284 ^ _755_/CLK (sky130_fd_sc_hd__dfrtp_1)
                                 -0.250000   10.092284   clock uncertainty
                                  0.000000   10.092284   clock reconvergence pessimism
                                 -0.037141   10.055142   library setup time
                                             10.055142   data required time
---------------------------------------------------------------------------------------------
                                             10.055142   data required time
                                             -3.288917   data arrival time
---------------------------------------------------------------------------------------------
                                              6.766226   slack (MET)




===========================================================================
report_checks --slack_max -0.01
============================================================================
======================= nom_ff_n40C_1v95 Corner ===================================

No paths found.


===========================================================================
 report_check_types -max_slew -max_cap -max_fanout -violators
============================================================================
======================= nom_ff_n40C_1v95 Corner ===================================

max fanout

Pin                                   Limit Fanout  Slack
---------------------------------------------------------
clkbuf_0_wr_clk/X                        10     16     -6 (VIOLATED)
clkbuf_4_0_0_wr_clk/X                    10     14     -4 (VIOLATED)
clkbuf_4_1_0_wr_clk/X                    10     14     -4 (VIOLATED)
clkbuf_4_5_0_wr_clk/X                    10     14     -4 (VIOLATED)
clkbuf_4_10_0_wr_clk/X                   10     13     -3 (VIOLATED)
clkbuf_4_2_0_wr_clk/X                    10     13     -3 (VIOLATED)
clkbuf_4_4_0_wr_clk/X                    10     13     -3 (VIOLATED)
clkbuf_4_7_0_wr_clk/X                    10     11        (VIOLATED)



===========================================================================
report_parasitic_annotation -report_unannotated
============================================================================
Found 15 unannotated drivers.
 clkload0/X
 clkload1/X
 clkload10/Y
 clkload11/Y
 clkload12/Y
 clkload13/Y
 clkload14/Y
 clkload2/X
 clkload3/Y
 clkload4/X
 clkload5/Y
 clkload6/Y
 clkload7/Y
 clkload8/Y
 clkload9/X
Found 0 partially unannotated drivers.

===========================================================================
max slew violation count 0
max fanout violation count 8
max cap violation count 0
============================================================================

===========================================================================
check_setup -verbose -unconstrained_endpoints -multiple_clock -no_clock -no_input_delay -loops -generated_clocks
===========================================================================
Warning: There are 29 unclocked register/latch pins.
  _632_/CLK
  _633_/CLK
  _634_/CLK
  _635_/CLK
  _636_/CLK
  _637_/CLK
  _638_/CLK
  _639_/CLK
  _736_/CLK
  _745_/CLK
  _746_/CLK
  _747_/CLK
  _748_/CLK
  _749_/CLK
  _750_/CLK
  _751_/CLK
  _752_/CLK
  _753_/CLK
  _754_/CLK
  _774_/CLK
  _775_/CLK
  _776_/CLK
  _777_/CLK
  _778_/CLK
  _779_/CLK
  _780_/CLK
  _781_/CLK
  _782_/CLK
  _783_/CLK
Warning: There are 44 unconstrained endpoints.
  aempty
  empty
  rd_data[0]
  rd_data[1]
  rd_data[2]
  rd_data[3]
  rd_data[4]
  rd_data[5]
  rd_data[6]
  rd_data[7]
  _632_/D
  _633_/D
  _634_/D
  _635_/D
  _636_/D
  _637_/D
  _638_/D
  _639_/D
  _736_/D
  _745_/D
  _746_/D
  _747_/D
  _748_/D
  _749_/D
  _750_/D
  _751_/D
  _752_/D
  _753_/D
  _754_/D
  _774_/D
  _775_/D
  _776_/D
  _777_/D
  _778_/D
  _779_/D
  _780_/D
  _781_/D
  _782_/D
  _783_/D
  _784_/D
  _785_/D
  _786_/D
  _787_/D
  _788_/D
