Clock: wr_clk
Sources: wr_clk 
Generated: no
Virtual: yes
Propagated: no
Period: 10.000000

===========================================================================
report_clock_properties
============================================================================
Clock                   Period          Waveform
----------------------------------------------------
wr_clk               10.000000    0.000000  5.000000

===========================================================================
report_clock_latency
============================================================================
Clock wr_clk
rise -> rise
    min     max
0.000000 0.000000 source latency
0.333953         network latency _705_/CLK
        2.487016 network latency _748_/CLK
---------------
0.333953 2.487016 latency
        2.153062 skew

rise -> fall
    min     max
0.000000 0.000000 source latency
2.086292         network latency _782_/CLK
        2.369513 network latency _748_/CLK
---------------
2.086292 2.369513 latency
        0.283221 skew

fall -> fall
    min     max
0.000000 0.000000 source latency
0.282499         network latency _705_/CLK
        0.290340 network latency _666_/CLK
---------------
0.282499 0.290340 latency
        0.007841 skew



===========================================================================
report_clock_min_period
============================================================================
wr_clk period_min = 1.96 fmax = 509.30
