
===========================================================================
 report_power
============================================================================
======================= nom_ff_n40C_1v95 Corner ===================================

Group                    Internal    Switching      Leakage        Total
                            Power        Power        Power        Power (Watts)
------------------------------------------------------------------------
Sequential           1.125990e-03 2.257315e-04 2.605107e-09 1.351724e-03  36.1%
Combinational        1.194185e-03 6.417962e-04 5.441571e-09 1.835987e-03  49.1%
Clock                2.731644e-04 2.799988e-04 2.965098e-09 5.531661e-04  14.8%
Macro                0.000000e+00 0.000000e+00 0.000000e+00 0.000000e+00   0.0%
Pad                  0.000000e+00 0.000000e+00 0.000000e+00 0.000000e+00   0.0%
------------------------------------------------------------------------
Total                2.593341e-03 1.147526e-03 1.101176e-08 3.740878e-03 100.0%
                            69.3%        30.7%         0.0%

