┏━━━━━━━━━━━━━━━━━━━━━━┳━━━━━━━━━━┳━━━━━━━━━━┳━━━━━━━━━━┳━━━━━━━━━━┳━━━━━━━━━━━┳━━━━━━━━━━┳━━━━━━━━━━━┳━━━━━━━━━━┳━━━━━━━━━━━┳━━━━━━━━━━┳━━━━━━━━━━━┳━━━━━━━━━━┓
┃                      ┃ Hold     ┃ Reg to   ┃          ┃          ┃ of which  ┃ Setup    ┃           ┃          ┃           ┃ of which ┃           ┃          ┃
┃                      ┃ Worst    ┃ Reg      ┃          ┃ Hold Vio ┃ reg to    ┃ Worst    ┃ Reg to    ┃ Setup    ┃ Setup Vio ┃ reg to   ┃ Max Cap   ┃ Max Slew ┃
┃ Corner/Group         ┃ Slack    ┃ Paths    ┃ Hold TNS ┃ Count    ┃ reg       ┃ Slack    ┃ Reg Paths ┃ TNS      ┃ Count     ┃ reg      ┃ Violatio… ┃ Violati… ┃
┡━━━━━━━━━━━━━━━━━━━━━━╇━━━━━━━━━━╇━━━━━━━━━━╇━━━━━━━━━━╇━━━━━━━━━━╇━━━━━━━━━━━╇━━━━━━━━━━╇━━━━━━━━━━━╇━━━━━━━━━━╇━━━━━━━━━━━╇━━━━━━━━━━╇━━━━━━━━━━━╇━━━━━━━━━━┩
│ Overall              │ -0.0018  │ -0.0018  │ -0.0090  │ 5        │ 5         │ 4.9422   │ 5.3865    │ 0.0000   │ 0         │ 0        │ 1         │ 162      │
│ nom_tt_025C_1v80     │ 0.1315   │ 0.1315   │ 0.0000   │ 0        │ 0         │ 6.3789   │ 9.2523    │ 0.0000   │ 0         │ 0        │ 1         │ 92       │
│ nom_ss_100C_1v60     │ 0.5131   │ 0.5131   │ 0.0000   │ 0        │ 0         │ 4.9422   │ 5.3865    │ 0.0000   │ 0         │ 0        │ 0         │ 162      │
│ nom_ff_n40C_1v95     │ -0.0018  │ -0.0018  │ -0.0090  │ 5        │ 5         │ 6.8909   │ 9.4291    │ 0.0000   │ 0         │ 0        │ 1         │ 41       │
└──────────────────────┴──────────┴──────────┴──────────┴──────────┴───────────┴──────────┴───────────┴──────────┴───────────┴──────────┴───────────┴──────────┘
