
===========================================================================
 report_power
============================================================================
======================= nom_tt_025C_1v80 Corner ===================================

Group                    Internal    Switching      Leakage        Total
                            Power        Power        Power        Power (Watts)
------------------------------------------------------------------------
Sequential           1.020142e-03 2.796826e-04 1.618093e-09 1.299826e-03  45.7%
Combinational        1.017627e-03 5.281450e-04 2.167753e-09 1.545775e-03  54.3%
Clock                0.000000e+00 0.000000e+00 0.000000e+00 0.000000e+00   0.0%
Macro                0.000000e+00 0.000000e+00 0.000000e+00 0.000000e+00   0.0%
Pad                  0.000000e+00 0.000000e+00 0.000000e+00 0.000000e+00   0.0%
------------------------------------------------------------------------
Total                2.037770e-03 8.078277e-04 3.785847e-09 2.845602e-03 100.0%
                            71.6%        28.4%         0.0%

