
===========================================================================
 report_power
============================================================================
======================= max_ff_n40C_1v95 Corner ===================================

Group                    Internal    Switching      Leakage        Total
                            Power        Power        Power        Power (Watts)
------------------------------------------------------------------------
Sequential           1.125574e-03 2.338382e-04 2.605107e-09 1.359415e-03  36.0%
Combinational        1.195264e-03 6.620704e-04 5.441571e-09 1.857340e-03  49.2%
Clock                2.732394e-04 2.887986e-04 2.965098e-09 5.620410e-04  14.9%
Macro                0.000000e+00 0.000000e+00 0.000000e+00 0.000000e+00   0.0%
Pad                  0.000000e+00 0.000000e+00 0.000000e+00 0.000000e+00   0.0%
------------------------------------------------------------------------
Total                2.594078e-03 1.184707e-03 1.101176e-08 3.778796e-03 100.0%
                            68.6%        31.4%         0.0%

