
===========================================================================
report_checks -unconstrained
===========================================================================
======================= nom_ff_n40C_1v95 Corner ===================================

Startpoint: arst_n (input port clocked by wr_clk)
Endpoint: _1453_ (recovery check against rising-edge clock wr_clk)
Path Group: asynchronous
Path Type: max

Fanout         Cap        Slew       Delay        Time   Description
---------------------------------------------------------------------------------------------
                      0.150000    0.000000    0.000000   clock wr_clk (rise edge)
                                  0.000000    0.000000   clock network delay (ideal)
                                  2.000000    2.000000 ^ input external delay
    50    0.180740    0.610201    0.421023    2.421023 ^ arst_n (in)
                                                         arst_n (net)
                      0.610201    0.000000    2.421023 ^ _1453_/RESET_B (sky130_fd_sc_hd__dfrtp_2)
                                              2.421023   data arrival time

                      0.150000   10.000000   10.000000   clock wr_clk (rise edge)
                                  0.000000   10.000000   clock network delay (ideal)
                                 -0.250000    9.750000   clock uncertainty
                                  0.000000    9.750000   clock reconvergence pessimism
                                              9.750000 ^ _1453_/CLK (sky130_fd_sc_hd__dfrtp_2)
                                  0.002706    9.752707   library recovery time
                                              9.752707   data required time
---------------------------------------------------------------------------------------------
                                              9.752707   data required time
                                             -2.421023   data arrival time
---------------------------------------------------------------------------------------------
                                              7.331683   slack (MET)


Startpoint: wr_en (input port clocked by wr_clk)
Endpoint: _1370_ (rising edge-triggered flip-flop clocked by wr_clk)
Path Group: wr_clk
Path Type: max

Fanout         Cap        Slew       Delay        Time   Description
---------------------------------------------------------------------------------------------
                      0.150000    0.000000    0.000000   clock wr_clk (rise edge)
                                  0.000000    0.000000   clock network delay (ideal)
                                  2.000000    2.000000 ^ input external delay
     1    0.002496    0.013309    0.006415    2.006415 ^ wr_en (in)
                                                         wr_en (net)
                      0.013309    0.000000    2.006415 ^ _0807_/B_N (sky130_fd_sc_hd__nor2b_4)
     4    0.014489    0.088165    0.106502    2.112917 ^ _0807_/Y (sky130_fd_sc_hd__nor2b_4)
                                                         _0293_ (net)
                      0.088165    0.000000    2.112917 ^ _0809_/A (sky130_fd_sc_hd__nand2_4)
     7    0.030212    0.058269    0.058721    2.171638 v _0809_/Y (sky130_fd_sc_hd__nand2_4)
                                                         _0295_ (net)
                      0.058269    0.000000    2.171638 v _1122_/B (sky130_fd_sc_hd__or3b_2)
     1    0.002070    0.048440    0.250179    2.421816 v _1122_/X (sky130_fd_sc_hd__or3b_2)
                                                         _0548_ (net)
                      0.048440    0.000000    2.421816 v _1123_/A (sky130_fd_sc_hd__buf_1)
     8    0.025376    0.100905    0.130965    2.552781 v _1123_/X (sky130_fd_sc_hd__buf_1)
                                                         _0549_ (net)
                      0.100905    0.000000    2.552781 v _1124_/S (sky130_fd_sc_hd__mux2_2)
     1    0.002070    0.031736    0.179289    2.732070 v _1124_/X (sky130_fd_sc_hd__mux2_2)
                                                         _0550_ (net)
                      0.031736    0.000000    2.732070 v _1125_/A (sky130_fd_sc_hd__buf_1)
     1    0.001783    0.015453    0.053032    2.785102 v _1125_/X (sky130_fd_sc_hd__buf_1)
                                                         _0040_ (net)
                      0.015453    0.000000    2.785102 v _1370_/D (sky130_fd_sc_hd__dfxtp_2)
                                              2.785102   data arrival time

                      0.150000   10.000000   10.000000   clock wr_clk (rise edge)
                                  0.000000   10.000000   clock network delay (ideal)
                                 -0.250000    9.750000   clock uncertainty
                                  0.000000    9.750000   clock reconvergence pessimism
                                              9.750000 ^ _1370_/CLK (sky130_fd_sc_hd__dfxtp_2)
                                 -0.053989    9.696012   library setup time
                                              9.696012   data required time
---------------------------------------------------------------------------------------------
                                              9.696012   data required time
                                             -2.785102   data arrival time
---------------------------------------------------------------------------------------------
                                              6.910909   slack (MET)




===========================================================================
report_checks --slack_max -0.01
============================================================================
======================= nom_ff_n40C_1v95 Corner ===================================

No paths found.


===========================================================================
 report_check_types -max_slew -max_cap -max_fanout -violators
============================================================================
======================= nom_ff_n40C_1v95 Corner ===================================

max fanout

Pin                                   Limit Fanout  Slack
---------------------------------------------------------
_1444_/Q                                 10     69    -59 (VIOLATED)
arst_n                                   10     50    -40 (VIOLATED)
_1445_/Q                                 10     30    -20 (VIOLATED)
rd_clk                                   10     29    -19 (VIOLATED)
_1446_/Q                                 10     21    -11 (VIOLATED)
wr_data[0]                               10     16     -6 (VIOLATED)
wr_data[1]                               10     16     -6 (VIOLATED)
wr_data[2]                               10     16     -6 (VIOLATED)
wr_data[3]                               10     16     -6 (VIOLATED)
wr_data[4]                               10     16     -6 (VIOLATED)
wr_data[5]                               10     16     -6 (VIOLATED)
wr_data[6]                               10     16     -6 (VIOLATED)
wr_data[7]                               10     16     -6 (VIOLATED)
_1447_/Q                                 10     12     -2 (VIOLATED)

max capacitance

Pin                                        Limit         Cap       Slack
------------------------------------------------------------------------
_1444_/Q                                0.200000    0.209790   -0.009790 (VIOLATED)



===========================================================================
report_parasitic_annotation -report_unannotated
============================================================================
Found 877 unannotated drivers.
 aempty_threshold[0]
 aempty_threshold[1]
 aempty_threshold[2]
 aempty_threshold[3]
 aempty_threshold[4]
 afull_threshold[0]
 afull_threshold[1]
 afull_threshold[2]
 afull_threshold[3]
 afull_threshold[4]
 arst_n
 rd_clk
 rd_en
 wr_clk
 wr_data[0]
 wr_data[1]
 wr_data[2]
 wr_data[3]
 wr_data[4]
 wr_data[5]
 wr_data[6]
 wr_data[7]
 wr_en
 _0654_/Y
 _0655_/Y
 _0656_/Y
 _0657_/Y
 _0658_/Y
 _0659_/Y
 _0660_/Y
 _0661_/Y
 _0662_/Y
 _0663_/Y
 _0664_/Y
 _0665_/Y
 _0666_/Y
 _0667_/Y
 _0668_/Y
 _0669_/Y
 _0670_/Y
 _0671_/Y
 _0672_/Y
 _0673_/Y
 _0674_/Y
 _0675_/Y
 _0676_/Y
 _0677_/Y
 _0678_/Y
 _0679_/Y
 _0680_/Y
 _0681_/Y
 _0682_/Y
 _0683_/Y
 _0684_/Y
 _0685_/Y
 _0686_/Y
 _0687_/Y
 _0688_/Y
 _0689_/Y
 _0690_/Y
 _0691_/Y
 _0692_/Y
 _0693_/X
 _0694_/Y
 _0695_/Y
 _0696_/Y
 _0697_/Y
 _0698_/Y
 _0699_/Y
 _0700_/Y
 _0701_/Y
 _0702_/X
 _0703_/Y
 _0704_/Y
 _0705_/Y
 _0706_/X
 _0707_/Y
 _0708_/X
 _0709_/Y
 _0710_/Y
 _0711_/Y
 _0712_/Y
 _0713_/Y
 _0714_/Y
 _0715_/Y
 _0716_/Y
 _0717_/Y
 _0718_/Y
 _0719_/Y
 _0720_/Y
 _0721_/Y
 _0722_/Y
 _0723_/Y
 _0724_/Y
 _0725_/Y
 _0726_/X
 _0727_/Y
 _0728_/Y
 _0729_/Y
 _0730_/Y
 _0731_/Y
 _0732_/Y
 _0733_/Y
 _0734_/Y
 _0735_/Y
 _0736_/Y
 _0737_/Y
 _0738_/Y
 _0739_/Y
 _0740_/Y
 _0741_/Y
 _0742_/Y
 _0743_/Y
 _0744_/Y
 _0745_/Y
 _0746_/Y
 _0747_/Y
 _0748_/Y
 _0749_/Y
 _0750_/X
 _0751_/Y
 _0752_/Y
 _0753_/Y
 _0754_/Y
 _0755_/Y
 _0756_/Y
 _0757_/Y
 _0758_/Y
 _0759_/Y
 _0760_/Y
 _0761_/Y
 _0762_/Y
 _0763_/Y
 _0764_/Y
 _0765_/Y
 _0766_/Y
 _0767_/Y
 _0768_/Y
 _0769_/Y
 _0770_/X
 _0771_/Y
 _0772_/Y
 _0773_/Y
 _0774_/Y
 _0775_/Y
 _0776_/Y
 _0777_/Y
 _0778_/Y
 _0779_/Y
 _0780_/Y
 _0781_/Y
 _0782_/Y
 _0783_/Y
 _0784_/X
 _0785_/Y
 _0786_/Y
 _0787_/Y
 _0788_/Y
 _0789_/Y
 _0790_/Y
 _0791_/Y
 _0792_/Y
 _0793_/Y
 _0794_/Y
 _0795_/Y
 _0796_/Y
 _0797_/Y
 _0798_/Y
 _0799_/Y
 _0800_/Y
 _0801_/Y
 _0802_/Y
 _0803_/Y
 _0804_/Y
 _0805_/Y
 _0806_/Y
 _0807_/Y
 _0808_/X
 _0809_/Y
 _0810_/Y
 _0811_/Y
 _0812_/Y
 _0813_/Y
 _0814_/X
 _0815_/X
 _0816_/Y
 _0817_/Y
 _0818_/X
 _0819_/X
 _0820_/Y
 _0821_/Y
 _0822_/X
 _0823_/Y
 _0824_/X
 _0825_/X
 _0826_/X
 _0827_/Y
 _0828_/X
 _0829_/X
 _0830_/Y
 _0831_/Y
 _0832_/Y
 _0833_/Y
 _0834_/X
 _0835_/X
 _0836_/X
 _0837_/X
 _0838_/Y
 _0839_/Y
 _0840_/Y
 _0841_/X
 _0842_/Y
 _0843_/Y
 _0844_/Y
 _0845_/Y
 _0846_/Y
 _0847_/Y
 _0848_/X
 _0849_/X
 _0850_/Y
 _0851_/Y
 _0852_/Y
 _0853_/X
 _0854_/X
 _0855_/X
 _0856_/X
 _0857_/Y
 _0858_/Y
 _0859_/X
 _0860_/X
 _0861_/Y
 _0862_/X
 _0863_/X
 _0864_/X
 _0865_/Y
 _0866_/X
 _0867_/X
 _0868_/Y
 _0869_/X
 _0870_/X
 _0871_/X
 _0872_/Y
 _0873_/X
 _0874_/X
 _0875_/X
 _0876_/Y
 _0877_/Y
 _0878_/Y
 _0879_/Y
 _0880_/Y
 _0881_/Y
 _0882_/X
 _0883_/X
 _0884_/X
 _0885_/X
 _0886_/X
 _0887_/X
 _0888_/X
 _0889_/X
 _0890_/X
 _0891_/X
 _0892_/X
 _0893_/X
 _0894_/X
 _0895_/X
 _0896_/X
 _0897_/X
 _0898_/X
 _0899_/X
 _0900_/X
 _0901_/X
 _0902_/X
 _0903_/X
 _0904_/Y
 _0905_/Y
 _0906_/X
 _0907_/X
 _0908_/X
 _0909_/X
 _0910_/X
 _0911_/X
 _0912_/X
 _0913_/X
 _0914_/X
 _0915_/X
 _0916_/X
 _0917_/X
 _0918_/X
 _0919_/X
 _0920_/X
 _0921_/X
 _0922_/X
 _0923_/X
 _0924_/X
 _0925_/X
 _0926_/Y
 _0927_/Y
 _0928_/X
 _0929_/X
 _0930_/X
 _0931_/X
 _0932_/X
 _0933_/X
 _0934_/X
 _0935_/X
 _0936_/X
 _0937_/X
 _0938_/X
 _0939_/X
 _0940_/X
 _0941_/X
 _0942_/X
 _0943_/X
 _0944_/X
 _0945_/X
 _0946_/Y
 _0947_/Y
 _0948_/X
 _0949_/X
 _0950_/X
 _0951_/X
 _0952_/X
 _0953_/X
 _0954_/X
 _0955_/X
 _0956_/X
 _0957_/X
 _0958_/X
 _0959_/X
 _0960_/X
 _0961_/X
 _0962_/X
 _0963_/X
 _0964_/X
 _0965_/X
 _0966_/Y
 _0967_/Y
 _0968_/X
 _0969_/X
 _0970_/X
 _0971_/X
 _0972_/X
 _0973_/X
 _0974_/X
 _0975_/X
 _0976_/X
 _0977_/Y
 _0978_/Y
 _0979_/X
 _0980_/X
 _0981_/X
 _0982_/X
 _0983_/X
 _0984_/X
 _0985_/X
 _0986_/X
 _0987_/X
 _0988_/X
 _0989_/X
 _0990_/X
 _0991_/X
 _0992_/X
 _0993_/X
 _0994_/X
 _0995_/X
 _0996_/X
 _0997_/Y
 _0998_/Y
 _0999_/X
 _1000_/X
 _1001_/X
 _1002_/X
 _1003_/X
 _1004_/X
 _1005_/X
 _1006_/X
 _1007_/X
 _1008_/X
 _1009_/X
 _1010_/X
 _1011_/X
 _1012_/X
 _1013_/X
 _1014_/X
 _1015_/X
 _1016_/X
 _1017_/X
 _1018_/X
 _1019_/X
 _1020_/X
 _1021_/X
 _1022_/X
 _1023_/X
 _1024_/X
 _1025_/X
 _1026_/Y
 _1027_/Y
 _1028_/X
 _1029_/X
 _1030_/X
 _1031_/X
 _1032_/X
 _1033_/X
 _1034_/X
 _1035_/X
 _1036_/X
 _1037_/Y
 _1038_/Y
 _1039_/X
 _1040_/X
 _1041_/X
 _1042_/X
 _1043_/X
 _1044_/X
 _1045_/X
 _1046_/X
 _1047_/X
 _1048_/X
 _1049_/X
 _1050_/Y
 _1051_/X
 _1052_/X
 _1053_/X
 _1054_/X
 _1055_/X
 _1056_/X
 _1057_/X
 _1058_/X
 _1059_/X
 _1060_/X
 _1061_/X
 _1062_/X
 _1063_/X
 _1064_/X
 _1065_/X
 _1066_/X
 _1067_/X
 _1068_/X
 _1069_/X
 _1070_/X
 _1071_/X
 _1072_/X
 _1073_/X
 _1074_/X
 _1075_/X
 _1076_/X
 _1077_/X
 _1078_/X
 _1079_/X
 _1080_/X
 _1081_/X
 _1082_/X
 _1083_/X
 _1084_/X
 _1085_/X
 _1086_/Y
 _1087_/X
 _1088_/X
 _1089_/X
 _1090_/X
 _1091_/X
 _1092_/X
 _1093_/X
 _1094_/X
 _1095_/X
 _1096_/X
 _1097_/X
 _1098_/X
 _1099_/X
 _1100_/X
 _1101_/X
 _1102_/X
 _1103_/Y
 _1104_/Y
 _1105_/X
 _1106_/X
 _1107_/X
 _1108_/X
 _1109_/X
 _1110_/X
 _1111_/X
 _1112_/X
 _1113_/X
 _1114_/X
 _1115_/X
 _1116_/X
 _1117_/X
 _1118_/X
 _1119_/X
 _1120_/X
 _1121_/Y
 _1122_/X
 _1123_/X
 _1124_/X
 _1125_/X
 _1126_/X
 _1127_/X
 _1128_/X
 _1129_/X
 _1130_/X
 _1131_/X
 _1132_/X
 _1133_/X
 _1134_/X
 _1135_/X
 _1136_/X
 _1137_/X
 _1138_/X
 _1139_/X
 _1140_/Y
 _1141_/X
 _1142_/X
 _1143_/X
 _1144_/X
 _1145_/X
 _1146_/X
 _1147_/X
 _1148_/X
 _1149_/X
 _1150_/X
 _1151_/X
 _1152_/X
 _1153_/X
 _1154_/X
 _1155_/X
 _1156_/X
 _1157_/Y
 _1158_/X
 _1159_/X
 _1160_/X
 _1161_/X
 _1162_/X
 _1163_/X
 _1164_/X
 _1165_/X
 _1166_/X
 _1167_/X
 _1168_/X
 _1169_/X
 _1170_/X
 _1171_/X
 _1172_/X
 _1173_/X
 _1174_/Y
 _1175_/X
 _1176_/X
 _1177_/X
 _1178_/X
 _1179_/X
 _1180_/X
 _1181_/X
 _1182_/X
 _1183_/X
 _1184_/X
 _1185_/X
 _1186_/X
 _1187_/X
 _1188_/X
 _1189_/X
 _1190_/X
 _1191_/X
 _1192_/X
 _1193_/X
 _1194_/X
 _1195_/X
 _1196_/X
 _1197_/X
 _1198_/X
 _1199_/X
 _1200_/X
 _1201_/X
 _1202_/X
 _1203_/X
 _1204_/X
 _1205_/X
 _1206_/X
 _1207_/X
 _1208_/X
 _1209_/X
 _1210_/Y
 _1211_/X
 _1212_/X
 _1213_/X
 _1214_/X
 _1215_/X
 _1216_/X
 _1217_/X
 _1218_/X
 _1219_/X
 _1220_/X
 _1221_/X
 _1222_/X
 _1223_/X
 _1224_/X
 _1225_/X
 _1226_/X
 _1227_/Y
 _1228_/X
 _1229_/X
 _1230_/X
 _1231_/X
 _1232_/X
 _1233_/X
 _1234_/X
 _1235_/X
 _1236_/X
 _1237_/X
 _1238_/X
 _1239_/X
 _1240_/X
 _1241_/X
 _1242_/X
 _1243_/X
 _1244_/Y
 _1245_/X
 _1246_/X
 _1247_/X
 _1248_/X
 _1249_/X
 _1250_/X
 _1251_/X
 _1252_/X
 _1253_/X
 _1254_/X
 _1255_/X
 _1256_/X
 _1257_/X
 _1258_/X
 _1259_/X
 _1260_/X
 _1261_/X
 _1262_/X
 _1263_/X
 _1264_/X
 _1265_/X
 _1266_/X
 _1267_/X
 _1268_/X
 _1269_/X
 _1270_/X
 _1271_/X
 _1272_/X
 _1273_/X
 _1274_/X
 _1275_/X
 _1276_/X
 _1277_/X
 _1278_/X
 _1279_/Y
 _1280_/X
 _1281_/X
 _1282_/X
 _1283_/X
 _1284_/X
 _1285_/X
 _1286_/X
 _1287_/X
 _1288_/X
 _1289_/X
 _1290_/X
 _1291_/X
 _1292_/X
 _1293_/X
 _1294_/X
 _1295_/X
 _1296_/X
 _1297_/X
 _1298_/X
 _1299_/X
 _1300_/X
 _1301_/X
 _1302_/X
 _1303_/X
 _1304_/X
 _1305_/X
 _1306_/X
 _1307_/X
 _1308_/X
 _1309_/X
 _1310_/X
 _1311_/X
 _1312_/X
 _1313_/X
 _1314_/X
 _1315_/X
 _1316_/X
 _1317_/X
 _1318_/X
 _1319_/X
 _1320_/X
 _1321_/X
 _1322_/X
 _1323_/X
 _1324_/X
 _1325_/X
 _1326_/X
 _1327_/X
 _1328_/X
 _1329_/X
 _1330_/Q
 _1331_/Q
 _1332_/Q
 _1333_/Q
 _1334_/Q
 _1335_/Q
 _1336_/Q
 _1337_/Q
 _1338_/Q
 _1339_/Q
 _1340_/Q
 _1341_/Q
 _1342_/Q
 _1343_/Q
 _1344_/Q
 _1345_/Q
 _1346_/Q
 _1347_/Q
 _1348_/Q
 _1349_/Q
 _1350_/Q
 _1351_/Q
 _1352_/Q
 _1353_/Q
 _1354_/Q
 _1355_/Q
 _1356_/Q
 _1357_/Q
 _1358_/Q
 _1359_/Q
 _1360_/Q
 _1361_/Q
 _1362_/Q
 _1363_/Q
 _1364_/Q
 _1365_/Q
 _1366_/Q
 _1367_/Q
 _1368_/Q
 _1369_/Q
 _1370_/Q
 _1371_/Q
 _1372_/Q
 _1373_/Q
 _1374_/Q
 _1375_/Q
 _1376_/Q
 _1377_/Q
 _1378_/Q
 _1379_/Q
 _1380_/Q
 _1381_/Q
 _1382_/Q
 _1383_/Q
 _1384_/Q
 _1385_/Q
 _1386_/Q
 _1387_/Q
 _1388_/Q
 _1389_/Q
 _1390_/Q
 _1391_/Q
 _1392_/Q
 _1393_/Q
 _1394_/Q
 _1395_/Q
 _1396_/Q
 _1397_/Q
 _1398_/Q
 _1399_/Q
 _1400_/Q
 _1401_/Q
 _1402_/Q
 _1403_/Q
 _1404_/Q
 _1405_/Q
 _1406_/Q
 _1407_/Q
 _1408_/Q
 _1409_/Q
 _1410_/Q
 _1411_/Q
 _1412_/Q
 _1413_/Q
 _1414_/Q
 _1415_/Q
 _1416_/Q
 _1417_/Q
 _1418_/Q
 _1419_/Q
 _1420_/Q
 _1421_/Q
 _1422_/Q
 _1423_/Q
 _1424_/Q
 _1425_/Q
 _1426_/Q
 _1427_/Q
 _1428_/Q
 _1429_/Q
 _1430_/Q
 _1431_/Q
 _1432_/Q
 _1433_/Q
 _1434_/Q
 _1435_/Q
 _1436_/Q
 _1437_/Q
 _1438_/Q
 _1439_/Q
 _1440_/Q
 _1441_/Q
 _1442_/Q
 _1443_/Q
 _1444_/Q
 _1445_/Q
 _1446_/Q
 _1447_/Q
 _1448_/Q
 _1449_/Q
 _1450_/Q
 _1451_/Q
 _1452_/Q
 _1453_/Q
 _1454_/Q
 _1455_/Q
 _1456_/Q
 _1457_/Q
 _1458_/Q
 _1459_/Q
 _1460_/Q
 _1461_/Q
 _1462_/Q
 _1463_/Q
 _1464_/Q
 _1465_/Q
 _1466_/Q
 _1467_/Q
 _1468_/Q
 _1469_/Q
 _1470_/Q
 _1471_/Q
 _1472_/Q
 _1473_/Q
 _1474_/Q
 _1475_/Q
 _1476_/Q
 _1477_/Q
 _1478_/Q
 _1479_/Q
 _1480_/Q
 _1481_/Q
 _1482_/Q
 _1483_/Q
 _1484_/Q
 _1485_/Q
 _1486_/Q
 _1487_/Q
 _1488_/Q
 _1489_/Q
 _1490_/Q
 _1491_/Q
 _1492_/Q
 _1493_/Q
 _1494_/Q
 _1495_/Q
 _1496_/Q
 _1497_/Q
 _1498_/Q
 _1499_/Q
 _1500_/Q
 _1501_/Q
 _1502_/Q
 _1503_/Q
 _1504_/Q
 _1505_/Q
 _1506_/Q
 _1507_/Q
Found 0 partially unannotated drivers.

===========================================================================
max slew violation count 0
max fanout violation count 14
max cap violation count 1
============================================================================

===========================================================================
check_setup -verbose -unconstrained_endpoints -multiple_clock -no_clock -no_input_delay -loops -generated_clocks
===========================================================================
Warning: There are 29 unclocked register/latch pins.
  _1330_/CLK
  _1331_/CLK
  _1332_/CLK
  _1333_/CLK
  _1334_/CLK
  _1335_/CLK
  _1336_/CLK
  _1337_/CLK
  _1434_/CLK
  _1443_/CLK
  _1444_/CLK
  _1445_/CLK
  _1446_/CLK
  _1447_/CLK
  _1448_/CLK
  _1449_/CLK
  _1450_/CLK
  _1451_/CLK
  _1452_/CLK
  _1472_/CLK
  _1473_/CLK
  _1474_/CLK
  _1475_/CLK
  _1476_/CLK
  _1477_/CLK
  _1478_/CLK
  _1479_/CLK
  _1480_/CLK
  _1481_/CLK
Warning: There are 44 unconstrained endpoints.
  aempty
  empty
  rd_data[0]
  rd_data[1]
  rd_data[2]
  rd_data[3]
  rd_data[4]
  rd_data[5]
  rd_data[6]
  rd_data[7]
  _1330_/D
  _1331_/D
  _1332_/D
  _1333_/D
  _1334_/D
  _1335_/D
  _1336_/D
  _1337_/D
  _1434_/D
  _1443_/D
  _1444_/D
  _1445_/D
  _1446_/D
  _1447_/D
  _1448_/D
  _1449_/D
  _1450_/D
  _1451_/D
  _1452_/D
  _1472_/D
  _1473_/D
  _1474_/D
  _1475_/D
  _1476_/D
  _1477_/D
  _1478_/D
  _1479_/D
  _1480_/D
  _1481_/D
  _1482_/D
  _1483_/D
  _1484_/D
  _1485_/D
  _1486_/D
