Reading OpenROAD database at '/home/angesh/async_fifo/runs/fifo_pd/93-odb-reportdisconnectedpins/async_fifo.odb'…
Reading library file at '/home/angesh/.volare/volare/sky130/versions/0fe599b2afb6708d281543108caf8310912f54af/sky130A/libs.ref/sky130_fd_sc_hd/lib/sky130_fd_sc_hd__tt_025C_1v80.lib'…
Reading design constraints file at '/nix/store/h0ldzjka94yryiq8yxbxmwargpnmwhx6-python3-3.11.9-env/lib/python3.11/site-packages/openlane/scripts/base.sdc'…
[INFO] Using clock wr_clk…
[INFO] Setting output delay to: 2.0
[INFO] Setting input delay to: 2.0
[INFO] Setting load to: 0.033442
[INFO] Setting clock uncertainty to: 0.25
[INFO] Setting clock transition to: 0.1499999999999999944488848768742172978818416595458984375
[INFO] Setting timing derate to: 5%
sky130_ef_sc_hd__decap_12 sky130_fd_sc_hd__decap_8 sky130_fd_sc_hd__decap_6 sky130_fd_sc_hd__decap_4 sky130_fd_sc_hd__decap_3 sky130_fd_sc_hd__fill*
[INFO DPL-0001] Placed 1166 filler instances.
Setting global connections for newly added cells…
[INFO] Setting global connections...
Updating metrics…
Cell type report:                       Count       Area
  Fill cell                              1268    9447.81
  Tap cell                                265     331.57
  Clock buffer                             22     301.54
  Timing Repair Buffer                    209    1711.64
  Inverter                                  9      33.78
  Clock inverter                           10     110.11
  Sequential cell                         178    3827.42
  Multi-Input combinational cell          318    3698.55
  Total                                  2279   19462.42
Writing OpenROAD database to '/home/angesh/async_fifo/runs/fifo_pd/97-openroad-fillinsertion/async_fifo.odb'…
Writing netlist to '/home/angesh/async_fifo/runs/fifo_pd/97-openroad-fillinsertion/async_fifo.nl.v'…
Writing powered netlist to '/home/angesh/async_fifo/runs/fifo_pd/97-openroad-fillinsertion/async_fifo.pnl.v'…
Writing layout to '/home/angesh/async_fifo/runs/fifo_pd/97-openroad-fillinsertion/async_fifo.def'…
Writing timing constraints to '/home/angesh/async_fifo/runs/fifo_pd/97-openroad-fillinsertion/async_fifo.sdc'…
