
===========================================================================
 report_power
============================================================================
======================= nom_tt_025C_1v80 Corner ===================================

Group                    Internal    Switching      Leakage        Total
                            Power        Power        Power        Power (Watts)
------------------------------------------------------------------------
Sequential           1.017628e-03 2.814021e-04 1.620437e-09 1.299032e-03  52.5%
Combinational        8.418185e-04 3.354434e-04 1.414903e-09 1.177263e-03  47.5%
Clock                0.000000e+00 0.000000e+00 0.000000e+00 0.000000e+00   0.0%
Macro                0.000000e+00 0.000000e+00 0.000000e+00 0.000000e+00   0.0%
Pad                  0.000000e+00 0.000000e+00 0.000000e+00 0.000000e+00   0.0%
------------------------------------------------------------------------
Total                1.859449e-03 6.168451e-04 3.035341e-09 2.476297e-03 100.0%
                            75.1%        24.9%         0.0%

