
===========================================================================
report_checks -unconstrained
===========================================================================
======================= nom_ss_100C_1v60 Corner ===================================

Startpoint: arst_n (input port clocked by wr_clk)
Endpoint: _881_ (recovery check against rising-edge clock wr_clk)
Path Group: asynchronous
Path Type: max

Fanout         Cap        Slew       Delay        Time   Description
---------------------------------------------------------------------------------------------
                      0.150000    0.000000    0.000000   clock wr_clk (rise edge)
                                  0.000000    0.000000   clock network delay (ideal)
                                  2.000000    2.000000 ^ input external delay
    50    0.163166    1.172122    0.818662    2.818662 ^ arst_n (in)
                                                         arst_n (net)
                      1.172122    0.000000    2.818662 ^ _881_/RESET_B (sky130_fd_sc_hd__dfrtp_2)
                                              2.818662   data arrival time

                      0.150000   10.000000   10.000000   clock wr_clk (rise edge)
                                  0.000000   10.000000   clock network delay (ideal)
                                 -0.250000    9.750000   clock uncertainty
                                  0.000000    9.750000   clock reconvergence pessimism
                                              9.750000 ^ _881_/CLK (sky130_fd_sc_hd__dfrtp_2)
                                  0.002896    9.752896   library recovery time
                                              9.752896   data required time
---------------------------------------------------------------------------------------------
                                              9.752896   data required time
                                             -2.818662   data arrival time
---------------------------------------------------------------------------------------------
                                              6.934234   slack (MET)


Startpoint: wr_en (input port clocked by wr_clk)
Endpoint: _881_ (rising edge-triggered flip-flop clocked by wr_clk)
Path Group: wr_clk
Path Type: max

Fanout         Cap        Slew       Delay        Time   Description
---------------------------------------------------------------------------------------------
                      0.150000    0.000000    0.000000   clock wr_clk (rise edge)
                                  0.000000    0.000000   clock network delay (ideal)
                                  2.000000    2.000000 ^ input external delay
     5    0.011016    0.090416    0.057374    2.057374 ^ wr_en (in)
                                                         wr_en (net)
                      0.090416    0.000000    2.057374 ^ _505_/B (sky130_fd_sc_hd__and3_2)
    12    0.028954    0.270063    0.531968    2.589342 ^ _505_/X (sky130_fd_sc_hd__and3_2)
                                                         _271_ (net)
                      0.270063    0.000000    2.589342 ^ _512_/C (sky130_fd_sc_hd__and3_2)
     2    0.009299    0.132297    0.477312    3.066654 ^ _512_/X (sky130_fd_sc_hd__and3_2)
                                                         _276_ (net)
                      0.132297    0.000000    3.066654 ^ _518_/B (sky130_fd_sc_hd__nand2_2)
    12    0.038914    0.354407    0.329758    3.396413 v _518_/Y (sky130_fd_sc_hd__nand2_2)
                                                         _279_ (net)
                      0.354407    0.000000    3.396413 v _525_/B1 (sky130_fd_sc_hd__a2bb2o_2)
     1    0.004118    0.087909    0.627574    4.023987 v _525_/X (sky130_fd_sc_hd__a2bb2o_2)
                                                         _284_ (net)
                      0.087909    0.000000    4.023987 v _526_/D1 (sky130_fd_sc_hd__a2111oi_2)
     1    0.001460    0.364783    0.310277    4.334264 ^ _526_/Y (sky130_fd_sc_hd__a2111oi_2)
                                                         _285_ (net)
                      0.364783    0.000000    4.334264 ^ _527_/B (sky130_fd_sc_hd__and2_2)
     1    0.001853    0.063431    0.356558    4.690822 ^ _527_/X (sky130_fd_sc_hd__and2_2)
                                                         full_next (net)
                      0.063431    0.000000    4.690822 ^ _881_/D (sky130_fd_sc_hd__dfrtp_2)
                                              4.690822   data arrival time

                      0.150000   10.000000   10.000000   clock wr_clk (rise edge)
                                  0.000000   10.000000   clock network delay (ideal)
                                 -0.250000    9.750000   clock uncertainty
                                  0.000000    9.750000   clock reconvergence pessimism
                                              9.750000 ^ _881_/CLK (sky130_fd_sc_hd__dfrtp_2)
                                 -0.122618    9.627382   library setup time
                                              9.627382   data required time
---------------------------------------------------------------------------------------------
                                              9.627382   data required time
                                             -4.690822   data arrival time
---------------------------------------------------------------------------------------------
                                              4.936560   slack (MET)




===========================================================================
report_checks --slack_max -0.01
============================================================================
======================= nom_ss_100C_1v60 Corner ===================================

No paths found.


===========================================================================
 report_check_types -max_slew -max_cap -max_fanout -violators
============================================================================
======================= nom_ss_100C_1v60 Corner ===================================

max slew

Pin                                        Limit        Slew       Slack
------------------------------------------------------------------------
_462_/C                                 0.750000    1.527700   -0.777700 (VIOLATED)
_463_/D                                 0.750000    1.527700   -0.777700 (VIOLATED)
_489_/B1                                0.750000    1.527700   -0.777700 (VIOLATED)
_492_/A3                                0.750000    1.527700   -0.777700 (VIOLATED)
_495_/A4                                0.750000    1.527700   -0.777700 (VIOLATED)
_529_/A                                 0.750000    1.527700   -0.777700 (VIOLATED)
_530_/C                                 0.750000    1.527700   -0.777700 (VIOLATED)
_532_/A                                 0.750000    1.527700   -0.777700 (VIOLATED)
_533_/A1                                0.750000    1.527700   -0.777700 (VIOLATED)
_535_/A1                                0.750000    1.527700   -0.777700 (VIOLATED)
_556_/S0                                0.750000    1.527700   -0.777700 (VIOLATED)
_557_/S0                                0.750000    1.527700   -0.777700 (VIOLATED)
_558_/S0                                0.750000    1.527700   -0.777700 (VIOLATED)
_559_/S0                                0.750000    1.527700   -0.777700 (VIOLATED)
_562_/S0                                0.750000    1.527700   -0.777700 (VIOLATED)
_563_/S0                                0.750000    1.527700   -0.777700 (VIOLATED)
_565_/S0                                0.750000    1.527700   -0.777700 (VIOLATED)
_566_/S0                                0.750000    1.527700   -0.777700 (VIOLATED)
_570_/S0                                0.750000    1.527700   -0.777700 (VIOLATED)
_571_/S0                                0.750000    1.527700   -0.777700 (VIOLATED)
_572_/S0                                0.750000    1.527700   -0.777700 (VIOLATED)
_573_/S0                                0.750000    1.527700   -0.777700 (VIOLATED)
_576_/S0                                0.750000    1.527700   -0.777700 (VIOLATED)
_577_/S0                                0.750000    1.527700   -0.777700 (VIOLATED)
_579_/S0                                0.750000    1.527700   -0.777700 (VIOLATED)
_580_/S0                                0.750000    1.527700   -0.777700 (VIOLATED)
_584_/S0                                0.750000    1.527700   -0.777700 (VIOLATED)
_585_/S0                                0.750000    1.527700   -0.777700 (VIOLATED)
_587_/S0                                0.750000    1.527700   -0.777700 (VIOLATED)
_588_/S0                                0.750000    1.527700   -0.777700 (VIOLATED)
_592_/S0                                0.750000    1.527700   -0.777700 (VIOLATED)
_593_/S0                                0.750000    1.527700   -0.777700 (VIOLATED)
_594_/S0                                0.750000    1.527700   -0.777700 (VIOLATED)
_595_/S0                                0.750000    1.527700   -0.777700 (VIOLATED)
_598_/S0                                0.750000    1.527700   -0.777700 (VIOLATED)
_599_/S0                                0.750000    1.527700   -0.777700 (VIOLATED)
_600_/S0                                0.750000    1.527700   -0.777700 (VIOLATED)
_601_/S0                                0.750000    1.527700   -0.777700 (VIOLATED)
_604_/S0                                0.750000    1.527700   -0.777700 (VIOLATED)
_605_/S0                                0.750000    1.527700   -0.777700 (VIOLATED)
_608_/S0                                0.750000    1.527700   -0.777700 (VIOLATED)
_609_/S0                                0.750000    1.527700   -0.777700 (VIOLATED)
_872_/Q                                 0.750000    1.527700   -0.777700 (VIOLATED)
arst_n                                  0.750000    1.172122   -0.422122 (VIOLATED)
_758_/RESET_B                           0.750000    1.172122   -0.422122 (VIOLATED)
_759_/RESET_B                           0.750000    1.172122   -0.422122 (VIOLATED)
_760_/RESET_B                           0.750000    1.172122   -0.422122 (VIOLATED)
_761_/RESET_B                           0.750000    1.172122   -0.422122 (VIOLATED)
_762_/RESET_B                           0.750000    1.172122   -0.422122 (VIOLATED)
_763_/RESET_B                           0.750000    1.172122   -0.422122 (VIOLATED)
_764_/RESET_B                           0.750000    1.172122   -0.422122 (VIOLATED)
_765_/RESET_B                           0.750000    1.172122   -0.422122 (VIOLATED)
_862_/SET_B                             0.750000    1.172122   -0.422122 (VIOLATED)
_871_/SET_B                             0.750000    1.172122   -0.422122 (VIOLATED)
_872_/RESET_B                           0.750000    1.172122   -0.422122 (VIOLATED)
_873_/RESET_B                           0.750000    1.172122   -0.422122 (VIOLATED)
_874_/RESET_B                           0.750000    1.172122   -0.422122 (VIOLATED)
_875_/RESET_B                           0.750000    1.172122   -0.422122 (VIOLATED)
_876_/RESET_B                           0.750000    1.172122   -0.422122 (VIOLATED)
_877_/RESET_B                           0.750000    1.172122   -0.422122 (VIOLATED)
_878_/RESET_B                           0.750000    1.172122   -0.422122 (VIOLATED)
_879_/RESET_B                           0.750000    1.172122   -0.422122 (VIOLATED)
_880_/RESET_B                           0.750000    1.172122   -0.422122 (VIOLATED)
_881_/RESET_B                           0.750000    1.172122   -0.422122 (VIOLATED)
_882_/RESET_B                           0.750000    1.172122   -0.422122 (VIOLATED)
_883_/RESET_B                           0.750000    1.172122   -0.422122 (VIOLATED)
_884_/RESET_B                           0.750000    1.172122   -0.422122 (VIOLATED)
_885_/RESET_B                           0.750000    1.172122   -0.422122 (VIOLATED)
_886_/RESET_B                           0.750000    1.172122   -0.422122 (VIOLATED)
_887_/RESET_B                           0.750000    1.172122   -0.422122 (VIOLATED)
_896_/RESET_B                           0.750000    1.172122   -0.422122 (VIOLATED)
_897_/RESET_B                           0.750000    1.172122   -0.422122 (VIOLATED)
_898_/RESET_B                           0.750000    1.172122   -0.422122 (VIOLATED)
_899_/RESET_B                           0.750000    1.172122   -0.422122 (VIOLATED)
_900_/RESET_B                           0.750000    1.172122   -0.422122 (VIOLATED)
_901_/RESET_B                           0.750000    1.172122   -0.422122 (VIOLATED)
_902_/RESET_B                           0.750000    1.172122   -0.422122 (VIOLATED)
_903_/RESET_B                           0.750000    1.172122   -0.422122 (VIOLATED)
_904_/RESET_B                           0.750000    1.172122   -0.422122 (VIOLATED)
_905_/RESET_B                           0.750000    1.172122   -0.422122 (VIOLATED)
_906_/RESET_B                           0.750000    1.172122   -0.422122 (VIOLATED)
_907_/RESET_B                           0.750000    1.172122   -0.422122 (VIOLATED)
_908_/RESET_B                           0.750000    1.172122   -0.422122 (VIOLATED)
_909_/RESET_B                           0.750000    1.172122   -0.422122 (VIOLATED)
_910_/RESET_B                           0.750000    1.172122   -0.422122 (VIOLATED)
_911_/RESET_B                           0.750000    1.172122   -0.422122 (VIOLATED)
_912_/RESET_B                           0.750000    1.172122   -0.422122 (VIOLATED)
_913_/RESET_B                           0.750000    1.172122   -0.422122 (VIOLATED)
_914_/RESET_B                           0.750000    1.172122   -0.422122 (VIOLATED)
_915_/RESET_B                           0.750000    1.172122   -0.422122 (VIOLATED)
_916_/RESET_B                           0.750000    1.172122   -0.422122 (VIOLATED)
_917_/RESET_B                           0.750000    1.172122   -0.422122 (VIOLATED)
_918_/RESET_B                           0.750000    1.172122   -0.422122 (VIOLATED)
_919_/RESET_B                           0.750000    1.172122   -0.422122 (VIOLATED)
_458_/C                                 0.750000    0.954678   -0.204678 (VIOLATED)
_459_/A_N                               0.750000    0.954678   -0.204678 (VIOLATED)
_532_/B                                 0.750000    0.954678   -0.204678 (VIOLATED)
_533_/B1                                0.750000    0.954678   -0.204678 (VIOLATED)
_535_/A2                                0.750000    0.954678   -0.204678 (VIOLATED)
_541_/A                                 0.750000    0.954678   -0.204678 (VIOLATED)
_545_/A1                                0.750000    0.954678   -0.204678 (VIOLATED)
_556_/S1                                0.750000    0.954678   -0.204678 (VIOLATED)
_557_/S1                                0.750000    0.954678   -0.204678 (VIOLATED)
_558_/S1                                0.750000    0.954678   -0.204678 (VIOLATED)
_559_/S1                                0.750000    0.954678   -0.204678 (VIOLATED)
_562_/S1                                0.750000    0.954678   -0.204678 (VIOLATED)
_563_/S1                                0.750000    0.954678   -0.204678 (VIOLATED)
_565_/S1                                0.750000    0.954678   -0.204678 (VIOLATED)
_566_/S1                                0.750000    0.954678   -0.204678 (VIOLATED)
_570_/S1                                0.750000    0.954678   -0.204678 (VIOLATED)
_571_/S1                                0.750000    0.954678   -0.204678 (VIOLATED)
_572_/S1                                0.750000    0.954678   -0.204678 (VIOLATED)
_573_/S1                                0.750000    0.954678   -0.204678 (VIOLATED)
_576_/S1                                0.750000    0.954678   -0.204678 (VIOLATED)
_577_/S1                                0.750000    0.954678   -0.204678 (VIOLATED)
_579_/S1                                0.750000    0.954678   -0.204678 (VIOLATED)
_580_/S1                                0.750000    0.954678   -0.204678 (VIOLATED)
_584_/S1                                0.750000    0.954678   -0.204678 (VIOLATED)
_585_/S1                                0.750000    0.954678   -0.204678 (VIOLATED)
_587_/S1                                0.750000    0.954678   -0.204678 (VIOLATED)
_588_/S1                                0.750000    0.954678   -0.204678 (VIOLATED)
_592_/S1                                0.750000    0.954678   -0.204678 (VIOLATED)
_593_/S1                                0.750000    0.954678   -0.204678 (VIOLATED)
_594_/S1                                0.750000    0.954678   -0.204678 (VIOLATED)
_595_/S1                                0.750000    0.954678   -0.204678 (VIOLATED)
_598_/S1                                0.750000    0.954678   -0.204678 (VIOLATED)
_599_/S1                                0.750000    0.954678   -0.204678 (VIOLATED)
_600_/S1                                0.750000    0.954678   -0.204678 (VIOLATED)
_601_/S1                                0.750000    0.954678   -0.204678 (VIOLATED)
_604_/S1                                0.750000    0.954678   -0.204678 (VIOLATED)
_605_/S1                                0.750000    0.954678   -0.204678 (VIOLATED)
_608_/S1                                0.750000    0.954678   -0.204678 (VIOLATED)
_609_/S1                                0.750000    0.954678   -0.204678 (VIOLATED)
_873_/Q                                 0.750000    0.954678   -0.204678 (VIOLATED)
_669_/Y                                 0.750000    0.785061   -0.035061 (VIOLATED)
_670_/S                                 0.750000    0.785061   -0.035061 (VIOLATED)
_671_/S                                 0.750000    0.785061   -0.035061 (VIOLATED)
_672_/S                                 0.750000    0.785061   -0.035061 (VIOLATED)
_673_/S                                 0.750000    0.785061   -0.035061 (VIOLATED)
_674_/S                                 0.750000    0.785061   -0.035061 (VIOLATED)
_675_/S                                 0.750000    0.785061   -0.035061 (VIOLATED)
_676_/S                                 0.750000    0.785061   -0.035061 (VIOLATED)
_677_/S                                 0.750000    0.785061   -0.035061 (VIOLATED)
_705_/Y                                 0.750000    0.785060   -0.035060 (VIOLATED)
_706_/S                                 0.750000    0.785060   -0.035060 (VIOLATED)
_707_/S                                 0.750000    0.785060   -0.035060 (VIOLATED)
_708_/S                                 0.750000    0.785060   -0.035060 (VIOLATED)
_709_/S                                 0.750000    0.785060   -0.035060 (VIOLATED)
_710_/S                                 0.750000    0.785060   -0.035060 (VIOLATED)
_711_/S                                 0.750000    0.785060   -0.035060 (VIOLATED)
_712_/S                                 0.750000    0.785060   -0.035060 (VIOLATED)
_713_/S                                 0.750000    0.785060   -0.035060 (VIOLATED)

max fanout

Pin                                   Limit Fanout  Slack
---------------------------------------------------------
arst_n                                   10     50    -40 (VIOLATED)
_872_/Q                                  10     42    -32 (VIOLATED)
_873_/Q                                  10     39    -29 (VIOLATED)
rd_clk                                   10     29    -19 (VIOLATED)
_885_/Q                                  10     22    -12 (VIOLATED)
_886_/Q                                  10     20    -10 (VIOLATED)
_875_/Q                                  10     17     -7 (VIOLATED)
wr_data[0]                               10     16     -6 (VIOLATED)
wr_data[1]                               10     16     -6 (VIOLATED)
wr_data[2]                               10     16     -6 (VIOLATED)
wr_data[3]                               10     16     -6 (VIOLATED)
wr_data[4]                               10     16     -6 (VIOLATED)
wr_data[5]                               10     16     -6 (VIOLATED)
wr_data[6]                               10     16     -6 (VIOLATED)
wr_data[7]                               10     16     -6 (VIOLATED)
_377_/Y                                  10     15     -5 (VIOLATED)
_528_/X                                  10     13     -3 (VIOLATED)
_505_/X                                  10     12     -2 (VIOLATED)
_518_/Y                                  10     12     -2 (VIOLATED)
_884_/Q                                  10     12     -2 (VIOLATED)
_458_/Y                                  10     11        (VIOLATED)

max capacitance

Pin                                        Limit         Cap       Slack
------------------------------------------------------------------------
_872_/Q                                 0.200000    0.207651   -0.007651 (VIOLATED)



===========================================================================
report_parasitic_annotation -report_unannotated
============================================================================
Found 591 unannotated drivers.
 aempty_threshold[0]
 aempty_threshold[1]
 aempty_threshold[2]
 aempty_threshold[3]
 aempty_threshold[4]
 afull_threshold[0]
 afull_threshold[1]
 afull_threshold[2]
 afull_threshold[3]
 afull_threshold[4]
 arst_n
 rd_clk
 rd_en
 wr_clk
 wr_data[0]
 wr_data[1]
 wr_data[2]
 wr_data[3]
 wr_data[4]
 wr_data[5]
 wr_data[6]
 wr_data[7]
 wr_en
 _368_/Y
 _369_/Y
 _370_/Y
 _371_/Y
 _372_/Y
 _373_/Y
 _374_/Y
 _375_/Y
 _376_/Y
 _377_/Y
 _378_/Y
 _379_/Y
 _380_/Y
 _381_/X
 _382_/Y
 _383_/Y
 _384_/Y
 _385_/X
 _386_/X
 _387_/Y
 _388_/Y
 _389_/Y
 _390_/Y
 _391_/Y
 _392_/Y
 _393_/Y
 _394_/Y
 _395_/Y
 _396_/Y
 _397_/Y
 _398_/Y
 _399_/Y
 _400_/Y
 _401_/Y
 _402_/Y
 _403_/Y
 _404_/Y
 _405_/Y
 _406_/Y
 _407_/Y
 _408_/X
 _409_/Y
 _410_/Y
 _411_/X
 _412_/Y
 _413_/X
 _414_/Y
 _415_/Y
 _416_/Y
 _417_/Y
 _418_/Y
 _419_/Y
 _420_/Y
 _421_/Y
 _422_/Y
 _423_/Y
 _424_/Y
 _425_/Y
 _426_/Y
 _427_/Y
 _428_/Y
 _429_/Y
 _430_/Y
 _431_/Y
 _432_/X
 _433_/X
 _434_/Y
 _435_/Y
 _436_/Y
 _437_/Y
 _438_/Y
 _439_/X
 _440_/X
 _441_/X
 _442_/X
 _443_/Y
 _444_/Y
 _445_/Y
 _446_/Y
 _447_/X
 _448_/Y
 _449_/Y
 _450_/X
 _451_/X
 _452_/X
 _453_/Y
 _454_/Y
 _455_/Y
 _456_/Y
 _457_/Y
 _458_/Y
 _459_/Y
 _460_/Y
 _461_/Y
 _462_/Y
 _463_/Y
 _464_/X
 _465_/X
 _466_/Y
 _467_/Y
 _468_/Y
 _469_/Y
 _470_/Y
 _471_/Y
 _472_/Y
 _473_/Y
 _474_/Y
 _475_/X
 _476_/Y
 _477_/Y
 _478_/Y
 _479_/X
 _480_/Y
 _481_/X
 _482_/Y
 _483_/X
 _484_/X
 _485_/Y
 _486_/Y
 _487_/Y
 _488_/X
 _489_/X
 _490_/X
 _491_/Y
 _492_/X
 _493_/Y
 _494_/Y
 _495_/X
 _496_/Y
 _497_/X
 _498_/X
 _499_/Y
 _500_/Y
 _501_/Y
 _502_/Y
 _503_/Y
 _504_/Y
 _505_/X
 _506_/Y
 _507_/Y
 _508_/X
 _509_/Y
 _510_/Y
 _511_/Y
 _512_/X
 _513_/Y
 _514_/X
 _515_/Y
 _516_/X
 _517_/X
 _518_/Y
 _519_/X
 _520_/X
 _521_/Y
 _522_/Y
 _523_/X
 _524_/X
 _525_/X
 _526_/Y
 _527_/X
 _528_/X
 _529_/Y
 _530_/X
 _531_/Y
 _532_/X
 _533_/Y
 _534_/Y
 _535_/X
 _536_/Y
 _537_/X
 _538_/X
 _539_/X
 _540_/X
 _541_/Y
 _542_/X
 _543_/Y
 _544_/Y
 _545_/X
 _546_/Y
 _547_/Y
 _548_/X
 _549_/Y
 _550_/Y
 _551_/X
 _552_/X
 _553_/Y
 _554_/X
 _555_/X
 _556_/X
 _557_/X
 _558_/X
 _559_/X
 _560_/X
 _561_/X
 _562_/X
 _563_/X
 _564_/X
 _565_/X
 _566_/X
 _567_/X
 _568_/X
 _569_/X
 _570_/X
 _571_/X
 _572_/X
 _573_/X
 _574_/X
 _575_/X
 _576_/X
 _577_/X
 _578_/X
 _579_/X
 _580_/X
 _581_/X
 _582_/X
 _583_/X
 _584_/X
 _585_/X
 _586_/X
 _587_/X
 _588_/X
 _589_/X
 _590_/X
 _591_/X
 _592_/X
 _593_/X
 _594_/X
 _595_/X
 _596_/X
 _597_/X
 _598_/X
 _599_/X
 _600_/X
 _601_/X
 _602_/X
 _603_/X
 _604_/X
 _605_/X
 _606_/X
 _607_/X
 _608_/X
 _609_/X
 _610_/X
 _611_/X
 _612_/X
 _613_/X
 _614_/X
 _615_/X
 _616_/X
 _617_/X
 _618_/X
 _619_/X
 _620_/X
 _621_/X
 _622_/X
 _623_/X
 _624_/X
 _625_/X
 _626_/X
 _627_/X
 _628_/X
 _629_/X
 _630_/X
 _631_/X
 _632_/X
 _633_/X
 _634_/X
 _635_/X
 _636_/X
 _637_/X
 _638_/X
 _639_/X
 _640_/X
 _641_/X
 _642_/X
 _643_/X
 _644_/X
 _645_/X
 _646_/X
 _647_/X
 _648_/X
 _649_/X
 _650_/X
 _651_/X
 _652_/X
 _653_/X
 _654_/X
 _655_/X
 _656_/X
 _657_/X
 _658_/X
 _659_/X
 _660_/X
 _661_/X
 _662_/X
 _663_/X
 _664_/X
 _665_/X
 _666_/X
 _667_/X
 _668_/X
 _669_/Y
 _670_/X
 _671_/X
 _672_/X
 _673_/X
 _674_/X
 _675_/X
 _676_/X
 _677_/X
 _678_/X
 _679_/X
 _680_/X
 _681_/X
 _682_/X
 _683_/X
 _684_/X
 _685_/X
 _686_/X
 _687_/X
 _688_/X
 _689_/X
 _690_/X
 _691_/X
 _692_/X
 _693_/X
 _694_/X
 _695_/X
 _696_/X
 _697_/X
 _698_/X
 _699_/X
 _700_/X
 _701_/X
 _702_/X
 _703_/X
 _704_/X
 _705_/Y
 _706_/X
 _707_/X
 _708_/X
 _709_/X
 _710_/X
 _711_/X
 _712_/X
 _713_/X
 _714_/X
 _715_/X
 _716_/X
 _717_/X
 _718_/X
 _719_/X
 _720_/X
 _721_/X
 _722_/X
 _723_/X
 _724_/X
 _725_/X
 _726_/X
 _727_/X
 _728_/X
 _729_/X
 _730_/X
 _731_/X
 _732_/X
 _733_/X
 _734_/X
 _735_/X
 _736_/X
 _737_/X
 _738_/X
 _739_/X
 _740_/X
 _741_/X
 _742_/X
 _743_/X
 _744_/X
 _745_/X
 _746_/X
 _747_/X
 _748_/X
 _749_/X
 _750_/X
 _751_/X
 _752_/X
 _753_/X
 _754_/X
 _755_/X
 _756_/X
 _757_/X
 _758_/Q
 _759_/Q
 _760_/Q
 _761_/Q
 _762_/Q
 _763_/Q
 _764_/Q
 _765_/Q
 _766_/Q
 _767_/Q
 _768_/Q
 _769_/Q
 _770_/Q
 _771_/Q
 _772_/Q
 _773_/Q
 _774_/Q
 _775_/Q
 _776_/Q
 _777_/Q
 _778_/Q
 _779_/Q
 _780_/Q
 _781_/Q
 _782_/Q
 _783_/Q
 _784_/Q
 _785_/Q
 _786_/Q
 _787_/Q
 _788_/Q
 _789_/Q
 _790_/Q
 _791_/Q
 _792_/Q
 _793_/Q
 _794_/Q
 _795_/Q
 _796_/Q
 _797_/Q
 _798_/Q
 _799_/Q
 _800_/Q
 _801_/Q
 _802_/Q
 _803_/Q
 _804_/Q
 _805_/Q
 _806_/Q
 _807_/Q
 _808_/Q
 _809_/Q
 _810_/Q
 _811_/Q
 _812_/Q
 _813_/Q
 _814_/Q
 _815_/Q
 _816_/Q
 _817_/Q
 _818_/Q
 _819_/Q
 _820_/Q
 _821_/Q
 _822_/Q
 _823_/Q
 _824_/Q
 _825_/Q
 _826_/Q
 _827_/Q
 _828_/Q
 _829_/Q
 _830_/Q
 _831_/Q
 _832_/Q
 _833_/Q
 _834_/Q
 _835_/Q
 _836_/Q
 _837_/Q
 _838_/Q
 _839_/Q
 _840_/Q
 _841_/Q
 _842_/Q
 _843_/Q
 _844_/Q
 _845_/Q
 _846_/Q
 _847_/Q
 _848_/Q
 _849_/Q
 _850_/Q
 _851_/Q
 _852_/Q
 _853_/Q
 _854_/Q
 _855_/Q
 _856_/Q
 _857_/Q
 _858_/Q
 _859_/Q
 _860_/Q
 _861_/Q
 _862_/Q
 _863_/Q
 _864_/Q
 _865_/Q
 _866_/Q
 _867_/Q
 _868_/Q
 _869_/Q
 _870_/Q
 _871_/Q
 _872_/Q
 _873_/Q
 _874_/Q
 _875_/Q
 _876_/Q
 _877_/Q
 _878_/Q
 _879_/Q
 _880_/Q
 _881_/Q
 _882_/Q
 _883_/Q
 _884_/Q
 _885_/Q
 _886_/Q
 _887_/Q
 _888_/Q
 _889_/Q
 _890_/Q
 _891_/Q
 _892_/Q
 _893_/Q
 _894_/Q
 _895_/Q
 _896_/Q
 _897_/Q
 _898_/Q
 _899_/Q
 _900_/Q
 _901_/Q
 _902_/Q
 _903_/Q
 _904_/Q
 _905_/Q
 _906_/Q
 _907_/Q
 _908_/Q
 _909_/Q
 _910_/Q
 _911_/Q
 _912_/Q
 _913_/Q
 _914_/Q
 _915_/Q
 _916_/Q
 _917_/Q
 _918_/Q
 _919_/Q
 _920_/Q
 _921_/Q
 _922_/Q
 _923_/Q
 _924_/Q
 _925_/Q
 _926_/Q
 _927_/Q
 _928_/Q
 _929_/Q
 _930_/Q
 _931_/Q
 _932_/Q
 _933_/Q
 _934_/Q
 _935_/Q
Found 0 partially unannotated drivers.

===========================================================================
max slew violation count 152
max fanout violation count 21
max cap violation count 1
============================================================================

===========================================================================
check_setup -verbose -unconstrained_endpoints -multiple_clock -no_clock -no_input_delay -loops -generated_clocks
===========================================================================
Warning: There are 29 unclocked register/latch pins.
  _758_/CLK
  _759_/CLK
  _760_/CLK
  _761_/CLK
  _762_/CLK
  _763_/CLK
  _764_/CLK
  _765_/CLK
  _862_/CLK
  _871_/CLK
  _872_/CLK
  _873_/CLK
  _874_/CLK
  _875_/CLK
  _876_/CLK
  _877_/CLK
  _878_/CLK
  _879_/CLK
  _880_/CLK
  _900_/CLK
  _901_/CLK
  _902_/CLK
  _903_/CLK
  _904_/CLK
  _905_/CLK
  _906_/CLK
  _907_/CLK
  _908_/CLK
  _909_/CLK
Warning: There are 44 unconstrained endpoints.
  aempty
  empty
  rd_data[0]
  rd_data[1]
  rd_data[2]
  rd_data[3]
  rd_data[4]
  rd_data[5]
  rd_data[6]
  rd_data[7]
  _758_/D
  _759_/D
  _760_/D
  _761_/D
  _762_/D
  _763_/D
  _764_/D
  _765_/D
  _862_/D
  _871_/D
  _872_/D
  _873_/D
  _874_/D
  _875_/D
  _876_/D
  _877_/D
  _878_/D
  _879_/D
  _880_/D
  _900_/D
  _901_/D
  _902_/D
  _903_/D
  _904_/D
  _905_/D
  _906_/D
  _907_/D
  _908_/D
  _909_/D
  _910_/D
  _911_/D
  _912_/D
  _913_/D
  _914_/D
